Extracting support files...
01:18:15 **** Incremental Build of configuration RZA1H Debug for project r_sample_threadx ****
make -r -j12 all 
Building file: ../src/sample_threadx.c
../src/sample_threadx.c
Building target: r_sample_threadx.elf
arm-none-eabi-objcopy -O srec "r_sample_threadx.elf"  "r_sample_threadx.srec"
arm-none-eabi-size --format=berkeley "r_sample_threadx.elf"
   text	   data	    bss	    dec	    hex	filename
 145252	  10784	2670708	2826744	 2b21f8	r_sample_threadx.elf
Extracting support files...
01:26:43 **** Incremental Build of configuration Debug for project filex ****
make -r -j12 all 
Building file: ../common/src/fx_directory_attributes_read.c
Building file: ../common/src/fx_directory_attributes_set.c
Building file: ../common/src/fx_directory_create.c
Building file: ../common/src/fx_directory_default_get.c
../common/src/fx_directory_attributes_read.c
../common/src/fx_directory_attributes_set.c
../common/src/fx_directory_create.c
Building file: ../common/src/fx_directory_default_get_copy.c
Building file: ../common/src/fx_directory_default_set.c
../common/src/fx_directory_default_get.c
Building file: ../common/src/fx_directory_delete.c
Building file: ../common/src/fx_directory_entry_read.c
../common/src/fx_directory_default_get_copy.c
Building file: ../common/src/fx_directory_entry_write.c
../common/src/fx_directory_default_set.c
../common/src/fx_directory_entry_read.c
../common/src/fx_directory_delete.c
../common/src/fx_directory_entry_write.c
Building file: ../common/src/fx_directory_exFAT_entry_read.c
Building file: ../common/src/fx_directory_exFAT_entry_write.c
Building file: ../common/src/fx_directory_exFAT_free_search.c
../common/src/fx_directory_exFAT_entry_write.c
../common/src/fx_directory_exFAT_entry_read.c
../common/src/fx_directory_exFAT_free_search.c
Building file: ../common/src/fx_directory_exFAT_unicode_entry_write.c
../common/src/fx_directory_exFAT_unicode_entry_write.c
Building file: ../common/src/fx_directory_first_entry_find.c
Building file: ../common/src/fx_directory_first_full_entry_find.c
Building file: ../common/src/fx_directory_free_search.c
../common/src/fx_directory_first_entry_find.c
Building file: ../common/src/fx_directory_information_get.c
../common/src/fx_directory_first_full_entry_find.c
Building file: ../common/src/fx_directory_local_path_clear.c
../common/src/fx_directory_free_search.c
../common/src/fx_directory_information_get.c
Building file: ../common/src/fx_directory_local_path_get.c
../common/src/fx_directory_local_path_clear.c
../common/src/fx_directory_local_path_get.c
Building file: ../common/src/fx_directory_local_path_get_copy.c
Building file: ../common/src/fx_directory_local_path_restore.c
../common/src/fx_directory_local_path_get_copy.c
Building file: ../common/src/fx_directory_local_path_set.c
../common/src/fx_directory_local_path_restore.c
../common/src/fx_directory_local_path_set.c
Building file: ../common/src/fx_directory_long_name_get.c
Building file: ../common/src/fx_directory_long_name_get_extended.c
Building file: ../common/src/fx_directory_name_extract.c
../common/src/fx_directory_long_name_get.c
../common/src/fx_directory_long_name_get_extended.c
../common/src/fx_directory_name_extract.c
Building file: ../common/src/fx_directory_next_entry_find.c
Building file: ../common/src/fx_directory_name_test.c
Building file: ../common/src/fx_directory_next_full_entry_find.c
../common/src/fx_directory_next_entry_find.c
../common/src/fx_directory_name_test.c
../common/src/fx_directory_next_full_entry_find.c
Building file: ../common/src/fx_directory_rename.c
Building file: ../common/src/fx_directory_search.c
Building file: ../common/src/fx_directory_short_name_get.c
../common/src/fx_directory_rename.c
../common/src/fx_directory_search.c
../common/src/fx_directory_short_name_get.c
Building file: ../common/src/fx_directory_short_name_get_extended.c
Building file: ../common/src/fx_fault_tolerant_add_FAT_log.c
Building file: ../common/src/fx_fault_tolerant_add_bitmap_log.c
Building file: ../common/src/fx_fault_tolerant_add_checksum_log.c
../common/src/fx_directory_short_name_get_extended.c
../common/src/fx_fault_tolerant_add_FAT_log.c
Building file: ../common/src/fx_fault_tolerant_add_dir_log.c
../common/src/fx_fault_tolerant_add_bitmap_log.c
../common/src/fx_fault_tolerant_add_checksum_log.c
../common/src/fx_fault_tolerant_add_dir_log.c
Building file: ../common/src/fx_fault_tolerant_apply_logs.c
Building file: ../common/src/fx_fault_tolerant_calculate_checksum.c
../common/src/fx_fault_tolerant_apply_logs.c
../common/src/fx_fault_tolerant_calculate_checksum.c
Building file: ../common/src/fx_fault_tolerant_cleanup_FAT_chain.c
Building file: ../common/src/fx_fault_tolerant_create_log_file.c
../common/src/fx_fault_tolerant_cleanup_FAT_chain.c
Building file: ../common/src/fx_fault_tolerant_enable.c
Building file: ../common/src/fx_fault_tolerant_read_FAT.c
../common/src/fx_fault_tolerant_create_log_file.c
../common/src/fx_fault_tolerant_enable.c
Building file: ../common/src/fx_fault_tolerant_read_directory_sector.c
../common/src/fx_fault_tolerant_read_FAT.c
Building file: ../common/src/fx_fault_tolerant_read_log_file.c
Building file: ../common/src/fx_fault_tolerant_recover.c
Building file: ../common/src/fx_fault_tolerant_reset_log_file.c
../common/src/fx_fault_tolerant_read_directory_sector.c
../common/src/fx_fault_tolerant_read_log_file.c
../common/src/fx_fault_tolerant_recover.c
Building file: ../common/src/fx_fault_tolerant_set_FAT_chain.c
../common/src/fx_fault_tolerant_reset_log_file.c
../common/src/fx_fault_tolerant_set_FAT_chain.c
Building file: ../common/src/fx_fault_tolerant_transaction_end.c
Building file: ../common/src/fx_fault_tolerant_transaction_fail.c
../common/src/fx_fault_tolerant_transaction_end.c
Building file: ../common/src/fx_fault_tolerant_transaction_start.c
Building file: ../common/src/fx_fault_tolerant_write_log_file.c
../common/src/fx_fault_tolerant_transaction_fail.c
../common/src/fx_fault_tolerant_transaction_start.c
Building file: ../common/src/fx_file_allocate.c
../common/src/fx_fault_tolerant_write_log_file.c
../common/src/fx_file_allocate.c
Building file: ../common/src/fx_file_attributes_read.c
Building file: ../common/src/fx_file_attributes_set.c
Building file: ../common/src/fx_file_best_effort_allocate.c
../common/src/fx_file_attributes_read.c
../common/src/fx_file_best_effort_allocate.c
Building file: ../common/src/fx_file_close.c
../common/src/fx_file_attributes_set.c
Building file: ../common/src/fx_file_create.c
Building file: ../common/src/fx_file_date_time_set.c
../common/src/fx_file_create.c
../common/src/fx_file_close.c
Building file: ../common/src/fx_file_delete.c
../common/src/fx_file_date_time_set.c
Building file: ../common/src/fx_file_extended_allocate.c
../common/src/fx_file_delete.c
../common/src/fx_file_extended_allocate.c
Building file: ../common/src/fx_file_extended_best_effort_allocate.c
Building file: ../common/src/fx_file_extended_relative_seek.c
../common/src/fx_file_extended_best_effort_allocate.c
Building file: ../common/src/fx_file_extended_seek.c
../common/src/fx_file_extended_relative_seek.c
Building file: ../common/src/fx_file_extended_truncate.c
../common/src/fx_file_extended_seek.c
Building file: ../common/src/fx_file_extended_truncate_release.c
../common/src/fx_file_extended_truncate.c
Building file: ../common/src/fx_file_open.c
../common/src/fx_file_extended_truncate_release.c
Building file: ../common/src/fx_file_read.c
../common/src/fx_file_open.c
../common/src/fx_file_read.c
Building file: ../common/src/fx_file_relative_seek.c
../common/src/fx_file_relative_seek.c
Building file: ../common/src/fx_file_rename.c
Building file: ../common/src/fx_file_seek.c
../common/src/fx_file_rename.c
Building file: ../common/src/fx_file_truncate.c
../common/src/fx_file_seek.c
../common/src/fx_file_truncate.c
Building file: ../common/src/fx_file_truncate_release.c
../common/src/fx_file_truncate_release.c
Building file: ../common/src/fx_file_write.c
Building file: ../common/src/fx_file_write_notify_set.c
../common/src/fx_file_write.c
../common/src/fx_file_write_notify_set.c
Building file: ../common/src/fx_media_abort.c
Building file: ../common/src/fx_media_boot_info_extract.c
Building file: ../common/src/fx_media_cache_invalidate.c
Building file: ../common/src/fx_media_check.c
../common/src/fx_media_abort.c
Building file: ../common/src/fx_media_check_lost_cluster_check.c
../common/src/fx_media_boot_info_extract.c
Building file: ../common/src/fx_media_check_FAT_chain_check.c
Building file: ../common/src/fx_media_close.c
../common/src/fx_media_cache_invalidate.c
../common/src/fx_media_check.c
Building file: ../common/src/fx_media_close_notify_set.c
../common/src/fx_media_check_FAT_chain_check.c
../common/src/fx_media_check_lost_cluster_check.c
Building file: ../common/src/fx_media_exFAT_format.c
../common/src/fx_media_close.c
../common/src/fx_media_close_notify_set.c
../common/src/fx_media_exFAT_format.c
Building file: ../common/src/fx_media_extended_space_available.c
Building file: ../common/src/fx_media_flush.c
Building file: ../common/src/fx_media_format.c
../common/src/fx_media_extended_space_available.c
../common/src/fx_media_flush.c
Building file: ../common/src/fx_media_format_oem_name_set.c
Building file: ../common/src/fx_media_format_type_set.c
../common/src/fx_media_format.c
Building file: ../common/src/fx_media_format_volume_id_set.c
Building file: ../common/src/fx_media_open.c
../common/src/fx_media_format_oem_name_set.c
../common/src/fx_media_format_type_set.c
../common/src/fx_media_format_volume_id_set.c
Building file: ../common/src/fx_media_open_notify_set.c
../common/src/fx_media_open.c
../common/src/fx_media_open_notify_set.c
Building file: ../common/src/fx_media_read.c
Building file: ../common/src/fx_media_space_available.c
../common/src/fx_media_read.c
../common/src/fx_media_space_available.c
Building file: ../common/src/fx_media_volume_get.c
Building file: ../common/src/fx_media_volume_get_extended.c
Building file: ../common/src/fx_media_volume_set.c
Building file: ../common/src/fx_media_write.c
../common/src/fx_media_volume_get.c
../common/src/fx_media_volume_get_extended.c
../common/src/fx_media_volume_set.c
../common/src/fx_media_write.c
Building file: ../common/src/fx_partition_offset_calculate.c
../common/src/fx_partition_offset_calculate.c
Building file: ../common/src/fx_ram_driver.c
Building file: ../common/src/fx_system_date_get.c
../common/src/fx_ram_driver.c
Building file: ../common/src/fx_system_date_set.c
Building file: ../common/src/fx_system_initialize.c
../common/src/fx_system_date_get.c
../common/src/fx_system_date_set.c
../common/src/fx_system_initialize.c
Building file: ../common/src/fx_system_time_get.c
Building file: ../common/src/fx_system_time_set.c
../common/src/fx_system_time_set.c
../common/src/fx_system_time_get.c
Building file: ../common/src/fx_system_timer_entry.c
Building file: ../common/src/fx_trace_event_insert.c
../common/src/fx_system_timer_entry.c
../common/src/fx_trace_event_insert.c
Building file: ../common/src/fx_trace_event_update.c
Building file: ../common/src/fx_trace_object_register.c
Building file: ../common/src/fx_trace_object_unregister.c
../common/src/fx_trace_event_update.c
../common/src/fx_trace_object_unregister.c
../common/src/fx_trace_object_register.c
Building file: ../common/src/fx_unicode_directory_create.c
Building file: ../common/src/fx_unicode_directory_entry_read.c
../common/src/fx_unicode_directory_create.c
Building file: ../common/src/fx_unicode_directory_rename.c
../common/src/fx_unicode_directory_entry_read.c
Building file: ../common/src/fx_unicode_directory_search.c
Building file: ../common/src/fx_unicode_directory_entry_change.c
../common/src/fx_unicode_directory_search.c
../common/src/fx_unicode_directory_entry_change.c
../common/src/fx_unicode_directory_rename.c
Building file: ../common/src/fx_unicode_file_create.c
Building file: ../common/src/fx_unicode_file_rename.c
Building file: ../common/src/fx_unicode_length_get.c
../common/src/fx_unicode_file_rename.c
../common/src/fx_unicode_length_get.c
Building file: ../common/src/fx_unicode_length_get_extended.c
Building file: ../common/src/fx_unicode_name_get.c
../common/src/fx_unicode_file_create.c
../common/src/fx_unicode_name_get.c
../common/src/fx_unicode_length_get_extended.c
Building file: ../common/src/fx_unicode_name_get_extended.c
Building file: ../common/src/fx_unicode_short_name_get.c
../common/src/fx_unicode_short_name_get.c
../common/src/fx_unicode_name_get_extended.c
Building file: ../common/src/fx_unicode_short_name_get_extended.c
Building file: ../common/src/fx_utility_16_unsigned_read.c
Building file: ../common/src/fx_utility_16_unsigned_write.c
Building file: ../common/src/fx_utility_32_unsigned_read.c
../common/src/fx_utility_16_unsigned_read.c
../common/src/fx_utility_16_unsigned_write.c
../common/src/fx_unicode_short_name_get_extended.c
Building file: ../common/src/fx_utility_32_unsigned_write.c
../common/src/fx_utility_32_unsigned_read.c
Building file: ../common/src/fx_utility_64_unsigned_read.c
Building file: ../common/src/fx_utility_64_unsigned_write.c
../common/src/fx_utility_32_unsigned_write.c
../common/src/fx_utility_64_unsigned_write.c
../common/src/fx_utility_64_unsigned_read.c
Building file: ../common/src/fx_utility_FAT_entry_read.c
../common/src/fx_utility_FAT_entry_read.c
Building file: ../common/src/fx_utility_FAT_entry_write.c
../common/src/fx_utility_FAT_entry_write.c
Building file: ../common/src/fx_utility_FAT_flush.c
Building file: ../common/src/fx_utility_FAT_map_flush.c
Building file: ../common/src/fx_utility_FAT_sector_get.c
../common/src/fx_utility_FAT_flush.c
Building file: ../common/src/fx_utility_absolute_path_get.c
../common/src/fx_utility_FAT_map_flush.c
../common/src/fx_utility_FAT_sector_get.c
Building file: ../common/src/fx_utility_exFAT_allocate_new_cluster.c
Building file: ../common/src/fx_utility_exFAT_bitmap_cache_prepare.c
../common/src/fx_utility_absolute_path_get.c
Building file: ../common/src/fx_utility_exFAT_bitmap_cache_update.c
../common/src/fx_utility_exFAT_allocate_new_cluster.c
Building file: ../common/src/fx_utility_exFAT_bitmap_flush.c
../common/src/fx_utility_exFAT_bitmap_cache_prepare.c
../common/src/fx_utility_exFAT_bitmap_cache_update.c
../common/src/fx_utility_exFAT_bitmap_flush.c
Building file: ../common/src/fx_utility_exFAT_bitmap_free_cluster_find.c
Building file: ../common/src/fx_utility_exFAT_bitmap_initialize.c
../common/src/fx_utility_exFAT_bitmap_free_cluster_find.c
../common/src/fx_utility_exFAT_bitmap_initialize.c
Building file: ../common/src/fx_utility_exFAT_bitmap_start_sector_get.c
../common/src/fx_utility_exFAT_bitmap_start_sector_get.c
Building file: ../common/src/fx_utility_exFAT_cluster_free.c
Building file: ../common/src/fx_utility_exFAT_cluster_state_get.c
../common/src/fx_utility_exFAT_cluster_free.c
Building file: ../common/src/fx_utility_exFAT_cluster_state_set.c
../common/src/fx_utility_exFAT_cluster_state_get.c
Building file: ../common/src/fx_utility_exFAT_geometry_check.c
Building file: ../common/src/fx_utility_exFAT_name_hash_get.c
Building file: ../common/src/fx_utility_exFAT_size_calculate.c
../common/src/fx_utility_exFAT_cluster_state_set.c
../common/src/fx_utility_exFAT_geometry_check.c
../common/src/fx_utility_exFAT_name_hash_get.c
Building file: ../common/src/fx_utility_exFAT_system_area_checksum_verify.c
../common/src/fx_utility_exFAT_size_calculate.c
Building file: ../common/src/fx_utility_exFAT_system_area_format.c
Building file: ../common/src/fx_utility_exFAT_system_area_checksum_write.c
../common/src/fx_utility_exFAT_system_area_checksum_verify.c
../common/src/fx_utility_exFAT_system_area_format.c
Building file: ../common/src/fx_utility_exFAT_system_sector_write.c
../common/src/fx_utility_exFAT_system_area_checksum_write.c
Building file: ../common/src/fx_utility_exFAT_unicode_name_hash_get.c
../common/src/fx_utility_exFAT_system_sector_write.c
../common/src/fx_utility_exFAT_unicode_name_hash_get.c
Building file: ../common/src/fx_utility_exFAT_upcase_table.c
Building file: ../common/src/fx_utility_logical_sector_cache_entry_read.c
../common/src/fx_utility_exFAT_upcase_table.c
../common/src/fx_utility_logical_sector_cache_entry_read.c
Building file: ../common/src/fx_utility_logical_sector_flush.c
Building file: ../common/src/fx_utility_logical_sector_read.c
../common/src/fx_utility_logical_sector_flush.c
../common/src/fx_utility_logical_sector_read.c
Building file: ../common/src/fx_utility_logical_sector_write.c
Building file: ../common/src/fx_utility_memory_copy.c
Building file: ../common/src/fx_utility_memory_set.c
../common/src/fx_utility_memory_copy.c
Building file: ../common/src/fx_utility_string_length_get.c
../common/src/fx_utility_logical_sector_write.c
Building file: ../common/src/fx_utility_token_length_get.c
../common/src/fx_utility_string_length_get.c
../common/src/fx_utility_memory_set.c
../common/src/fx_utility_token_length_get.c
Building file: ../common/src/fxe_directory_attributes_read.c
Building file: ../common/src/fxe_directory_attributes_set.c
../common/src/fxe_directory_attributes_read.c
../common/src/fxe_directory_attributes_set.c
Building file: ../common/src/fxe_directory_default_get.c
Building file: ../common/src/fxe_directory_create.c
Building file: ../common/src/fxe_directory_default_set.c
Building file: ../common/src/fxe_directory_default_get_copy.c
../common/src/fxe_directory_default_get.c
../common/src/fxe_directory_create.c
Building file: ../common/src/fxe_directory_delete.c
../common/src/fxe_directory_default_get_copy.c
../common/src/fxe_directory_default_set.c
Building file: ../common/src/fxe_directory_first_entry_find.c
Building file: ../common/src/fxe_directory_first_full_entry_find.c
../common/src/fxe_directory_delete.c
Building file: ../common/src/fxe_directory_information_get.c
../common/src/fxe_directory_first_entry_find.c
../common/src/fxe_directory_first_full_entry_find.c
Building file: ../common/src/fxe_directory_local_path_clear.c
Building file: ../common/src/fxe_directory_local_path_get.c
../common/src/fxe_directory_information_get.c
Building file: ../common/src/fxe_directory_local_path_get_copy.c
../common/src/fxe_directory_local_path_get.c
../common/src/fxe_directory_local_path_clear.c
../common/src/fxe_directory_local_path_get_copy.c
Building file: ../common/src/fxe_directory_local_path_restore.c
Building file: ../common/src/fxe_directory_local_path_set.c
../common/src/fxe_directory_local_path_restore.c
Building file: ../common/src/fxe_directory_long_name_get.c
Building file: ../common/src/fxe_directory_long_name_get_extended.c
Building file: ../common/src/fxe_directory_name_test.c
../common/src/fxe_directory_local_path_set.c
../common/src/fxe_directory_long_name_get.c
../common/src/fxe_directory_long_name_get_extended.c
../common/src/fxe_directory_name_test.c
Building file: ../common/src/fxe_directory_next_entry_find.c
Building file: ../common/src/fxe_directory_next_full_entry_find.c
Building file: ../common/src/fxe_directory_rename.c
../common/src/fxe_directory_next_full_entry_find.c
../common/src/fxe_directory_next_entry_find.c
../common/src/fxe_directory_rename.c
Building file: ../common/src/fxe_directory_short_name_get.c
Building file: ../common/src/fxe_directory_short_name_get_extended.c
Building file: ../common/src/fxe_fault_tolerant_enable.c
Building file: ../common/src/fxe_file_allocate.c
../common/src/fxe_directory_short_name_get_extended.c
../common/src/fxe_directory_short_name_get.c
../common/src/fxe_fault_tolerant_enable.c
Building file: ../common/src/fxe_file_attributes_read.c
Building file: ../common/src/fxe_file_attributes_set.c
Building file: ../common/src/fxe_file_best_effort_allocate.c
../common/src/fxe_file_allocate.c
../common/src/fxe_file_attributes_read.c
Building file: ../common/src/fxe_file_close.c
Building file: ../common/src/fxe_file_create.c
../common/src/fxe_file_attributes_set.c
../common/src/fxe_file_best_effort_allocate.c
../common/src/fxe_file_close.c
../common/src/fxe_file_create.c
Building file: ../common/src/fxe_file_date_time_set.c
Building file: ../common/src/fxe_file_delete.c
../common/src/fxe_file_date_time_set.c
Building file: ../common/src/fxe_file_extended_allocate.c
Building file: ../common/src/fxe_file_extended_best_effort_allocate.c
Building file: ../common/src/fxe_file_extended_relative_seek.c
../common/src/fxe_file_delete.c
../common/src/fxe_file_extended_allocate.c
Building file: ../common/src/fxe_file_extended_seek.c
../common/src/fxe_file_extended_best_effort_allocate.c
../common/src/fxe_file_extended_relative_seek.c
Building file: ../common/src/fxe_file_extended_truncate.c
Building file: ../common/src/fxe_file_extended_truncate_release.c
../common/src/fxe_file_extended_seek.c
Building file: ../common/src/fxe_file_open.c
../common/src/fxe_file_extended_truncate_release.c
../common/src/fxe_file_open.c
../common/src/fxe_file_extended_truncate.c
Building file: ../common/src/fxe_file_read.c
../common/src/fxe_file_read.c
Building file: ../common/src/fxe_file_relative_seek.c
Building file: ../common/src/fxe_file_rename.c
../common/src/fxe_file_rename.c
../common/src/fxe_file_relative_seek.c
Building file: ../common/src/fxe_file_seek.c
Building file: ../common/src/fxe_file_truncate.c
../common/src/fxe_file_seek.c
../common/src/fxe_file_truncate.c
Building file: ../common/src/fxe_file_truncate_release.c
../common/src/fxe_file_truncate_release.c
Building file: ../common/src/fxe_file_write.c
Building file: ../common/src/fxe_file_write_notify_set.c
Building file: ../common/src/fxe_media_abort.c
../common/src/fxe_file_write.c
../common/src/fxe_file_write_notify_set.c
Building file: ../common/src/fxe_media_cache_invalidate.c
Building file: ../common/src/fxe_media_check.c
../common/src/fxe_media_abort.c
Building file: ../common/src/fxe_media_close.c
../common/src/fxe_media_cache_invalidate.c
Building file: ../common/src/fxe_media_close_notify_set.c
../common/src/fxe_media_check.c
../common/src/fxe_media_close.c
../common/src/fxe_media_close_notify_set.c
Building file: ../common/src/fxe_media_exFAT_format.c
../common/src/fxe_media_exFAT_format.c
Building file: ../common/src/fxe_media_extended_space_available.c
Building file: ../common/src/fxe_media_flush.c
Building file: ../common/src/fxe_media_format.c
../common/src/fxe_media_extended_space_available.c
../common/src/fxe_media_flush.c
Building file: ../common/src/fxe_media_open.c
../common/src/fxe_media_format.c
Building file: ../common/src/fxe_media_open_notify_set.c
Building file: ../common/src/fxe_media_read.c
../common/src/fxe_media_open.c
Building file: ../common/src/fxe_media_space_available.c
../common/src/fxe_media_open_notify_set.c
../common/src/fxe_media_space_available.c
Building file: ../common/src/fxe_media_volume_get.c
../common/src/fxe_media_read.c
../common/src/fxe_media_volume_get.c
Building file: ../common/src/fxe_media_volume_get_extended.c
Building file: ../common/src/fxe_media_volume_set.c
../common/src/fxe_media_volume_set.c
../common/src/fxe_media_volume_get_extended.c
Building file: ../common/src/fxe_media_write.c
Building file: ../common/src/fxe_system_date_get.c
../common/src/fxe_media_write.c
Building file: ../common/src/fxe_system_date_set.c
../common/src/fxe_system_date_get.c
../common/src/fxe_system_date_set.c
Building file: ../common/src/fxe_system_time_get.c
Building file: ../common/src/fxe_system_time_set.c
Building file: ../common/src/fxe_unicode_directory_create.c
../common/src/fxe_system_time_get.c
../common/src/fxe_system_time_set.c
Building file: ../common/src/fxe_unicode_directory_rename.c
../common/src/fxe_unicode_directory_create.c
Building file: ../common/src/fxe_unicode_file_create.c
../common/src/fxe_unicode_directory_rename.c
../common/src/fxe_unicode_file_create.c
Building file: ../common/src/fxe_unicode_file_rename.c
Building file: ../common/src/fxe_unicode_name_get.c
Building file: ../common/src/fxe_unicode_name_get_extended.c
Building file: ../common/src/fxe_unicode_short_name_get.c
../common/src/fxe_unicode_file_rename.c
../common/src/fxe_unicode_name_get.c
../common/src/fxe_unicode_short_name_get.c
../common/src/fxe_unicode_name_get_extended.c
Building file: ../common/src/fxe_unicode_short_name_get_extended.c
../common/src/fxe_unicode_short_name_get_extended.c
Building target: libfilex.a
Extracting support files...
01:26:53 **** Incremental Build of configuration Debug for project guix ****
make -r -j12 all 
make --no-print-directory pre-build
 
make --no-print-directory main-build
make[1]: Nothing to be done for 'main-build'.
Extracting support files...
01:26:55 **** Incremental Build of configuration Debug for project netxduo ****
make -r -j12 all 
make --no-print-directory pre-build
 
make --no-print-directory main-build
Building file: ../nx_secure/src/nx_secure_crypto_method_self_test_3des.c
Building file: ../nx_secure/src/nx_secure_crypto_method_self_test_aes.c
Building file: ../nx_secure/src/nx_secure_crypto_method_self_test_des.c
../nx_secure/src/nx_secure_crypto_method_self_test_3des.c
Building file: ../nx_secure/src/nx_secure_crypto_method_self_test_hmac_md5.c
../nx_secure/src/nx_secure_crypto_method_self_test_aes.c
Building file: ../nx_secure/src/nx_secure_crypto_method_self_test_hmac_sha.c
../nx_secure/src/nx_secure_crypto_method_self_test_des.c
Building file: ../nx_secure/src/nx_secure_crypto_method_self_test_md5.c
../nx_secure/src/nx_secure_crypto_method_self_test_hmac_md5.c
Building file: ../nx_secure/src/nx_secure_crypto_method_self_test_prf.c
../nx_secure/src/nx_secure_crypto_method_self_test_hmac_sha.c
Building file: ../nx_secure/src/nx_secure_crypto_method_self_test_rsa.c
../nx_secure/src/nx_secure_crypto_method_self_test_md5.c
Building file: ../nx_secure/src/nx_secure_crypto_method_self_test_sha.c
../nx_secure/src/nx_secure_crypto_method_self_test_prf.c
Building file: ../nx_secure/src/nx_secure_crypto_rng_self_test.c
../nx_secure/src/nx_secure_crypto_method_self_test_rsa.c
Building file: ../nx_secure/src/nx_secure_crypto_table_self_test.c
../nx_secure/src/nx_secure_crypto_method_self_test_sha.c
../nx_secure/src/nx_secure_crypto_rng_self_test.c
../nx_secure/src/nx_secure_crypto_table_self_test.c
Building file: ../nx_secure/src/nx_secure_dtls_allocate_handshake_packet.c
../nx_secure/src/nx_secure_dtls_allocate_handshake_packet.c
Building file: ../nx_secure/src/nx_secure_dtls_client_handshake.c
Building file: ../nx_secure/src/nx_secure_dtls_client_protocol_version_override.c
Building file: ../nx_secure/src/nx_secure_dtls_client_session_start.c
../nx_secure/src/nx_secure_dtls_client_handshake.c
Building file: ../nx_secure/src/nx_secure_dtls_ecc_initialize.c
../nx_secure/src/nx_secure_dtls_client_protocol_version_override.c
Building file: ../nx_secure/src/nx_secure_dtls_hash_record.c
../nx_secure/src/nx_secure_dtls_client_session_start.c
Building file: ../nx_secure/src/nx_secure_dtls_initialize.c
../nx_secure/src/nx_secure_dtls_ecc_initialize.c
Building file: ../nx_secure/src/nx_secure_dtls_packet_allocate.c
../nx_secure/src/nx_secure_dtls_initialize.c
../nx_secure/src/nx_secure_dtls_hash_record.c
Building file: ../nx_secure/src/nx_secure_dtls_process_clienthello.c
../nx_secure/src/nx_secure_dtls_packet_allocate.c
Building file: ../nx_secure/src/nx_secure_dtls_process_handshake_header.c
Building file: ../nx_secure/src/nx_secure_dtls_process_header.c
../nx_secure/src/nx_secure_dtls_process_clienthello.c
Building file: ../nx_secure/src/nx_secure_dtls_process_helloverifyrequest.c
../nx_secure/src/nx_secure_dtls_process_handshake_header.c
Building file: ../nx_secure/src/nx_secure_dtls_process_record.c
../nx_secure/src/nx_secure_dtls_process_helloverifyrequest.c
../nx_secure/src/nx_secure_dtls_process_header.c
../nx_secure/src/nx_secure_dtls_process_record.c
Building file: ../nx_secure/src/nx_secure_dtls_psk_add.c
Building file: ../nx_secure/src/nx_secure_dtls_receive_callback.c
Building file: ../nx_secure/src/nx_secure_dtls_retransmit.c
../nx_secure/src/nx_secure_dtls_psk_add.c
Building file: ../nx_secure/src/nx_secure_dtls_retransmit_queue_flush.c
../nx_secure/src/nx_secure_dtls_receive_callback.c
../nx_secure/src/nx_secure_dtls_retransmit.c
Building file: ../nx_secure/src/nx_secure_dtls_send_clienthello.c
../nx_secure/src/nx_secure_dtls_retransmit_queue_flush.c
Building file: ../nx_secure/src/nx_secure_dtls_send_handshake_record.c
Building file: ../nx_secure/src/nx_secure_dtls_send_helloverifyrequest.c
Building file: ../nx_secure/src/nx_secure_dtls_send_record.c
../nx_secure/src/nx_secure_dtls_send_clienthello.c
../nx_secure/src/nx_secure_dtls_send_helloverifyrequest.c
../nx_secure/src/nx_secure_dtls_send_handshake_record.c
../nx_secure/src/nx_secure_dtls_send_record.c
Building file: ../nx_secure/src/nx_secure_dtls_send_serverhello.c
Building file: ../nx_secure/src/nx_secure_dtls_server_create.c
Building file: ../nx_secure/src/nx_secure_dtls_server_delete.c
../nx_secure/src/nx_secure_dtls_send_serverhello.c
../nx_secure/src/nx_secure_dtls_server_create.c
../nx_secure/src/nx_secure_dtls_server_delete.c
Building file: ../nx_secure/src/nx_secure_dtls_server_ecc_initialize.c
../nx_secure/src/nx_secure_dtls_server_ecc_initialize.c
Building file: ../nx_secure/src/nx_secure_dtls_server_handshake.c
../nx_secure/src/nx_secure_dtls_server_handshake.c
Building file: ../nx_secure/src/nx_secure_dtls_server_local_certificate_remove.c
Building file: ../nx_secure/src/nx_secure_dtls_server_local_certificate_add.c
../nx_secure/src/nx_secure_dtls_server_local_certificate_remove.c
Building file: ../nx_secure/src/nx_secure_dtls_server_notify_set.c
../nx_secure/src/nx_secure_dtls_server_local_certificate_add.c
../nx_secure/src/nx_secure_dtls_server_notify_set.c
Building file: ../nx_secure/src/nx_secure_dtls_server_protocol_version_override.c
Building file: ../nx_secure/src/nx_secure_dtls_server_psk_add.c
../nx_secure/src/nx_secure_dtls_server_protocol_version_override.c
../nx_secure/src/nx_secure_dtls_server_psk_add.c
Building file: ../nx_secure/src/nx_secure_dtls_server_session_send.c
Building file: ../nx_secure/src/nx_secure_dtls_server_session_start.c
Building file: ../nx_secure/src/nx_secure_dtls_server_start.c
Building file: ../nx_secure/src/nx_secure_dtls_server_stop.c
../nx_secure/src/nx_secure_dtls_server_session_send.c
../nx_secure/src/nx_secure_dtls_server_session_start.c
Building file: ../nx_secure/src/nx_secure_dtls_server_trusted_certificate_add.c
../nx_secure/src/nx_secure_dtls_server_start.c
../nx_secure/src/nx_secure_dtls_server_trusted_certificate_add.c
../nx_secure/src/nx_secure_dtls_server_stop.c
Building file: ../nx_secure/src/nx_secure_dtls_server_trusted_certificate_remove.c
../nx_secure/src/nx_secure_dtls_server_trusted_certificate_remove.c
Building file: ../nx_secure/src/nx_secure_dtls_server_x509_client_verify_configure.c
Building file: ../nx_secure/src/nx_secure_dtls_server_x509_client_verify_disable.c
../nx_secure/src/nx_secure_dtls_server_x509_client_verify_configure.c
../nx_secure/src/nx_secure_dtls_server_x509_client_verify_disable.c
Building file: ../nx_secure/src/nx_secure_dtls_session_cache.c
../nx_secure/src/nx_secure_dtls_session_cache.c
Building file: ../nx_secure/src/nx_secure_dtls_session_client_info_get.c
Building file: ../nx_secure/src/nx_secure_dtls_session_create.c
Building file: ../nx_secure/src/nx_secure_dtls_session_delete.c
../nx_secure/src/nx_secure_dtls_session_client_info_get.c
Building file: ../nx_secure/src/nx_secure_dtls_session_end.c
../nx_secure/src/nx_secure_dtls_session_create.c
Building file: ../nx_secure/src/nx_secure_dtls_session_local_certificate_add.c
../nx_secure/src/nx_secure_dtls_session_delete.c
../nx_secure/src/nx_secure_dtls_session_end.c
Building file: ../nx_secure/src/nx_secure_dtls_session_local_certificate_remove.c
Building file: ../nx_secure/src/nx_secure_dtls_session_receive.c
../nx_secure/src/nx_secure_dtls_session_local_certificate_add.c
Building file: ../nx_secure/src/nx_secure_dtls_session_reset.c
Building file: ../nx_secure/src/nx_secure_dtls_session_send.c
../nx_secure/src/nx_secure_dtls_session_local_certificate_remove.c
../nx_secure/src/nx_secure_dtls_session_receive.c
../nx_secure/src/nx_secure_dtls_session_send.c
../nx_secure/src/nx_secure_dtls_session_reset.c
Building file: ../nx_secure/src/nx_secure_dtls_session_start.c
../nx_secure/src/nx_secure_dtls_session_start.c
Building file: ../nx_secure/src/nx_secure_dtls_session_trusted_certificate_add.c
../nx_secure/src/nx_secure_dtls_session_trusted_certificate_add.c
Building file: ../nx_secure/src/nx_secure_dtls_session_trusted_certificate_remove.c
Building file: ../nx_secure/src/nx_secure_dtls_verify_mac.c
Building file: ../nx_secure/src/nx_secure_module_hash_compute.c
Building file: ../nx_secure/src/nx_secure_tls_1_3_client_handshake.c
../nx_secure/src/nx_secure_dtls_session_trusted_certificate_remove.c
../nx_secure/src/nx_secure_dtls_verify_mac.c
Building file: ../nx_secure/src/nx_secure_tls_1_3_crypto_init.c
../nx_secure/src/nx_secure_module_hash_compute.c
../nx_secure/src/nx_secure_tls_1_3_client_handshake.c
Building file: ../nx_secure/src/nx_secure_tls_1_3_finished_hash_generate.c
../nx_secure/src/nx_secure_tls_1_3_crypto_init.c
Building file: ../nx_secure/src/nx_secure_tls_1_3_generate_keys.c
Building file: ../nx_secure/src/nx_secure_tls_1_3_server_handshake.c
Building file: ../nx_secure/src/nx_secure_tls_1_3_session_keys_set.c
../nx_secure/src/nx_secure_tls_1_3_generate_keys.c
../nx_secure/src/nx_secure_tls_1_3_finished_hash_generate.c
../nx_secure/src/nx_secure_tls_1_3_server_handshake.c
../nx_secure/src/nx_secure_tls_1_3_session_keys_set.c
Building file: ../nx_secure/src/nx_secure_tls_1_3_transcript_hash_save.c
../nx_secure/src/nx_secure_tls_1_3_transcript_hash_save.c
Building file: ../nx_secure/src/nx_secure_tls_active_certificate_set.c
../nx_secure/src/nx_secure_tls_active_certificate_set.c
Building file: ../nx_secure/src/nx_secure_tls_allocate_handshake_packet.c
../nx_secure/src/nx_secure_tls_allocate_handshake_packet.c
Building file: ../nx_secure/src/nx_secure_tls_check_protocol_version.c
Building file: ../nx_secure/src/nx_secure_tls_ciphersuite_lookup.c
Building file: ../nx_secure/src/nx_secure_tls_client_handshake.c
../nx_secure/src/nx_secure_tls_check_protocol_version.c
Building file: ../nx_secure/src/nx_secure_tls_client_psk_set.c
Building file: ../nx_secure/src/nx_secure_tls_ecc_generate_keys.c
../nx_secure/src/nx_secure_tls_ciphersuite_lookup.c
../nx_secure/src/nx_secure_tls_client_handshake.c
../nx_secure/src/nx_secure_tls_client_psk_set.c
Building file: ../nx_secure/src/nx_secure_tls_ecc_initialize.c
../nx_secure/src/nx_secure_tls_ecc_generate_keys.c
Building file: ../nx_secure/src/nx_secure_tls_find_curve_method.c
Building file: ../nx_secure/src/nx_secure_tls_finished_hash_generate.c
Building file: ../nx_secure/src/nx_secure_tls_generate_keys.c
Building file: ../nx_secure/src/nx_secure_tls_generate_premaster_secret.c
../nx_secure/src/nx_secure_tls_ecc_initialize.c
../nx_secure/src/nx_secure_tls_find_curve_method.c
../nx_secure/src/nx_secure_tls_generate_keys.c
../nx_secure/src/nx_secure_tls_generate_premaster_secret.c
../nx_secure/src/nx_secure_tls_finished_hash_generate.c
Building file: ../nx_secure/src/nx_secure_tls_handshake_hash_init.c
../nx_secure/src/nx_secure_tls_handshake_hash_init.c
Building file: ../nx_secure/src/nx_secure_tls_handshake_hash_update.c
../nx_secure/src/nx_secure_tls_handshake_hash_update.c
Building file: ../nx_secure/src/nx_secure_tls_handshake_process.c
Building file: ../nx_secure/src/nx_secure_tls_hash_record.c
Building file: ../nx_secure/src/nx_secure_tls_initialize.c
../nx_secure/src/nx_secure_tls_handshake_process.c
../nx_secure/src/nx_secure_tls_hash_record.c
Building file: ../nx_secure/src/nx_secure_tls_key_material_init.c
Building file: ../nx_secure/src/nx_secure_tls_local_certificate_add.c
../nx_secure/src/nx_secure_tls_initialize.c
Building file: ../nx_secure/src/nx_secure_tls_local_certificate_find.c
../nx_secure/src/nx_secure_tls_key_material_init.c
Building file: ../nx_secure/src/nx_secure_tls_local_certificate_remove.c
../nx_secure/src/nx_secure_tls_local_certificate_add.c
Building file: ../nx_secure/src/nx_secure_tls_map_error_to_alert.c
../nx_secure/src/nx_secure_tls_local_certificate_find.c
../nx_secure/src/nx_secure_tls_map_error_to_alert.c
../nx_secure/src/nx_secure_tls_local_certificate_remove.c
Building file: ../nx_secure/src/nx_secure_tls_metadata_size_calculate.c
Building file: ../nx_secure/src/nx_secure_tls_newest_supported_version.c
Building file: ../nx_secure/src/nx_secure_tls_packet_allocate.c
../nx_secure/src/nx_secure_tls_metadata_size_calculate.c
../nx_secure/src/nx_secure_tls_packet_allocate.c
../nx_secure/src/nx_secure_tls_newest_supported_version.c
Building file: ../nx_secure/src/nx_secure_tls_packet_release.c
../nx_secure/src/nx_secure_tls_packet_release.c
Building file: ../nx_secure/src/nx_secure_tls_process_certificate_request.c
Building file: ../nx_secure/src/nx_secure_tls_process_certificate_verify.c
Building file: ../nx_secure/src/nx_secure_tls_process_changecipherspec.c
Building file: ../nx_secure/src/nx_secure_tls_process_client_key_exchange.c
../nx_secure/src/nx_secure_tls_process_certificate_request.c
../nx_secure/src/nx_secure_tls_process_certificate_verify.c
Building file: ../nx_secure/src/nx_secure_tls_process_clienthello.c
../nx_secure/src/nx_secure_tls_process_changecipherspec.c
../nx_secure/src/nx_secure_tls_process_client_key_exchange.c
Building file: ../nx_secure/src/nx_secure_tls_process_clienthello_extensions.c
Building file: ../nx_secure/src/nx_secure_tls_process_encrypted_extensions.c
Building file: ../nx_secure/src/nx_secure_tls_process_finished.c
../nx_secure/src/nx_secure_tls_process_clienthello.c
../nx_secure/src/nx_secure_tls_process_encrypted_extensions.c
../nx_secure/src/nx_secure_tls_process_clienthello_extensions.c
../nx_secure/src/nx_secure_tls_process_finished.c
Building file: ../nx_secure/src/nx_secure_tls_process_handshake_header.c
Building file: ../nx_secure/src/nx_secure_tls_process_header.c
../nx_secure/src/nx_secure_tls_process_handshake_header.c
../nx_secure/src/nx_secure_tls_process_header.c
Building file: ../nx_secure/src/nx_secure_tls_process_newsessionticket.c
Building file: ../nx_secure/src/nx_secure_tls_process_record.c
../nx_secure/src/nx_secure_tls_process_newsessionticket.c
../nx_secure/src/nx_secure_tls_process_record.c
Building file: ../nx_secure/src/nx_secure_tls_process_remote_certificate.c
Building file: ../nx_secure/src/nx_secure_tls_process_server_key_exchange.c
../nx_secure/src/nx_secure_tls_process_remote_certificate.c
../nx_secure/src/nx_secure_tls_process_server_key_exchange.c
Building file: ../nx_secure/src/nx_secure_tls_process_serverhello.c
Building file: ../nx_secure/src/nx_secure_tls_process_serverhello_extensions.c
../nx_secure/src/nx_secure_tls_process_serverhello.c
Building file: ../nx_secure/src/nx_secure_tls_protocol_version_get.c
../nx_secure/src/nx_secure_tls_process_serverhello_extensions.c
../nx_secure/src/nx_secure_tls_protocol_version_get.c
Building file: ../nx_secure/src/nx_secure_tls_psk_add.c
Building file: ../nx_secure/src/nx_secure_tls_psk_binder_generate.c
Building file: ../nx_secure/src/nx_secure_tls_psk_find.c
../nx_secure/src/nx_secure_tls_psk_add.c
Building file: ../nx_secure/src/nx_secure_tls_psk_identity_find.c
../nx_secure/src/nx_secure_tls_psk_binder_generate.c
../nx_secure/src/nx_secure_tls_psk_find.c
Building file: ../nx_secure/src/nx_secure_tls_record_hash_calculate.c
../nx_secure/src/nx_secure_tls_psk_identity_find.c
../nx_secure/src/nx_secure_tls_record_hash_calculate.c
Building file: ../nx_secure/src/nx_secure_tls_record_hash_initialize.c
Building file: ../nx_secure/src/nx_secure_tls_record_hash_update.c
Building file: ../nx_secure/src/nx_secure_tls_record_payload_decrypt.c
../nx_secure/src/nx_secure_tls_record_hash_initialize.c
../nx_secure/src/nx_secure_tls_record_hash_update.c
../nx_secure/src/nx_secure_tls_record_payload_decrypt.c
Building file: ../nx_secure/src/nx_secure_tls_record_payload_encrypt.c
Building file: ../nx_secure/src/nx_secure_tls_remote_certificate_allocate.c
../nx_secure/src/nx_secure_tls_record_payload_encrypt.c
Building file: ../nx_secure/src/nx_secure_tls_remote_certificate_buffer_allocate.c
../nx_secure/src/nx_secure_tls_remote_certificate_allocate.c
../nx_secure/src/nx_secure_tls_remote_certificate_buffer_allocate.c
Building file: ../nx_secure/src/nx_secure_tls_remote_certificate_free.c
Building file: ../nx_secure/src/nx_secure_tls_remote_certificate_free_all.c
Building file: ../nx_secure/src/nx_secure_tls_remote_certificate_verify.c
../nx_secure/src/nx_secure_tls_remote_certificate_free.c
../nx_secure/src/nx_secure_tls_remote_certificate_free_all.c
../nx_secure/src/nx_secure_tls_remote_certificate_verify.c
Building file: ../nx_secure/src/nx_secure_tls_send_certificate.c
Building file: ../nx_secure/src/nx_secure_tls_send_alert.c
../nx_secure/src/nx_secure_tls_send_certificate.c
../nx_secure/src/nx_secure_tls_send_alert.c
Building file: ../nx_secure/src/nx_secure_tls_send_certificate_request.c
../nx_secure/src/nx_secure_tls_send_certificate_request.c
Building file: ../nx_secure/src/nx_secure_tls_send_certificate_verify.c
Building file: ../nx_secure/src/nx_secure_tls_send_changecipherspec.c
../nx_secure/src/nx_secure_tls_send_certificate_verify.c
../nx_secure/src/nx_secure_tls_send_changecipherspec.c
Building file: ../nx_secure/src/nx_secure_tls_send_client_key_exchange.c
Building file: ../nx_secure/src/nx_secure_tls_send_clienthello.c
Building file: ../nx_secure/src/nx_secure_tls_send_clienthello_extensions.c
Building file: ../nx_secure/src/nx_secure_tls_send_encrypted_extensions.c
../nx_secure/src/nx_secure_tls_send_client_key_exchange.c
../nx_secure/src/nx_secure_tls_send_clienthello.c
Building file: ../nx_secure/src/nx_secure_tls_send_finished.c
../nx_secure/src/nx_secure_tls_send_encrypted_extensions.c
../nx_secure/src/nx_secure_tls_send_clienthello_extensions.c
../nx_secure/src/nx_secure_tls_send_finished.c
Building file: ../nx_secure/src/nx_secure_tls_send_handshake_record.c
Building file: ../nx_secure/src/nx_secure_tls_send_hellorequest.c
Building file: ../nx_secure/src/nx_secure_tls_send_newsessionticket.c
../nx_secure/src/nx_secure_tls_send_handshake_record.c
../nx_secure/src/nx_secure_tls_send_hellorequest.c
../nx_secure/src/nx_secure_tls_send_newsessionticket.c
Building file: ../nx_secure/src/nx_secure_tls_send_record.c
Building file: ../nx_secure/src/nx_secure_tls_send_server_key_exchange.c
../nx_secure/src/nx_secure_tls_send_record.c
Building file: ../nx_secure/src/nx_secure_tls_send_serverhello.c
../nx_secure/src/nx_secure_tls_send_server_key_exchange.c
Building file: ../nx_secure/src/nx_secure_tls_send_serverhello_extensions.c
Building file: ../nx_secure/src/nx_secure_tls_server_certificate_add.c
../nx_secure/src/nx_secure_tls_send_serverhello.c
../nx_secure/src/nx_secure_tls_send_serverhello_extensions.c
../nx_secure/src/nx_secure_tls_server_certificate_add.c
Building file: ../nx_secure/src/nx_secure_tls_server_certificate_find.c
Building file: ../nx_secure/src/nx_secure_tls_server_certificate_remove.c
Building file: ../nx_secure/src/nx_secure_tls_server_handshake.c
../nx_secure/src/nx_secure_tls_server_certificate_find.c
Building file: ../nx_secure/src/nx_secure_tls_session_alert_value_get.c
../nx_secure/src/nx_secure_tls_server_certificate_remove.c
../nx_secure/src/nx_secure_tls_session_alert_value_get.c
../nx_secure/src/nx_secure_tls_server_handshake.c
Building file: ../nx_secure/src/nx_secure_tls_session_certificate_callback_set.c
../nx_secure/src/nx_secure_tls_session_certificate_callback_set.c
Building file: ../nx_secure/src/nx_secure_tls_session_client_callback_set.c
../nx_secure/src/nx_secure_tls_session_client_callback_set.c
Building file: ../nx_secure/src/nx_secure_tls_session_client_verify_disable.c
Building file: ../nx_secure/src/nx_secure_tls_session_client_verify_enable.c
Building file: ../nx_secure/src/nx_secure_tls_session_create.c
../nx_secure/src/nx_secure_tls_session_client_verify_enable.c
../nx_secure/src/nx_secure_tls_session_create.c
../nx_secure/src/nx_secure_tls_session_client_verify_disable.c
Building file: ../nx_secure/src/nx_secure_tls_session_create_ext.c
Building file: ../nx_secure/src/nx_secure_tls_session_delete.c
../nx_secure/src/nx_secure_tls_session_create_ext.c
Building file: ../nx_secure/src/nx_secure_tls_session_end.c
Building file: ../nx_secure/src/nx_secure_tls_session_keys_set.c
Building file: ../nx_secure/src/nx_secure_tls_session_iv_size_get.c
../nx_secure/src/nx_secure_tls_session_delete.c
../nx_secure/src/nx_secure_tls_session_end.c
../nx_secure/src/nx_secure_tls_session_keys_set.c
Building file: ../nx_secure/src/nx_secure_tls_session_packet_buffer_set.c
../nx_secure/src/nx_secure_tls_session_iv_size_get.c
../nx_secure/src/nx_secure_tls_session_packet_buffer_set.c
Building file: ../nx_secure/src/nx_secure_tls_session_protocol_version_override.c
../nx_secure/src/nx_secure_tls_session_protocol_version_override.c
Building file: ../nx_secure/src/nx_secure_tls_session_receive.c
../nx_secure/src/nx_secure_tls_session_receive.c
Building file: ../nx_secure/src/nx_secure_tls_session_receive_records.c
Building file: ../nx_secure/src/nx_secure_tls_session_renegotiate.c
../nx_secure/src/nx_secure_tls_session_receive_records.c
../nx_secure/src/nx_secure_tls_session_renegotiate.c
Building file: ../nx_secure/src/nx_secure_tls_session_renegotiate_callback_set.c
Building file: ../nx_secure/src/nx_secure_tls_session_reset.c
../nx_secure/src/nx_secure_tls_session_renegotiate_callback_set.c
Building file: ../nx_secure/src/nx_secure_tls_session_send.c
Building file: ../nx_secure/src/nx_secure_tls_session_server_callback_set.c
../nx_secure/src/nx_secure_tls_session_reset.c
../nx_secure/src/nx_secure_tls_session_send.c
../nx_secure/src/nx_secure_tls_session_server_callback_set.c
Building file: ../nx_secure/src/nx_secure_tls_session_sni_extension_parse.c
Building file: ../nx_secure/src/nx_secure_tls_session_sni_extension_set.c
../nx_secure/src/nx_secure_tls_session_sni_extension_parse.c
Building file: ../nx_secure/src/nx_secure_tls_session_time_function_set.c
Building file: ../nx_secure/src/nx_secure_tls_session_start.c
../nx_secure/src/nx_secure_tls_session_sni_extension_set.c
../nx_secure/src/nx_secure_tls_session_start.c
../nx_secure/src/nx_secure_tls_session_time_function_set.c
Building file: ../nx_secure/src/nx_secure_tls_session_x509_client_verify_configure.c
../nx_secure/src/nx_secure_tls_session_x509_client_verify_configure.c
Building file: ../nx_secure/src/nx_secure_tls_shutdown.c
Building file: ../nx_secure/src/nx_secure_tls_trusted_certificate_add.c
../nx_secure/src/nx_secure_tls_shutdown.c
Building file: ../nx_secure/src/nx_secure_tls_trusted_certificate_remove.c
../nx_secure/src/nx_secure_tls_trusted_certificate_add.c
Building file: ../nx_secure/src/nx_secure_tls_verify_mac.c
Building file: ../nx_secure/src/nx_secure_x509.c
../nx_secure/src/nx_secure_tls_trusted_certificate_remove.c
../nx_secure/src/nx_secure_tls_verify_mac.c
Building file: ../nx_secure/src/nx_secure_x509_asn1_tlv_block_parse.c
../nx_secure/src/nx_secure_x509.c
Building file: ../nx_secure/src/nx_secure_x509_certificate_chain_verify.c
../nx_secure/src/nx_secure_x509_asn1_tlv_block_parse.c
Building file: ../nx_secure/src/nx_secure_x509_certificate_initialize.c
Building file: ../nx_secure/src/nx_secure_x509_certificate_list_add.c
../nx_secure/src/nx_secure_x509_certificate_chain_verify.c
../nx_secure/src/nx_secure_x509_certificate_list_add.c
../nx_secure/src/nx_secure_x509_certificate_initialize.c
Building file: ../nx_secure/src/nx_secure_x509_certificate_list_find.c
../nx_secure/src/nx_secure_x509_certificate_list_find.c
Building file: ../nx_secure/src/nx_secure_x509_certificate_list_remove.c
Building file: ../nx_secure/src/nx_secure_x509_certificate_revocation_list_parse.c
../nx_secure/src/nx_secure_x509_certificate_list_remove.c
Building file: ../nx_secure/src/nx_secure_x509_certificate_verify.c
../nx_secure/src/nx_secure_x509_certificate_revocation_list_parse.c
Building file: ../nx_secure/src/nx_secure_x509_common_name_dns_check.c
../nx_secure/src/nx_secure_x509_certificate_verify.c
Building file: ../nx_secure/src/nx_secure_x509_crl_revocation_check.c
../nx_secure/src/nx_secure_x509_common_name_dns_check.c
../nx_secure/src/nx_secure_x509_crl_revocation_check.c
Building file: ../nx_secure/src/nx_secure_x509_crl_verify.c
Building file: ../nx_secure/src/nx_secure_x509_distinguished_name_compare.c
../nx_secure/src/nx_secure_x509_crl_verify.c
Building file: ../nx_secure/src/nx_secure_x509_distinguished_name_parse.c
../nx_secure/src/nx_secure_x509_distinguished_name_compare.c
Building file: ../nx_secure/src/nx_secure_x509_dns_name_initialize.c
Building file: ../nx_secure/src/nx_secure_x509_ec_private_key_parse.c
../nx_secure/src/nx_secure_x509_distinguished_name_parse.c
../nx_secure/src/nx_secure_x509_dns_name_initialize.c
../nx_secure/src/nx_secure_x509_ec_private_key_parse.c
Building file: ../nx_secure/src/nx_secure_x509_expiration_check.c
Building file: ../nx_secure/src/nx_secure_x509_extended_key_usage_extension_parse.c
../nx_secure/src/nx_secure_x509_extended_key_usage_extension_parse.c
../nx_secure/src/nx_secure_x509_expiration_check.c
Building file: ../nx_secure/src/nx_secure_x509_extension_find.c
../nx_secure/src/nx_secure_x509_extension_find.c
Building file: ../nx_secure/src/nx_secure_x509_find_certificate_methods.c
Building file: ../nx_secure/src/nx_secure_x509_free_certificate_get.c
Building file: ../nx_secure/src/nx_secure_x509_key_usage_extension_parse.c
../nx_secure/src/nx_secure_x509_free_certificate_get.c
../nx_secure/src/nx_secure_x509_find_certificate_methods.c
../nx_secure/src/nx_secure_x509_key_usage_extension_parse.c
Building file: ../nx_secure/src/nx_secure_x509_local_certificate_find.c
../nx_secure/src/nx_secure_x509_local_certificate_find.c
Building file: ../nx_secure/src/nx_secure_x509_local_device_certificate_get.c
Building file: ../nx_secure/src/nx_secure_x509_oid_parse.c
Building file: ../nx_secure/src/nx_secure_x509_pkcs1_rsa_private_key_parse.c
../nx_secure/src/nx_secure_x509_local_device_certificate_get.c
../nx_secure/src/nx_secure_x509_oid_parse.c
Building file: ../nx_secure/src/nx_secure_x509_pkcs7_decode.c
../nx_secure/src/nx_secure_x509_pkcs1_rsa_private_key_parse.c
../nx_secure/src/nx_secure_x509_pkcs7_decode.c
Building file: ../nx_secure/src/nx_secure_x509_remote_endpoint_certificate_get.c
../nx_secure/src/nx_secure_x509_remote_endpoint_certificate_get.c
Building file: ../nx_secure/src/nx_secure_x509_store_certificate_add.c
../nx_secure/src/nx_secure_x509_store_certificate_add.c
Building file: ../nx_secure/src/nx_secure_x509_store_certificate_find.c
Building file: ../nx_secure/src/nx_secure_x509_store_certificate_remove.c
Building file: ../nx_secure/src/nx_secure_x509_subject_alt_names_find.c
Building file: ../nx_secure/src/nx_secure_x509_wildcard_compare.c
../nx_secure/src/nx_secure_x509_store_certificate_remove.c
../nx_secure/src/nx_secure_x509_store_certificate_find.c
../nx_secure/src/nx_secure_x509_subject_alt_names_find.c
Building file: ../nx_secure/src/nxe_secure_dtls_client_protocol_version_override.c
../nx_secure/src/nx_secure_x509_wildcard_compare.c
Building file: ../nx_secure/src/nxe_secure_dtls_client_session_start.c
../nx_secure/src/nxe_secure_dtls_client_protocol_version_override.c
Building file: ../nx_secure/src/nxe_secure_dtls_ecc_initialize.c
../nx_secure/src/nxe_secure_dtls_client_session_start.c
../nx_secure/src/nxe_secure_dtls_ecc_initialize.c
Building file: ../nx_secure/src/nxe_secure_dtls_packet_allocate.c
Building file: ../nx_secure/src/nxe_secure_dtls_psk_add.c
Building file: ../nx_secure/src/nxe_secure_dtls_server_create.c
../nx_secure/src/nxe_secure_dtls_packet_allocate.c
../nx_secure/src/nxe_secure_dtls_psk_add.c
Building file: ../nx_secure/src/nxe_secure_dtls_server_delete.c
../nx_secure/src/nxe_secure_dtls_server_create.c
../nx_secure/src/nxe_secure_dtls_server_delete.c
Building file: ../nx_secure/src/nxe_secure_dtls_server_ecc_initialize.c
Building file: ../nx_secure/src/nxe_secure_dtls_server_local_certificate_add.c
Building file: ../nx_secure/src/nxe_secure_dtls_server_local_certificate_remove.c
../nx_secure/src/nxe_secure_dtls_server_local_certificate_add.c
Building file: ../nx_secure/src/nxe_secure_dtls_server_notify_set.c
../nx_secure/src/nxe_secure_dtls_server_ecc_initialize.c
../nx_secure/src/nxe_secure_dtls_server_local_certificate_remove.c
Building file: ../nx_secure/src/nxe_secure_dtls_server_protocol_version_override.c
Building file: ../nx_secure/src/nxe_secure_dtls_server_psk_add.c
../nx_secure/src/nxe_secure_dtls_server_notify_set.c
../nx_secure/src/nxe_secure_dtls_server_protocol_version_override.c
../nx_secure/src/nxe_secure_dtls_server_psk_add.c
Building file: ../nx_secure/src/nxe_secure_dtls_server_session_send.c
Building file: ../nx_secure/src/nxe_secure_dtls_server_session_start.c
../nx_secure/src/nxe_secure_dtls_server_session_send.c
Building file: ../nx_secure/src/nxe_secure_dtls_server_start.c
Building file: ../nx_secure/src/nxe_secure_dtls_server_stop.c
../nx_secure/src/nxe_secure_dtls_server_session_start.c
Building file: ../nx_secure/src/nxe_secure_dtls_server_trusted_certificate_add.c
../nx_secure/src/nxe_secure_dtls_server_start.c
../nx_secure/src/nxe_secure_dtls_server_stop.c
Building file: ../nx_secure/src/nxe_secure_dtls_server_trusted_certificate_remove.c
../nx_secure/src/nxe_secure_dtls_server_trusted_certificate_add.c
Building file: ../nx_secure/src/nxe_secure_dtls_server_x509_client_verify_configure.c
../nx_secure/src/nxe_secure_dtls_server_trusted_certificate_remove.c
../nx_secure/src/nxe_secure_dtls_server_x509_client_verify_configure.c
Building file: ../nx_secure/src/nxe_secure_dtls_server_x509_client_verify_disable.c
Building file: ../nx_secure/src/nxe_secure_dtls_session_client_info_get.c
../nx_secure/src/nxe_secure_dtls_server_x509_client_verify_disable.c
Building file: ../nx_secure/src/nxe_secure_dtls_session_create.c
../nx_secure/src/nxe_secure_dtls_session_client_info_get.c
Building file: ../nx_secure/src/nxe_secure_dtls_session_delete.c
../nx_secure/src/nxe_secure_dtls_session_delete.c
Building file: ../nx_secure/src/nxe_secure_dtls_session_end.c
../nx_secure/src/nxe_secure_dtls_session_create.c
../nx_secure/src/nxe_secure_dtls_session_end.c
Building file: ../nx_secure/src/nxe_secure_dtls_session_local_certificate_add.c
Building file: ../nx_secure/src/nxe_secure_dtls_session_local_certificate_remove.c
../nx_secure/src/nxe_secure_dtls_session_local_certificate_add.c
../nx_secure/src/nxe_secure_dtls_session_local_certificate_remove.c
Building file: ../nx_secure/src/nxe_secure_dtls_session_receive.c
../nx_secure/src/nxe_secure_dtls_session_receive.c
Building file: ../nx_secure/src/nxe_secure_dtls_session_send.c
Building file: ../nx_secure/src/nxe_secure_dtls_session_reset.c
Building file: ../nx_secure/src/nxe_secure_dtls_session_start.c
../nx_secure/src/nxe_secure_dtls_session_reset.c
../nx_secure/src/nxe_secure_dtls_session_send.c
../nx_secure/src/nxe_secure_dtls_session_start.c
Building file: ../nx_secure/src/nxe_secure_dtls_session_trusted_certificate_add.c
Building file: ../nx_secure/src/nxe_secure_dtls_session_trusted_certificate_remove.c
../nx_secure/src/nxe_secure_dtls_session_trusted_certificate_add.c
Building file: ../nx_secure/src/nxe_secure_tls_active_certificate_set.c
Building file: ../nx_secure/src/nxe_secure_tls_client_psk_set.c
../nx_secure/src/nxe_secure_dtls_session_trusted_certificate_remove.c
../nx_secure/src/nxe_secure_tls_active_certificate_set.c
../nx_secure/src/nxe_secure_tls_client_psk_set.c
Building file: ../nx_secure/src/nxe_secure_tls_local_certificate_add.c
Building file: ../nx_secure/src/nxe_secure_tls_local_certificate_find.c
Building file: ../nx_secure/src/nxe_secure_tls_local_certificate_remove.c
../nx_secure/src/nxe_secure_tls_local_certificate_add.c
../nx_secure/src/nxe_secure_tls_local_certificate_find.c
Building file: ../nx_secure/src/nxe_secure_tls_metadata_size_calculate.c
../nx_secure/src/nxe_secure_tls_local_certificate_remove.c
Building file: ../nx_secure/src/nxe_secure_tls_packet_allocate.c
Building file: ../nx_secure/src/nxe_secure_tls_psk_add.c
../nx_secure/src/nxe_secure_tls_metadata_size_calculate.c
Building file: ../nx_secure/src/nxe_secure_tls_remote_certificate_allocate.c
../nx_secure/src/nxe_secure_tls_packet_allocate.c
../nx_secure/src/nxe_secure_tls_psk_add.c
Building file: ../nx_secure/src/nxe_secure_tls_remote_certificate_free_all.c
Building file: ../nx_secure/src/nxe_secure_tls_remote_certificate_buffer_allocate.c
../nx_secure/src/nxe_secure_tls_remote_certificate_allocate.c
Building file: ../nx_secure/src/nxe_secure_tls_server_certificate_add.c
../nx_secure/src/nxe_secure_tls_remote_certificate_free_all.c
../nx_secure/src/nxe_secure_tls_server_certificate_add.c
Building file: ../nx_secure/src/nxe_secure_tls_server_certificate_find.c
Building file: ../nx_secure/src/nxe_secure_tls_server_certificate_remove.c
../nx_secure/src/nxe_secure_tls_server_certificate_find.c
../nx_secure/src/nxe_secure_tls_remote_certificate_buffer_allocate.c
../nx_secure/src/nxe_secure_tls_server_certificate_remove.c
Building file: ../nx_secure/src/nxe_secure_tls_session_alert_value_get.c
Building file: ../nx_secure/src/nxe_secure_tls_session_certificate_callback_set.c
Building file: ../nx_secure/src/nxe_secure_tls_session_client_callback_set.c
Building file: ../nx_secure/src/nxe_secure_tls_session_client_verify_disable.c
../nx_secure/src/nxe_secure_tls_session_alert_value_get.c
../nx_secure/src/nxe_secure_tls_session_certificate_callback_set.c
../nx_secure/src/nxe_secure_tls_session_client_callback_set.c
../nx_secure/src/nxe_secure_tls_session_client_verify_disable.c
Building file: ../nx_secure/src/nxe_secure_tls_session_client_verify_enable.c
Building file: ../nx_secure/src/nxe_secure_tls_session_create.c
../nx_secure/src/nxe_secure_tls_session_client_verify_enable.c
../nx_secure/src/nxe_secure_tls_session_create.c
Building file: ../nx_secure/src/nxe_secure_tls_session_delete.c
Building file: ../nx_secure/src/nxe_secure_tls_session_end.c
Building file: ../nx_secure/src/nxe_secure_tls_session_packet_buffer_set.c
Building file: ../nx_secure/src/nxe_secure_tls_session_protocol_version_override.c
../nx_secure/src/nxe_secure_tls_session_delete.c
Building file: ../nx_secure/src/nxe_secure_tls_session_receive.c
../nx_secure/src/nxe_secure_tls_session_end.c
../nx_secure/src/nxe_secure_tls_session_protocol_version_override.c
../nx_secure/src/nxe_secure_tls_session_packet_buffer_set.c
Building file: ../nx_secure/src/nxe_secure_tls_session_renegotiate.c
../nx_secure/src/nxe_secure_tls_session_receive.c
../nx_secure/src/nxe_secure_tls_session_renegotiate.c
Building file: ../nx_secure/src/nxe_secure_tls_session_reset.c
Building file: ../nx_secure/src/nxe_secure_tls_session_renegotiate_callback_set.c
Building file: ../nx_secure/src/nxe_secure_tls_session_send.c
../nx_secure/src/nxe_secure_tls_session_renegotiate_callback_set.c
../nx_secure/src/nxe_secure_tls_session_send.c
../nx_secure/src/nxe_secure_tls_session_reset.c
Building file: ../nx_secure/src/nxe_secure_tls_session_server_callback_set.c
Building file: ../nx_secure/src/nxe_secure_tls_session_sni_extension_parse.c
Building file: ../nx_secure/src/nxe_secure_tls_session_sni_extension_set.c
Building file: ../nx_secure/src/nxe_secure_tls_session_start.c
../nx_secure/src/nxe_secure_tls_session_server_callback_set.c
../nx_secure/src/nxe_secure_tls_session_sni_extension_parse.c
../nx_secure/src/nxe_secure_tls_session_sni_extension_set.c
Building file: ../nx_secure/src/nxe_secure_tls_session_time_function_set.c
../nx_secure/src/nxe_secure_tls_session_start.c
Building file: ../nx_secure/src/nxe_secure_tls_session_x509_client_verify_configure.c
Building file: ../nx_secure/src/nxe_secure_tls_trusted_certificate_add.c
../nx_secure/src/nxe_secure_tls_session_time_function_set.c
../nx_secure/src/nxe_secure_tls_session_x509_client_verify_configure.c
Building file: ../nx_secure/src/nxe_secure_x509_certificate_initialize.c
Building file: ../nx_secure/src/nxe_secure_tls_trusted_certificate_remove.c
../nx_secure/src/nxe_secure_tls_trusted_certificate_add.c
../nx_secure/src/nxe_secure_x509_certificate_initialize.c
../nx_secure/src/nxe_secure_tls_trusted_certificate_remove.c
Building file: ../nx_secure/src/nxe_secure_x509_common_name_dns_check.c
Building file: ../nx_secure/src/nxe_secure_x509_crl_revocation_check.c
Building file: ../nx_secure/src/nxe_secure_x509_dns_name_initialize.c
../nx_secure/src/nxe_secure_x509_crl_revocation_check.c
../nx_secure/src/nxe_secure_x509_common_name_dns_check.c
../nx_secure/src/nxe_secure_x509_dns_name_initialize.c
Building file: ../nx_secure/src/nxe_secure_x509_extended_key_usage_extension_parse.c
Building file: ../nx_secure/src/nxe_secure_x509_extension_find.c
Building file: ../nx_secure/src/nxe_secure_x509_key_usage_extension_parse.c
../nx_secure/src/nxe_secure_x509_extended_key_usage_extension_parse.c
../nx_secure/src/nxe_secure_x509_extension_find.c
Building file: ../crypto_libraries/src/nx_crypto_3des.c
Building file: ../crypto_libraries/src/nx_crypto_aes.c
../nx_secure/src/nxe_secure_x509_key_usage_extension_parse.c
../crypto_libraries/src/nx_crypto_3des.c
../crypto_libraries/src/nx_crypto_aes.c
Building file: ../crypto_libraries/src/nx_crypto_cbc.c
Building file: ../crypto_libraries/src/nx_crypto_ccm.c
Building file: ../crypto_libraries/src/nx_crypto_ctr.c
../crypto_libraries/src/nx_crypto_cbc.c
../crypto_libraries/src/nx_crypto_ctr.c
../crypto_libraries/src/nx_crypto_ccm.c
Building file: ../crypto_libraries/src/nx_crypto_des.c
Building file: ../crypto_libraries/src/nx_crypto_dh.c
../crypto_libraries/src/nx_crypto_des.c
Building file: ../crypto_libraries/src/nx_crypto_drbg.c
../crypto_libraries/src/nx_crypto_dh.c
../crypto_libraries/src/nx_crypto_drbg.c
Building file: ../crypto_libraries/src/nx_crypto_ec.c
../crypto_libraries/src/nx_crypto_ec.c
Building file: ../crypto_libraries/src/nx_crypto_ec_secp192r1_fixed_points.c
../crypto_libraries/src/nx_crypto_ec_secp192r1_fixed_points.c
Building file: ../crypto_libraries/src/nx_crypto_ec_secp224r1_fixed_points.c
Building file: ../crypto_libraries/src/nx_crypto_ec_secp256r1_fixed_points.c
../crypto_libraries/src/nx_crypto_ec_secp224r1_fixed_points.c
../crypto_libraries/src/nx_crypto_ec_secp256r1_fixed_points.c
Building file: ../crypto_libraries/src/nx_crypto_ec_secp384r1_fixed_points.c
../crypto_libraries/src/nx_crypto_ec_secp384r1_fixed_points.c
Building file: ../crypto_libraries/src/nx_crypto_ec_secp521r1_fixed_points.c
../crypto_libraries/src/nx_crypto_ec_secp521r1_fixed_points.c
Building file: ../crypto_libraries/src/nx_crypto_ecdh.c
../crypto_libraries/src/nx_crypto_ecdh.c
Building file: ../crypto_libraries/src/nx_crypto_ecdsa.c
../crypto_libraries/src/nx_crypto_ecdsa.c
Building file: ../crypto_libraries/src/nx_crypto_ecjpake.c
Building file: ../crypto_libraries/src/nx_crypto_gcm.c
../crypto_libraries/src/nx_crypto_ecjpake.c
Building file: ../crypto_libraries/src/nx_crypto_generic_ciphersuites.c
../crypto_libraries/src/nx_crypto_gcm.c
Building file: ../crypto_libraries/src/nx_crypto_hkdf.c
../crypto_libraries/src/nx_crypto_generic_ciphersuites.c
../crypto_libraries/src/nx_crypto_hkdf.c
Building file: ../crypto_libraries/src/nx_crypto_hmac_md5.c
Building file: ../crypto_libraries/src/nx_crypto_hmac.c
../crypto_libraries/src/nx_crypto_hmac.c
Building file: ../crypto_libraries/src/nx_crypto_hmac_sha1.c
../crypto_libraries/src/nx_crypto_hmac_md5.c
../crypto_libraries/src/nx_crypto_hmac_sha1.c
Building file: ../crypto_libraries/src/nx_crypto_hmac_sha2.c
Building file: ../crypto_libraries/src/nx_crypto_hmac_sha5.c
Building file: ../crypto_libraries/src/nx_crypto_huge_number.c
../crypto_libraries/src/nx_crypto_hmac_sha2.c
../crypto_libraries/src/nx_crypto_hmac_sha5.c
../crypto_libraries/src/nx_crypto_huge_number.c
Building file: ../crypto_libraries/src/nx_crypto_initialize.c
Building file: ../crypto_libraries/src/nx_crypto_huge_number_extended.c
../crypto_libraries/src/nx_crypto_initialize.c
../crypto_libraries/src/nx_crypto_huge_number_extended.c
Building file: ../crypto_libraries/src/nx_crypto_md5.c
../crypto_libraries/src/nx_crypto_md5.c
Building file: ../crypto_libraries/src/nx_crypto_method_self_test.c
Building file: ../crypto_libraries/src/nx_crypto_method_self_test_3des.c
../crypto_libraries/src/nx_crypto_method_self_test.c
Building file: ../crypto_libraries/src/nx_crypto_method_self_test_des.c
Building file: ../crypto_libraries/src/nx_crypto_method_self_test_aes.c
Building file: ../crypto_libraries/src/nx_crypto_method_self_test_ecdh.c
Building file: ../crypto_libraries/src/nx_crypto_method_self_test_drbg.c
../crypto_libraries/src/nx_crypto_method_self_test_3des.c
../crypto_libraries/src/nx_crypto_method_self_test_aes.c
../crypto_libraries/src/nx_crypto_method_self_test_des.c
../crypto_libraries/src/nx_crypto_method_self_test_drbg.c
Building file: ../crypto_libraries/src/nx_crypto_method_self_test_ecdsa.c
../crypto_libraries/src/nx_crypto_method_self_test_ecdh.c
../crypto_libraries/src/nx_crypto_method_self_test_ecdsa.c
Building file: ../crypto_libraries/src/nx_crypto_method_self_test_hmac_md5.c
Building file: ../crypto_libraries/src/nx_crypto_method_self_test_hmac_sha.c
Building file: ../crypto_libraries/src/nx_crypto_method_self_test_md5.c
../crypto_libraries/src/nx_crypto_method_self_test_hmac_md5.c
../crypto_libraries/src/nx_crypto_method_self_test_hmac_sha.c
Building file: ../crypto_libraries/src/nx_crypto_method_self_test_pkcs1.c
../crypto_libraries/src/nx_crypto_method_self_test_md5.c
Building file: ../crypto_libraries/src/nx_crypto_method_self_test_prf.c
../crypto_libraries/src/nx_crypto_method_self_test_pkcs1.c
../crypto_libraries/src/nx_crypto_method_self_test_prf.c
Building file: ../crypto_libraries/src/nx_crypto_method_self_test_rsa.c
Building file: ../crypto_libraries/src/nx_crypto_method_self_test_sha.c
../crypto_libraries/src/nx_crypto_method_self_test_rsa.c
Building file: ../crypto_libraries/src/nx_crypto_methods.c
../crypto_libraries/src/nx_crypto_method_self_test_sha.c
Building file: ../crypto_libraries/src/nx_crypto_module_start.c
../crypto_libraries/src/nx_crypto_methods.c
Building file: ../crypto_libraries/src/nx_crypto_null_cipher.c
../crypto_libraries/src/nx_crypto_module_start.c
../crypto_libraries/src/nx_crypto_null_cipher.c
Building file: ../crypto_libraries/src/nx_crypto_phash.c
Building file: ../crypto_libraries/src/nx_crypto_pkcs1_v1.5.c
Building file: ../crypto_libraries/src/nx_crypto_rsa.c
../crypto_libraries/src/nx_crypto_phash.c
../crypto_libraries/src/nx_crypto_pkcs1_v1.5.c
../crypto_libraries/src/nx_crypto_rsa.c
Building file: ../crypto_libraries/src/nx_crypto_sha1.c
Building file: ../crypto_libraries/src/nx_crypto_sha2.c
../crypto_libraries/src/nx_crypto_sha1.c
Building file: ../crypto_libraries/src/nx_crypto_sha5.c
../crypto_libraries/src/nx_crypto_sha2.c
Building file: ../crypto_libraries/src/nx_crypto_tls_prf_1.c
../crypto_libraries/src/nx_crypto_sha5.c
../crypto_libraries/src/nx_crypto_tls_prf_1.c
Building file: ../crypto_libraries/src/nx_crypto_tls_prf_sha384.c
Building file: ../crypto_libraries/src/nx_crypto_tls_prf_sha512.c
Building file: ../crypto_libraries/src/nx_crypto_tls_prf_sha256.c
Building file: ../crypto_libraries/src/nx_crypto_xcbc_mac.c
../crypto_libraries/src/nx_crypto_tls_prf_sha384.c
../crypto_libraries/src/nx_crypto_tls_prf_sha512.c
../crypto_libraries/src/nx_crypto_tls_prf_sha256.c
../crypto_libraries/src/nx_crypto_xcbc_mac.c
Building file: ../common/src/nx_arp_announce_send.c
../common/src/nx_arp_announce_send.c
Building file: ../common/src/nx_arp_dynamic_entries_invalidate.c
Building file: ../common/src/nx_arp_dynamic_entry_delete.c
Building file: ../common/src/nx_arp_dynamic_entry_set.c
Building file: ../common/src/nx_arp_enable.c
../common/src/nx_arp_dynamic_entry_delete.c
../common/src/nx_arp_dynamic_entries_invalidate.c
Building file: ../common/src/nx_arp_entry_allocate.c
../common/src/nx_arp_enable.c
../common/src/nx_arp_dynamic_entry_set.c
Building file: ../common/src/nx_arp_entry_delete.c
Building file: ../common/src/nx_arp_gratuitous_send.c
../common/src/nx_arp_entry_allocate.c
../common/src/nx_arp_entry_delete.c
../common/src/nx_arp_gratuitous_send.c
Building file: ../common/src/nx_arp_hardware_address_find.c
../common/src/nx_arp_hardware_address_find.c
Building file: ../common/src/nx_arp_info_get.c
Building file: ../common/src/nx_arp_initialize.c
../common/src/nx_arp_info_get.c
../common/src/nx_arp_initialize.c
Building file: ../common/src/nx_arp_interface_entries_delete.c
Building file: ../common/src/nx_arp_ip_address_find.c
../common/src/nx_arp_interface_entries_delete.c
Building file: ../common/src/nx_arp_packet_deferred_receive.c
Building file: ../common/src/nx_arp_packet_receive.c
../common/src/nx_arp_ip_address_find.c
../common/src/nx_arp_packet_deferred_receive.c
Building file: ../common/src/nx_arp_packet_send.c
../common/src/nx_arp_packet_receive.c
Building file: ../common/src/nx_arp_periodic_update.c
Building file: ../common/src/nx_arp_probe_send.c
../common/src/nx_arp_packet_send.c
../common/src/nx_arp_periodic_update.c
Building file: ../common/src/nx_arp_queue_process.c
../common/src/nx_arp_probe_send.c
Building file: ../common/src/nx_arp_queue_send.c
../common/src/nx_arp_queue_process.c
../common/src/nx_arp_queue_send.c
Building file: ../common/src/nx_arp_static_entry_create.c
Building file: ../common/src/nx_arp_static_entries_delete.c
../common/src/nx_arp_static_entry_create.c
../common/src/nx_arp_static_entries_delete.c
Building file: ../common/src/nx_arp_static_entry_delete_internal.c
Building file: ../common/src/nx_arp_static_entry_delete.c
../common/src/nx_arp_static_entry_delete.c
../common/src/nx_arp_static_entry_delete_internal.c
Building file: ../common/src/nx_icmp_cleanup.c
Building file: ../common/src/nx_icmp_enable.c
Building file: ../common/src/nx_icmp_info_get.c
../common/src/nx_icmp_cleanup.c
Building file: ../common/src/nx_icmp_interface_ping.c
../common/src/nx_icmp_enable.c
../common/src/nx_icmp_info_get.c
Building file: ../common/src/nx_icmp_interface_ping6.c
../common/src/nx_icmp_interface_ping.c
Building file: ../common/src/nx_icmp_packet_process.c
../common/src/nx_icmp_interface_ping6.c
../common/src/nx_icmp_packet_process.c
Building file: ../common/src/nx_icmp_packet_receive.c
../common/src/nx_icmp_packet_receive.c
Building file: ../common/src/nx_icmp_ping.c
Building file: ../common/src/nx_icmp_ping6.c
../common/src/nx_icmp_ping.c
Building file: ../common/src/nx_icmp_queue_process.c
Building file: ../common/src/nx_icmpv4_packet_process.c
../common/src/nx_icmp_queue_process.c
../common/src/nx_icmp_ping6.c
Building file: ../common/src/nx_icmpv4_process_echo_reply.c
Building file: ../common/src/nx_icmpv4_process_echo_request.c
../common/src/nx_icmpv4_packet_process.c
../common/src/nx_icmpv4_process_echo_reply.c
Building file: ../common/src/nx_icmpv4_send_error_message.c
../common/src/nx_icmpv4_send_error_message.c
../common/src/nx_icmpv4_process_echo_request.c
Building file: ../common/src/nx_icmpv6_DAD_clear_NDCache_entry.c
Building file: ../common/src/nx_icmpv6_DAD_failure.c
../common/src/nx_icmpv6_DAD_clear_NDCache_entry.c
../common/src/nx_icmpv6_DAD_failure.c
Building file: ../common/src/nx_icmpv6_dest_table_add.c
../common/src/nx_icmpv6_dest_table_add.c
Building file: ../common/src/nx_icmpv6_dest_table_find.c
../common/src/nx_icmpv6_dest_table_find.c
Building file: ../common/src/nx_icmpv6_destination_table_periodic_update.c
Building file: ../common/src/nx_icmpv6_packet_process.c
Building file: ../common/src/nx_icmpv6_perform_DAD.c
../common/src/nx_icmpv6_destination_table_periodic_update.c
Building file: ../common/src/nx_icmpv6_process_echo_reply.c
../common/src/nx_icmpv6_packet_process.c
../common/src/nx_icmpv6_perform_DAD.c
../common/src/nx_icmpv6_process_echo_reply.c
Building file: ../common/src/nx_icmpv6_process_echo_request.c
Building file: ../common/src/nx_icmpv6_process_na.c
../common/src/nx_icmpv6_process_echo_request.c
../common/src/nx_icmpv6_process_na.c
Building file: ../common/src/nx_icmpv6_process_ns.c
../common/src/nx_icmpv6_process_ns.c
Building file: ../common/src/nx_icmpv6_process_packet_too_big.c
Building file: ../common/src/nx_icmpv6_process_ra.c
../common/src/nx_icmpv6_process_packet_too_big.c
Building file: ../common/src/nx_icmpv6_process_redirect.c
Building file: ../common/src/nx_icmpv6_send_error_message.c
../common/src/nx_icmpv6_process_ra.c
Building file: ../common/src/nx_icmpv6_send_ns.c
../common/src/nx_icmpv6_process_redirect.c
Building file: ../common/src/nx_icmpv6_send_queued_packets.c
../common/src/nx_icmpv6_send_error_message.c
../common/src/nx_icmpv6_send_queued_packets.c
../common/src/nx_icmpv6_send_ns.c
Building file: ../common/src/nx_icmpv6_send_rs.c
Building file: ../common/src/nx_icmpv6_validate_neighbor_message.c
Building file: ../common/src/nx_icmpv6_validate_options.c
../common/src/nx_icmpv6_send_rs.c
../common/src/nx_icmpv6_validate_neighbor_message.c
../common/src/nx_icmpv6_validate_options.c
Building file: ../common/src/nx_icmpv6_validate_ra.c
../common/src/nx_icmpv6_validate_ra.c
Building file: ../common/src/nx_igmp_enable.c
../common/src/nx_igmp_enable.c
Building file: ../common/src/nx_igmp_info_get.c
Building file: ../common/src/nx_igmp_interface_report_send.c
../common/src/nx_igmp_interface_report_send.c
../common/src/nx_igmp_info_get.c
Building file: ../common/src/nx_igmp_loopback_disable.c
Building file: ../common/src/nx_igmp_loopback_enable.c
../common/src/nx_igmp_loopback_disable.c
../common/src/nx_igmp_loopback_enable.c
Building file: ../common/src/nx_igmp_multicast_check.c
Building file: ../common/src/nx_igmp_multicast_interface_join.c
Building file: ../common/src/nx_igmp_multicast_interface_join_internal.c
../common/src/nx_igmp_multicast_check.c
../common/src/nx_igmp_multicast_interface_join.c
../common/src/nx_igmp_multicast_interface_join_internal.c
Building file: ../common/src/nx_igmp_multicast_interface_leave.c
Building file: ../common/src/nx_igmp_multicast_interface_leave_internal.c
../common/src/nx_igmp_multicast_interface_leave.c
../common/src/nx_igmp_multicast_interface_leave_internal.c
Building file: ../common/src/nx_igmp_multicast_join.c
../common/src/nx_igmp_multicast_join.c
Building file: ../common/src/nx_igmp_multicast_leave.c
../common/src/nx_igmp_multicast_leave.c
Building file: ../common/src/nx_igmp_packet_process.c
Building file: ../common/src/nx_igmp_packet_receive.c
../common/src/nx_igmp_packet_process.c
../common/src/nx_igmp_packet_receive.c
Building file: ../common/src/nx_igmp_periodic_processing.c
Building file: ../common/src/nx_igmp_queue_process.c
Building file: ../common/src/nx_invalidate_destination_entry.c
../common/src/nx_igmp_periodic_processing.c
../common/src/nx_igmp_queue_process.c
Building file: ../common/src/nx_ip_address_change_notify.c
Building file: ../common/src/nx_ip_address_get.c
../common/src/nx_invalidate_destination_entry.c
../common/src/nx_ip_address_change_notify.c
Building file: ../common/src/nx_ip_address_set.c
../common/src/nx_ip_address_get.c
Building file: ../common/src/nx_ip_auxiliary_packet_pool_set.c
Building file: ../common/src/nx_ip_checksum_compute.c
../common/src/nx_ip_address_set.c
../common/src/nx_ip_auxiliary_packet_pool_set.c
../common/src/nx_ip_checksum_compute.c
Building file: ../common/src/nx_ip_create.c
Building file: ../common/src/nx_ip_deferred_link_status_process.c
Building file: ../common/src/nx_ip_delete.c
../common/src/nx_ip_create.c
Building file: ../common/src/nx_ip_delete_queue_clear.c
../common/src/nx_ip_deferred_link_status_process.c
Building file: ../common/src/nx_ip_dispatch_process.c
../common/src/nx_ip_delete.c
../common/src/nx_ip_dispatch_process.c
Building file: ../common/src/nx_ip_driver_deferred_enable.c
../common/src/nx_ip_delete_queue_clear.c
../common/src/nx_ip_driver_deferred_enable.c
Building file: ../common/src/nx_ip_driver_deferred_processing.c
Building file: ../common/src/nx_ip_driver_deferred_receive.c
Building file: ../common/src/nx_ip_driver_direct_command.c
../common/src/nx_ip_driver_deferred_processing.c
../common/src/nx_ip_driver_direct_command.c
../common/src/nx_ip_driver_deferred_receive.c
Building file: ../common/src/nx_ip_driver_interface_direct_command.c
../common/src/nx_ip_driver_interface_direct_command.c
Building file: ../common/src/nx_ip_driver_link_status_event.c
Building file: ../common/src/nx_ip_driver_packet_send.c
../common/src/nx_ip_driver_link_status_event.c
../common/src/nx_ip_driver_packet_send.c
Building file: ../common/src/nx_ip_forward_packet_process.c
Building file: ../common/src/nx_ip_forwarding_disable.c
Building file: ../common/src/nx_ip_fast_periodic_timer_entry.c
Building file: ../common/src/nx_ip_forwarding_enable.c
Building file: ../common/src/nx_ip_fragment_assembly.c
../common/src/nx_ip_forwarding_disable.c
../common/src/nx_ip_forward_packet_process.c
../common/src/nx_ip_forwarding_enable.c
../common/src/nx_ip_fast_periodic_timer_entry.c
../common/src/nx_ip_fragment_assembly.c
Building file: ../common/src/nx_ip_fragment_disable.c
Building file: ../common/src/nx_ip_fragment_enable.c
../common/src/nx_ip_fragment_disable.c
../common/src/nx_ip_fragment_enable.c
Building file: ../common/src/nx_ip_fragment_forward_packet.c
../common/src/nx_ip_fragment_forward_packet.c
Building file: ../common/src/nx_ip_fragment_packet.c
Building file: ../common/src/nx_ip_fragment_timeout_check.c
Building file: ../common/src/nx_ip_gateway_address_clear.c
../common/src/nx_ip_fragment_timeout_check.c
../common/src/nx_ip_fragment_packet.c
../common/src/nx_ip_gateway_address_clear.c
Building file: ../common/src/nx_ip_gateway_address_get.c
../common/src/nx_ip_gateway_address_get.c
Building file: ../common/src/nx_ip_gateway_address_set.c
Building file: ../common/src/nx_ip_header_add.c
../common/src/nx_ip_gateway_address_set.c
Building file: ../common/src/nx_ip_info_get.c
../common/src/nx_ip_header_add.c
../common/src/nx_ip_info_get.c
Building file: ../common/src/nx_ip_initialize.c
Building file: ../common/src/nx_ip_interface_address_mapping_configure.c
Building file: ../common/src/nx_ip_interface_address_get.c
../common/src/nx_ip_initialize.c
../common/src/nx_ip_interface_address_mapping_configure.c
../common/src/nx_ip_interface_address_get.c
Building file: ../common/src/nx_ip_interface_address_set.c
Building file: ../common/src/nx_ip_interface_attach.c
Building file: ../common/src/nx_ip_interface_capability_get.c
../common/src/nx_ip_interface_attach.c
../common/src/nx_ip_interface_address_set.c
../common/src/nx_ip_interface_capability_get.c
Building file: ../common/src/nx_ip_interface_capability_set.c
Building file: ../common/src/nx_ip_interface_detach.c
../common/src/nx_ip_interface_capability_set.c
Building file: ../common/src/nx_ip_interface_info_get.c
../common/src/nx_ip_interface_detach.c
../common/src/nx_ip_interface_info_get.c
Building file: ../common/src/nx_ip_interface_mtu_set.c
../common/src/nx_ip_interface_mtu_set.c
Building file: ../common/src/nx_ip_interface_physical_address_get.c
Building file: ../common/src/nx_ip_interface_physical_address_set.c
../common/src/nx_ip_interface_physical_address_get.c
Building file: ../common/src/nx_ip_link_status_change_notify_set.c
Building file: ../common/src/nx_ip_interface_status_check.c
../common/src/nx_ip_link_status_change_notify_set.c
../common/src/nx_ip_interface_physical_address_set.c
../common/src/nx_ip_interface_status_check.c
Building file: ../common/src/nx_ip_max_payload_size_find.c
Building file: ../common/src/nx_ip_packet_checksum_compute.c
../common/src/nx_ip_max_payload_size_find.c
../common/src/nx_ip_packet_checksum_compute.c
Building file: ../common/src/nx_ip_packet_deferred_receive.c
Building file: ../common/src/nx_ip_packet_receive.c
[...]
Building file: ../common/core/src/ux_host_stack_device_address_set.c
Building file: ../common/core/src/ux_host_stack_device_configuration_get.c
cc1.exe: warning: switch '-mcpu=cortex-a9' conflicts with '-march=armv7-a' switch
../common/core/src/ux_host_stack_device_configuration_get.c
../common/core/src/ux_host_stack_delay_ms.c
cc1.exe: warning: switch '-mcpu=cortex-a9' conflicts with '-march=armv7-a' switch
cc1.exe: warning: switch '-mcpu=cortex-a9' conflicts with '-march=armv7-a' switch
Building file: ../common/core/src/ux_host_stack_device_configuration_reset.c
../common/core/src/ux_host_stack_device_address_set.c
Building file: ../common/core/src/ux_host_stack_device_configuration_select.c
../common/core/src/ux_host_stack_device_configuration_reset.c
cc1.exe: warning: switch '-mcpu=cortex-a9' conflicts with '-march=armv7-a' switch
Building file: ../common/core/src/ux_host_stack_device_descriptor_read.c
../common/core/src/ux_host_stack_device_configuration_select.c
cc1.exe: warning: switch '-mcpu=cortex-a9' conflicts with '-march=armv7-a' switch
../common/core/src/ux_host_stack_device_descriptor_read.c
Building file: ../common/core/src/ux_host_stack_device_get.c
cc1.exe: warning: switch '-mcpu=cortex-a9' conflicts with '-march=armv7-a' switch
cc1.exe: warning: switch '-mcpu=cortex-a9' conflicts with '-march=armv7-a' switch
cc1.exe: warning: switch '-mcpu=cortex-a9' conflicts with '-march=armv7-a' switch
../common/core/src/ux_host_stack_device_get.c
Building file: ../common/core/src/ux_host_stack_device_remove.c
../common/core/src/ux_host_stack_device_remove.c
cc1.exe: warning: switch '-mcpu=cortex-a9' conflicts with '-march=armv7-a' switch
cc1.exe: warning: switch '-mcpu=cortex-a9' conflicts with '-march=armv7-a' switch
Building file: ../common/core/src/ux_host_stack_device_resources_free.c
cc1.exe: warning: switch '-mcpu=cortex-a9' conflicts with '-march=armv7-a' switch
Building file: ../common/core/src/ux_host_stack_endpoint_instance_create.c
../common/core/src/ux_host_stack_device_resources_free.c
Building file: ../common/core/src/ux_host_stack_endpoint_instance_delete.c
Building file: ../common/core/src/ux_host_stack_endpoint_reset.c
Building file: ../common/core/src/ux_host_stack_endpoint_transfer_abort.c
../common/core/src/ux_host_stack_endpoint_instance_create.c
Building file: ../common/core/src/ux_host_stack_enum_thread_entry.c
../common/core/src/ux_host_stack_endpoint_instance_delete.c
cc1.exe: warning: switch '-mcpu=cortex-a9' conflicts with '-march=armv7-a' switch
../common/core/src/ux_host_stack_endpoint_transfer_abort.c
../common/core/src/ux_host_stack_endpoint_reset.c
../common/core/src/ux_host_stack_enum_thread_entry.c
Building file: ../common/core/src/ux_host_stack_hcd_register.c
Building file: ../common/core/src/ux_host_stack_hcd_thread_entry.c
cc1.exe: warning: switch '-mcpu=cortex-a9' conflicts with '-march=armv7-a' switch
cc1.exe: warning: switch '-mcpu=cortex-a9' conflicts with '-march=armv7-a' switch
cc1.exe: warning: switch '-mcpu=cortex-a9' conflicts with '-march=armv7-a' switch
Building file: ../common/core/src/ux_host_stack_hcd_transfer_request.c
cc1.exe: warning: switch '-mcpu=cortex-a9' conflicts with '-march=armv7-a' switch
Building file: ../common/core/src/ux_host_stack_hcd_unregister.c
../common/core/src/ux_host_stack_hcd_thread_entry.c
../common/core/src/ux_host_stack_hcd_register.c
../common/core/src/ux_host_stack_hcd_transfer_request.c
../common/core/src/ux_host_stack_hcd_unregister.c
cc1.exe: warning: switch '-mcpu=cortex-a9' conflicts with '-march=armv7-a' switch
cc1.exe: warning: switch '-mcpu=cortex-a9' conflicts with '-march=armv7-a' switch
cc1.exe: warning: switch '-mcpu=cortex-a9' conflicts with '-march=armv7-a' switch
cc1.exe: warning: switch '-mcpu=cortex-a9' conflicts with '-march=armv7-a' switch
cc1.exe: warning: switch '-mcpu=cortex-a9' conflicts with '-march=armv7-a' switch
Building file: ../common/core/src/ux_host_stack_hnp_polling_thread_entry.c
Building file: ../common/core/src/ux_host_stack_initialize.c
Building file: ../common/core/src/ux_host_stack_interface_endpoint_get.c
../common/core/src/ux_host_stack_hnp_polling_thread_entry.c
../common/core/src/ux_host_stack_initialize.c
Building file: ../common/core/src/ux_host_stack_interface_instance_create.c
Building file: ../common/core/src/ux_host_stack_interface_instance_delete.c
../common/core/src/ux_host_stack_interface_endpoint_get.c
Building file: ../common/core/src/ux_host_stack_interface_set.c
Building file: ../common/core/src/ux_host_stack_interface_setting_select.c
../common/core/src/ux_host_stack_interface_instance_delete.c
../common/core/src/ux_host_stack_interface_instance_create.c
Building file: ../common/core/src/ux_host_stack_interfaces_scan.c
cc1.exe: warning: switch '-mcpu=cortex-a9' conflicts with '-march=armv7-a' switch
../common/core/src/ux_host_stack_interface_set.c
../common/core/src/ux_host_stack_interface_setting_select.c
cc1.exe: warning: switch '-mcpu=cortex-a9' conflicts with '-march=armv7-a' switch
Building file: ../common/core/src/ux_host_stack_new_configuration_create.c
../common/core/src/ux_host_stack_interfaces_scan.c
cc1.exe: warning: switch '-mcpu=cortex-a9' conflicts with '-march=armv7-a' switch
cc1.exe: warning: switch '-mcpu=cortex-a9' conflicts with '-march=armv7-a' switch
Building file: ../common/core/src/ux_host_stack_new_device_create.c
cc1.exe: warning: switch '-mcpu=cortex-a9' conflicts with '-march=armv7-a' switch
cc1.exe: warning: switch '-mcpu=cortex-a9' conflicts with '-march=armv7-a' switch
Building file: ../common/core/src/ux_host_stack_new_device_get.c
../common/core/src/ux_host_stack_new_configuration_create.c
cc1.exe: warning: switch '-mcpu=cortex-a9' conflicts with '-march=armv7-a' switch
../common/core/src/ux_host_stack_new_device_create.c
cc1.exe: warning: switch '-mcpu=cortex-a9' conflicts with '-march=armv7-a' switch
../common/core/src/ux_host_stack_new_device_get.c
cc1.exe: warning: switch '-mcpu=cortex-a9' conflicts with '-march=armv7-a' switch
Building file: ../common/core/src/ux_host_stack_new_endpoint_create.c
../common/core/src/ux_host_stack_new_endpoint_create.c
cc1.exe: warning: switch '-mcpu=cortex-a9' conflicts with '-march=armv7-a' switch
cc1.exe: warning: switch '-mcpu=cortex-a9' conflicts with '-march=armv7-a' switch
cc1.exe: warning: switch '-mcpu=cortex-a9' conflicts with '-march=armv7-a' switch
Building file: ../common/core/src/ux_host_stack_new_interface_create.c
Building file: ../common/core/src/ux_host_stack_rh_change_process.c
Building file: ../common/core/src/ux_host_stack_rh_device_extraction.c
../common/core/src/ux_host_stack_new_interface_create.c
Building file: ../common/core/src/ux_host_stack_rh_device_insertion.c
../common/core/src/ux_host_stack_rh_change_process.c
Building file: ../common/core/src/ux_host_stack_role_swap.c
../common/core/src/ux_host_stack_rh_device_insertion.c
../common/core/src/ux_host_stack_rh_device_extraction.c
../common/core/src/ux_host_stack_role_swap.c
cc1.exe: warning: switch '-mcpu=cortex-a9' conflicts with '-march=armv7-a' switch
Building file: ../common/core/src/ux_host_stack_transfer_request.c
cc1.exe: warning: switch '-mcpu=cortex-a9' conflicts with '-march=armv7-a' switch
Building file: ../common/core/src/ux_host_stack_transfer_request_abort.c
Building file: ../common/core/src/ux_host_stack_uninitialize.c
Building file: ../common/core/src/ux_system_error_handler.c
../common/core/src/ux_host_stack_transfer_request.c
cc1.exe: warning: switch '-mcpu=cortex-a9' conflicts with '-march=armv7-a' switch
../common/core/src/ux_host_stack_transfer_request_abort.c
cc1.exe: warning: switch '-mcpu=cortex-a9' conflicts with '-march=armv7-a' switch
cc1.exe: warning: switch '-mcpu=cortex-a9' conflicts with '-march=armv7-a' switch
Building file: ../common/core/src/ux_system_initialize.c
../common/core/src/ux_host_stack_uninitialize.c
../common/core/src/ux_system_error_handler.c
Building file: ../common/core/src/ux_system_uninitialize.c
../common/core/src/ux_system_initialize.c
cc1.exe: warning: switch '-mcpu=cortex-a9' conflicts with '-march=armv7-a' switch
cc1.exe: warning: switch '-mcpu=cortex-a9' conflicts with '-march=armv7-a' switch
../common/core/src/ux_system_uninitialize.c
cc1.exe: warning: switch '-mcpu=cortex-a9' conflicts with '-march=armv7-a' switch
Building file: ../common/core/src/ux_trace_event_insert.c
cc1.exe: warning: switch '-mcpu=cortex-a9' conflicts with '-march=armv7-a' switch
cc1.exe: warning: switch '-mcpu=cortex-a9' conflicts with '-march=armv7-a' switch
Building file: ../common/core/src/ux_trace_event_update.c
cc1.exe: warning: switch '-mcpu=cortex-a9' conflicts with '-march=armv7-a' switch
../common/core/src/ux_trace_event_insert.c
Building file: ../common/core/src/ux_trace_object_register.c
Building file: ../common/core/src/ux_trace_object_unregister.c
Building file: ../common/core/src/ux_utility_debug_callback_register.c
../common/core/src/ux_trace_object_register.c
../common/core/src/ux_trace_event_update.c
Building file: ../common/core/src/ux_utility_debug_log.c
../common/core/src/ux_trace_object_unregister.c
../common/core/src/ux_utility_debug_callback_register.c
../common/core/src/ux_utility_debug_log.c
cc1.exe: warning: switch '-mcpu=cortex-a9' conflicts with '-march=armv7-a' switch
Building file: ../common/core/src/ux_utility_delay_ms.c
cc1.exe: warning: switch '-mcpu=cortex-a9' conflicts with '-march=armv7-a' switch
cc1.exe: warning: switch '-mcpu=cortex-a9' conflicts with '-march=armv7-a' switch
cc1.exe: warning: switch '-mcpu=cortex-a9' conflicts with '-march=armv7-a' switch
cc1.exe: warning: switch '-mcpu=cortex-a9' conflicts with '-march=armv7-a' switch
../common/core/src/ux_utility_delay_ms.c
Building file: ../common/core/src/ux_utility_descriptor_pack.c
cc1.exe: warning: switch '-mcpu=cortex-a9' conflicts with '-march=armv7-a' switch
../common/core/src/ux_utility_descriptor_pack.c
cc1.exe: warning: switch '-mcpu=cortex-a9' conflicts with '-march=armv7-a' switch
Building file: ../common/core/src/ux_utility_descriptor_parse.c
cc1.exe: warning: switch '-mcpu=cortex-a9' conflicts with '-march=armv7-a' switch
../common/core/src/ux_utility_descriptor_parse.c
Building file: ../common/core/src/ux_utility_error_callback_register.c
Building file: ../common/core/src/ux_utility_event_flags_create.c
../common/core/src/ux_utility_error_callback_register.c
Building file: ../common/core/src/ux_utility_event_flags_delete.c
Building file: ../common/core/src/ux_utility_event_flags_get.c
../common/core/src/ux_utility_event_flags_create.c
Building file: ../common/core/src/ux_utility_event_flags_set.c
Building file: ../common/core/src/ux_utility_long_get.c
cc1.exe: warning: switch '-mcpu=cortex-a9' conflicts with '-march=armv7-a' switch
../common/core/src/ux_utility_event_flags_delete.c
Building file: ../common/core/src/ux_utility_long_get_big_endian.c
../common/core/src/ux_utility_event_flags_get.c
../common/core/src/ux_utility_long_get.c
../common/core/src/ux_utility_event_flags_set.c
cc1.exe: warning: switch '-mcpu=cortex-a9' conflicts with '-march=armv7-a' switch
cc1.exe: warning: switch '-mcpu=cortex-a9' conflicts with '-march=armv7-a' switch
../common/core/src/ux_utility_long_get_big_endian.c
cc1.exe: warning: switch '-mcpu=cortex-a9' conflicts with '-march=armv7-a' switch
Building file: ../common/core/src/ux_utility_long_put.c
cc1.exe: warning: switch '-mcpu=cortex-a9' conflicts with '-march=armv7-a' switch
cc1.exe: warning: switch '-mcpu=cortex-a9' conflicts with '-march=armv7-a' switch
cc1.exe: warning: switch '-mcpu=cortex-a9' conflicts with '-march=armv7-a' switch
../common/core/src/ux_utility_long_put.c
Building file: ../common/core/src/ux_utility_long_put_big_endian.c
../common/core/src/ux_utility_long_put_big_endian.c
cc1.exe: warning: switch '-mcpu=cortex-a9' conflicts with '-march=armv7-a' switch
Building file: ../common/core/src/ux_utility_memory_allocate.c
../common/core/src/ux_utility_memory_allocate.c
Building file: ../common/core/src/ux_utility_memory_allocate_add_safe.c
cc1.exe: warning: switch '-mcpu=cortex-a9' conflicts with '-march=armv7-a' switch
Building file: ../common/core/src/ux_utility_memory_allocate_mulc_safe.c
cc1.exe: warning: switch '-mcpu=cortex-a9' conflicts with '-march=armv7-a' switch
Building file: ../common/core/src/ux_utility_memory_allocate_mulv_safe.c
../common/core/src/ux_utility_memory_allocate_add_safe.c
cc1.exe: warning: switch '-mcpu=cortex-a9' conflicts with '-march=armv7-a' switch
../common/core/src/ux_utility_memory_allocate_mulc_safe.c
Building file: ../common/core/src/ux_utility_memory_compare.c
../common/core/src/ux_utility_memory_allocate_mulv_safe.c
Building file: ../common/core/src/ux_utility_memory_copy.c
Building file: ../common/core/src/ux_utility_memory_free.c
../common/core/src/ux_utility_memory_compare.c
../common/core/src/ux_utility_memory_copy.c
../common/core/src/ux_utility_memory_free.c
cc1.exe: warning: switch '-mcpu=cortex-a9' conflicts with '-march=armv7-a' switch
cc1.exe: warning: switch '-mcpu=cortex-a9' conflicts with '-march=armv7-a' switch
cc1.exe: warning: switch '-mcpu=cortex-a9' conflicts with '-march=armv7-a' switch
cc1.exe: warning: switch '-mcpu=cortex-a9' conflicts with '-march=armv7-a' switch
cc1.exe: warning: switch '-mcpu=cortex-a9' conflicts with '-march=armv7-a' switch
cc1.exe: warning: switch '-mcpu=cortex-a9' conflicts with '-march=armv7-a' switch
Building file: ../common/core/src/ux_utility_memory_free_block_best_get.c
Building file: ../common/core/src/ux_utility_memory_set.c
Building file: ../common/core/src/ux_utility_mutex_create.c
../common/core/src/ux_utility_memory_free_block_best_get.c
../common/core/src/ux_utility_memory_set.c
Building file: ../common/core/src/ux_utility_mutex_delete.c
Building file: ../common/core/src/ux_utility_mutex_off.c
Building file: ../common/core/src/ux_utility_mutex_on.c
../common/core/src/ux_utility_mutex_create.c
../common/core/src/ux_utility_mutex_delete.c
../common/core/src/ux_utility_mutex_on.c
../common/core/src/ux_utility_mutex_off.c
cc1.exe: warning: switch '-mcpu=cortex-a9' conflicts with '-march=armv7-a' switch
cc1.exe: warning: switch '-mcpu=cortex-a9' conflicts with '-march=armv7-a' switch
cc1.exe: warning: switch '-mcpu=cortex-a9' conflicts with '-march=armv7-a' switch
Building file: ../common/core/src/ux_utility_pci_class_scan.c
cc1.exe: warning: switch '-mcpu=cortex-a9' conflicts with '-march=armv7-a' switch
Building file: ../common/core/src/ux_utility_pci_read.c
Building file: ../common/core/src/ux_utility_pci_write.c
cc1.exe: warning: switch '-mcpu=cortex-a9' conflicts with '-march=armv7-a' switch
cc1.exe: warning: switch '-mcpu=cortex-a9' conflicts with '-march=armv7-a' switch
../common/core/src/ux_utility_pci_read.c
../common/core/src/ux_utility_pci_class_scan.c
Building file: ../common/core/src/ux_utility_physical_address.c
../common/core/src/ux_utility_pci_write.c
../common/core/src/ux_utility_physical_address.c
cc1.exe: warning: switch '-mcpu=cortex-a9' conflicts with '-march=armv7-a' switch
cc1.exe: warning: switch '-mcpu=cortex-a9' conflicts with '-march=armv7-a' switch
cc1.exe: warning: switch '-mcpu=cortex-a9' conflicts with '-march=armv7-a' switch
Building file: ../common/core/src/ux_utility_semaphore_create.c
Building file: ../common/core/src/ux_utility_semaphore_delete.c
cc1.exe: warning: switch '-mcpu=cortex-a9' conflicts with '-march=armv7-a' switch
Building file: ../common/core/src/ux_utility_semaphore_get.c
Building file: ../common/core/src/ux_utility_semaphore_put.c
../common/core/src/ux_utility_semaphore_create.c
../common/core/src/ux_utility_semaphore_delete.c
Building file: ../common/core/src/ux_utility_set_interrupt_handler.c
Building file: ../common/core/src/ux_utility_short_get.c
../common/core/src/ux_utility_semaphore_get.c
../common/core/src/ux_utility_semaphore_put.c
Building file: ../common/core/src/ux_utility_short_get_big_endian.c
../common/core/src/ux_utility_set_interrupt_handler.c
../common/core/src/ux_utility_short_get.c
cc1.exe: warning: switch '-mcpu=cortex-a9' conflicts with '-march=armv7-a' switch
Building file: ../common/core/src/ux_utility_short_put.c
../common/core/src/ux_utility_short_get_big_endian.c
cc1.exe: warning: switch '-mcpu=cortex-a9' conflicts with '-march=armv7-a' switch
Building file: ../common/core/src/ux_utility_short_put_big_endian.c
cc1.exe: warning: switch '-mcpu=cortex-a9' conflicts with '-march=armv7-a' switch
cc1.exe: warning: switch '-mcpu=cortex-a9' conflicts with '-march=armv7-a' switch
Building file: ../common/core/src/ux_utility_string_length_check.c
cc1.exe: warning: switch '-mcpu=cortex-a9' conflicts with '-march=armv7-a' switch
../common/core/src/ux_utility_short_put.c
cc1.exe: warning: switch '-mcpu=cortex-a9' conflicts with '-march=armv7-a' switch
../common/core/src/ux_utility_short_put_big_endian.c
cc1.exe: warning: switch '-mcpu=cortex-a9' conflicts with '-march=armv7-a' switch
../common/core/src/ux_utility_string_length_check.c
Building file: ../common/core/src/ux_utility_string_length_get.c
Building file: ../common/core/src/ux_utility_string_to_unicode.c
cc1.exe: warning: switch '-mcpu=cortex-a9' conflicts with '-march=armv7-a' switch
../common/core/src/ux_utility_string_to_unicode.c
../common/core/src/ux_utility_string_length_get.c
cc1.exe: warning: switch '-mcpu=cortex-a9' conflicts with '-march=armv7-a' switch
Building file: ../common/core/src/ux_utility_thread_create.c
cc1.exe: warning: switch '-mcpu=cortex-a9' conflicts with '-march=armv7-a' switch
../common/core/src/ux_utility_thread_create.c
cc1.exe: warning: switch '-mcpu=cortex-a9' conflicts with '-march=armv7-a' switch
Building file: ../common/core/src/ux_utility_thread_delete.c
Building file: ../common/core/src/ux_utility_thread_identify.c
Building file: ../common/core/src/ux_utility_thread_relinquish.c
cc1.exe: warning: switch '-mcpu=cortex-a9' conflicts with '-march=armv7-a' switch
../common/core/src/ux_utility_thread_delete.c
../common/core/src/ux_utility_thread_relinquish.c
../common/core/src/ux_utility_thread_identify.c
Building file: ../common/core/src/ux_utility_thread_resume.c
cc1.exe: warning: switch '-mcpu=cortex-a9' conflicts with '-march=armv7-a' switch
../common/core/src/ux_utility_thread_resume.c
Building file: ../common/core/src/ux_utility_thread_schedule_other.c
cc1.exe: warning: switch '-mcpu=cortex-a9' conflicts with '-march=armv7-a' switch
cc1.exe: warning: switch '-mcpu=cortex-a9' conflicts with '-march=armv7-a' switch
cc1.exe: warning: switch '-mcpu=cortex-a9' conflicts with '-march=armv7-a' switch
cc1.exe: warning: switch '-mcpu=cortex-a9' conflicts with '-march=armv7-a' switch
../common/core/src/ux_utility_thread_schedule_other.c
Building file: ../common/core/src/ux_utility_thread_sleep.c
Building file: ../common/core/src/ux_utility_thread_suspend.c
Building file: ../common/core/src/ux_utility_timer_create.c
../common/core/src/ux_utility_thread_sleep.c
Building file: ../common/core/src/ux_utility_timer_delete.c
../common/core/src/ux_utility_thread_suspend.c
../common/core/src/ux_utility_timer_create.c
cc1.exe: warning: switch '-mcpu=cortex-a9' conflicts with '-march=armv7-a' switch
../common/core/src/ux_utility_timer_delete.c
cc1.exe: warning: switch '-mcpu=cortex-a9' conflicts with '-march=armv7-a' switch
cc1.exe: warning: switch '-mcpu=cortex-a9' conflicts with '-march=armv7-a' switch
Building file: ../common/core/src/ux_utility_unicode_to_string.c
Building file: ../common/core/src/ux_utility_virtual_address.c
cc1.exe: warning: switch '-mcpu=cortex-a9' conflicts with '-march=armv7-a' switch
cc1.exe: warning: switch '-mcpu=cortex-a9' conflicts with '-march=armv7-a' switch
../common/core/src/ux_utility_unicode_to_string.c
../common/core/src/ux_utility_virtual_address.c
cc1.exe: warning: switch '-mcpu=cortex-a9' conflicts with '-march=armv7-a' switch
cc1.exe: warning: switch '-mcpu=cortex-a9' conflicts with '-march=armv7-a' switch
Building target: libusbx.a
arm-none-eabi-ar: creating libusbx.a
