Extracting support files...
13:35:59 **** Build of configuration RZA1H Debug for project r_sample_threadx ****
make -r -j12 all 
Building file: ../src/mylib/mylib.c
Building file: ../src/sample_threadx.c
../src/mylib/mylib.c
../src/sample_threadx.c
Building target: r_sample_threadx.elf
arm-none-eabi-objcopy -O srec "r_sample_threadx.elf"  "r_sample_threadx.srec"
arm-none-eabi-size --format=berkeley "r_sample_threadx.elf"
   text	   data	    bss	    dec	    hex	filename
 145820	  10792	2670712	2827324	 2b243c	r_sample_threadx.elf
Extracting support files...
13:37:03 **** Build of configuration Debug for project filex ****
make -r -j12 all 
Building file: ../common/src/fx_directory_attributes_read.c
Building file: ../common/src/fx_directory_attributes_set.c
Building file: ../common/src/fx_directory_create.c
../common/src/fx_directory_attributes_read.c
../common/src/fx_directory_attributes_set.c
Building file: ../common/src/fx_directory_default_get.c
../common/src/fx_directory_create.c
Building file: ../common/src/fx_directory_default_get_copy.c
Building file: ../common/src/fx_directory_default_set.c
../common/src/fx_directory_default_set.c
../common/src/fx_directory_default_get_copy.c
Building file: ../common/src/fx_directory_entry_read.c
Building file: ../common/src/fx_directory_delete.c
../common/src/fx_directory_default_get.c
Building file: ../common/src/fx_directory_exFAT_entry_read.c
Building file: ../common/src/fx_directory_exFAT_entry_write.c
Building file: ../common/src/fx_directory_entry_write.c
../common/src/fx_directory_delete.c
../common/src/fx_directory_entry_read.c
../common/src/fx_directory_entry_write.c
../common/src/fx_directory_exFAT_entry_read.c
Building file: ../common/src/fx_directory_exFAT_free_search.c
../common/src/fx_directory_exFAT_entry_write.c
../common/src/fx_directory_exFAT_free_search.c
Building file: ../common/src/fx_directory_exFAT_unicode_entry_write.c
../common/src/fx_directory_exFAT_unicode_entry_write.c
Building file: ../common/src/fx_directory_first_entry_find.c
Building file: ../common/src/fx_directory_first_full_entry_find.c
Building file: ../common/src/fx_directory_free_search.c
Building file: ../common/src/fx_directory_information_get.c
../common/src/fx_directory_first_entry_find.c
../common/src/fx_directory_first_full_entry_find.c
Building file: ../common/src/fx_directory_local_path_clear.c
../common/src/fx_directory_information_get.c
../common/src/fx_directory_free_search.c
../common/src/fx_directory_local_path_clear.c
Building file: ../common/src/fx_directory_local_path_get_copy.c
Building file: ../common/src/fx_directory_local_path_get.c
Building file: ../common/src/fx_directory_local_path_restore.c
Building file: ../common/src/fx_directory_local_path_set.c
../common/src/fx_directory_local_path_get_copy.c
../common/src/fx_directory_local_path_get.c
Building file: ../common/src/fx_directory_long_name_get.c
Building file: ../common/src/fx_directory_long_name_get_extended.c
../common/src/fx_directory_local_path_restore.c
../common/src/fx_directory_local_path_set.c
../common/src/fx_directory_long_name_get_extended.c
../common/src/fx_directory_long_name_get.c
Building file: ../common/src/fx_directory_name_extract.c
Building file: ../common/src/fx_directory_name_test.c
../common/src/fx_directory_name_test.c
Building file: ../common/src/fx_directory_next_entry_find.c
../common/src/fx_directory_name_extract.c
Building file: ../common/src/fx_directory_next_full_entry_find.c
Building file: ../common/src/fx_directory_rename.c
Building file: ../common/src/fx_directory_search.c
../common/src/fx_directory_next_entry_find.c
../common/src/fx_directory_next_full_entry_find.c
Building file: ../common/src/fx_directory_short_name_get.c
../common/src/fx_directory_rename.c
Building file: ../common/src/fx_directory_short_name_get_extended.c
../common/src/fx_directory_search.c
../common/src/fx_directory_short_name_get.c
../common/src/fx_directory_short_name_get_extended.c
Building file: ../common/src/fx_fault_tolerant_add_FAT_log.c
../common/src/fx_fault_tolerant_add_FAT_log.c
Building file: ../common/src/fx_fault_tolerant_add_bitmap_log.c
../common/src/fx_fault_tolerant_add_bitmap_log.c
Building file: ../common/src/fx_fault_tolerant_add_checksum_log.c
Building file: ../common/src/fx_fault_tolerant_add_dir_log.c
Building file: ../common/src/fx_fault_tolerant_apply_logs.c
../common/src/fx_fault_tolerant_add_dir_log.c
../common/src/fx_fault_tolerant_add_checksum_log.c
Building file: ../common/src/fx_fault_tolerant_calculate_checksum.c
../common/src/fx_fault_tolerant_apply_logs.c
Building file: ../common/src/fx_fault_tolerant_cleanup_FAT_chain.c
../common/src/fx_fault_tolerant_calculate_checksum.c
Building file: ../common/src/fx_fault_tolerant_create_log_file.c
Building file: ../common/src/fx_fault_tolerant_enable.c
../common/src/fx_fault_tolerant_cleanup_FAT_chain.c
Building file: ../common/src/fx_fault_tolerant_read_FAT.c
../common/src/fx_fault_tolerant_create_log_file.c
../common/src/fx_fault_tolerant_enable.c
Building file: ../common/src/fx_fault_tolerant_read_directory_sector.c
../common/src/fx_fault_tolerant_read_FAT.c
../common/src/fx_fault_tolerant_read_directory_sector.c
Building file: ../common/src/fx_fault_tolerant_read_log_file.c
Building file: ../common/src/fx_fault_tolerant_recover.c
../common/src/fx_fault_tolerant_read_log_file.c
../common/src/fx_fault_tolerant_recover.c
Building file: ../common/src/fx_fault_tolerant_set_FAT_chain.c
Building file: ../common/src/fx_fault_tolerant_reset_log_file.c
../common/src/fx_fault_tolerant_reset_log_file.c
Building file: ../common/src/fx_fault_tolerant_transaction_start.c
Building file: ../common/src/fx_fault_tolerant_transaction_fail.c
Building file: ../common/src/fx_fault_tolerant_transaction_end.c
Building file: ../common/src/fx_file_allocate.c
Building file: ../common/src/fx_fault_tolerant_write_log_file.c
../common/src/fx_fault_tolerant_transaction_fail.c
../common/src/fx_fault_tolerant_set_FAT_chain.c
../common/src/fx_fault_tolerant_transaction_start.c
../common/src/fx_fault_tolerant_transaction_end.c
../common/src/fx_file_allocate.c
Building file: ../common/src/fx_file_attributes_read.c
../common/src/fx_fault_tolerant_write_log_file.c
Building file: ../common/src/fx_file_attributes_set.c
Building file: ../common/src/fx_file_best_effort_allocate.c
../common/src/fx_file_attributes_set.c
../common/src/fx_file_attributes_read.c
../common/src/fx_file_best_effort_allocate.c
Building file: ../common/src/fx_file_close.c
Building file: ../common/src/fx_file_create.c
../common/src/fx_file_close.c
../common/src/fx_file_create.c
Building file: ../common/src/fx_file_date_time_set.c
Building file: ../common/src/fx_file_delete.c
../common/src/fx_file_date_time_set.c
Building file: ../common/src/fx_file_extended_best_effort_allocate.c
Building file: ../common/src/fx_file_extended_allocate.c
Building file: ../common/src/fx_file_extended_relative_seek.c
../common/src/fx_file_delete.c
Building file: ../common/src/fx_file_extended_seek.c
../common/src/fx_file_extended_allocate.c
../common/src/fx_file_extended_relative_seek.c
Building file: ../common/src/fx_file_extended_truncate.c
../common/src/fx_file_extended_best_effort_allocate.c
Building file: ../common/src/fx_file_open.c
../common/src/fx_file_extended_seek.c
Building file: ../common/src/fx_file_extended_truncate_release.c
Building file: ../common/src/fx_file_read.c
../common/src/fx_file_extended_truncate_release.c
../common/src/fx_file_open.c
../common/src/fx_file_extended_truncate.c
../common/src/fx_file_read.c
Building file: ../common/src/fx_file_relative_seek.c
../common/src/fx_file_relative_seek.c
Building file: ../common/src/fx_file_rename.c
Building file: ../common/src/fx_file_seek.c
Building file: ../common/src/fx_file_truncate.c
../common/src/fx_file_rename.c
../common/src/fx_file_seek.c
../common/src/fx_file_truncate.c
Building file: ../common/src/fx_file_truncate_release.c
Building file: ../common/src/fx_file_write.c
Building file: ../common/src/fx_file_write_notify_set.c
Building file: ../common/src/fx_media_abort.c
../common/src/fx_file_truncate_release.c
../common/src/fx_file_write.c
../common/src/fx_file_write_notify_set.c
Building file: ../common/src/fx_media_boot_info_extract.c
../common/src/fx_media_abort.c
Building file: ../common/src/fx_media_cache_invalidate.c
../common/src/fx_media_boot_info_extract.c
Building file: ../common/src/fx_media_check.c
../common/src/fx_media_cache_invalidate.c
../common/src/fx_media_check.c
Building file: ../common/src/fx_media_check_FAT_chain_check.c
Building file: ../common/src/fx_media_check_lost_cluster_check.c
../common/src/fx_media_check_FAT_chain_check.c
Building file: ../common/src/fx_media_close.c
../common/src/fx_media_check_lost_cluster_check.c
Building file: ../common/src/fx_media_close_notify_set.c
Building file: ../common/src/fx_media_exFAT_format.c
../common/src/fx_media_close.c
Building file: ../common/src/fx_media_extended_space_available.c
Building file: ../common/src/fx_media_flush.c
../common/src/fx_media_close_notify_set.c
Building file: ../common/src/fx_media_format.c
../common/src/fx_media_extended_space_available.c
../common/src/fx_media_exFAT_format.c
../common/src/fx_media_flush.c
Building file: ../common/src/fx_media_format_oem_name_set.c
Building file: ../common/src/fx_media_format_type_set.c
Building file: ../common/src/fx_media_format_volume_id_set.c
../common/src/fx_media_format_type_set.c
../common/src/fx_media_format_oem_name_set.c
../common/src/fx_media_format.c
../common/src/fx_media_format_volume_id_set.c
Building file: ../common/src/fx_media_open.c
Building file: ../common/src/fx_media_open_notify_set.c
Building file: ../common/src/fx_media_read.c
Building file: ../common/src/fx_media_space_available.c
../common/src/fx_media_open.c
../common/src/fx_media_open_notify_set.c
../common/src/fx_media_read.c
Building file: ../common/src/fx_media_volume_get.c
../common/src/fx_media_space_available.c
../common/src/fx_media_volume_get.c
Building file: ../common/src/fx_media_volume_get_extended.c
Building file: ../common/src/fx_media_volume_set.c
Building file: ../common/src/fx_media_write.c
../common/src/fx_media_volume_get_extended.c
../common/src/fx_media_volume_set.c
../common/src/fx_media_write.c
Building file: ../common/src/fx_partition_offset_calculate.c
Building file: ../common/src/fx_ram_driver.c
../common/src/fx_partition_offset_calculate.c
../common/src/fx_ram_driver.c
Building file: ../common/src/fx_system_date_get.c
Building file: ../common/src/fx_system_date_set.c
Building file: ../common/src/fx_system_initialize.c
../common/src/fx_system_date_get.c
../common/src/fx_system_date_set.c
../common/src/fx_system_initialize.c
Building file: ../common/src/fx_system_time_get.c
Building file: ../common/src/fx_system_time_set.c
Building file: ../common/src/fx_system_timer_entry.c
../common/src/fx_system_time_get.c
../common/src/fx_system_time_set.c
Building file: ../common/src/fx_trace_event_insert.c
Building file: ../common/src/fx_trace_event_update.c
../common/src/fx_system_timer_entry.c
Building file: ../common/src/fx_trace_object_register.c
../common/src/fx_trace_event_insert.c
../common/src/fx_trace_event_update.c
../common/src/fx_trace_object_register.c
Building file: ../common/src/fx_trace_object_unregister.c
../common/src/fx_trace_object_unregister.c
Building file: ../common/src/fx_unicode_directory_create.c
../common/src/fx_unicode_directory_create.c
Building file: ../common/src/fx_unicode_directory_entry_change.c
Building file: ../common/src/fx_unicode_directory_rename.c
../common/src/fx_unicode_directory_entry_change.c
Building file: ../common/src/fx_unicode_directory_entry_read.c
../common/src/fx_unicode_directory_entry_read.c
../common/src/fx_unicode_directory_rename.c
Building file: ../common/src/fx_unicode_directory_search.c
../common/src/fx_unicode_directory_search.c
Building file: ../common/src/fx_unicode_file_create.c
Building file: ../common/src/fx_unicode_file_rename.c
Building file: ../common/src/fx_unicode_length_get.c
../common/src/fx_unicode_file_create.c
../common/src/fx_unicode_file_rename.c
Building file: ../common/src/fx_unicode_length_get_extended.c
../common/src/fx_unicode_length_get.c
Building file: ../common/src/fx_unicode_name_get.c
Building file: ../common/src/fx_unicode_name_get_extended.c
../common/src/fx_unicode_length_get_extended.c
../common/src/fx_unicode_name_get.c
../common/src/fx_unicode_name_get_extended.c
Building file: ../common/src/fx_unicode_short_name_get.c
Building file: ../common/src/fx_unicode_short_name_get_extended.c
Building file: ../common/src/fx_utility_16_unsigned_read.c
../common/src/fx_unicode_short_name_get.c
../common/src/fx_unicode_short_name_get_extended.c
../common/src/fx_utility_16_unsigned_read.c
Building file: ../common/src/fx_utility_16_unsigned_write.c
Building file: ../common/src/fx_utility_32_unsigned_read.c
Building file: ../common/src/fx_utility_64_unsigned_read.c
Building file: ../common/src/fx_utility_32_unsigned_write.c
../common/src/fx_utility_16_unsigned_write.c
../common/src/fx_utility_32_unsigned_read.c
../common/src/fx_utility_32_unsigned_write.c
Building file: ../common/src/fx_utility_64_unsigned_write.c
../common/src/fx_utility_64_unsigned_read.c
Building file: ../common/src/fx_utility_FAT_entry_read.c
Building file: ../common/src/fx_utility_FAT_entry_write.c
../common/src/fx_utility_64_unsigned_write.c
Building file: ../common/src/fx_utility_FAT_flush.c
../common/src/fx_utility_FAT_entry_read.c
../common/src/fx_utility_FAT_entry_write.c
../common/src/fx_utility_FAT_flush.c
Building file: ../common/src/fx_utility_FAT_map_flush.c
Building file: ../common/src/fx_utility_FAT_sector_get.c
Building file: ../common/src/fx_utility_absolute_path_get.c
Building file: ../common/src/fx_utility_exFAT_allocate_new_cluster.c
../common/src/fx_utility_absolute_path_get.c
../common/src/fx_utility_FAT_map_flush.c
../common/src/fx_utility_FAT_sector_get.c
../common/src/fx_utility_exFAT_allocate_new_cluster.c
Building file: ../common/src/fx_utility_exFAT_bitmap_cache_prepare.c
Building file: ../common/src/fx_utility_exFAT_bitmap_cache_update.c
Building file: ../common/src/fx_utility_exFAT_bitmap_flush.c
Building file: ../common/src/fx_utility_exFAT_bitmap_free_cluster_find.c
../common/src/fx_utility_exFAT_bitmap_cache_prepare.c
../common/src/fx_utility_exFAT_bitmap_flush.c
../common/src/fx_utility_exFAT_bitmap_cache_update.c
Building file: ../common/src/fx_utility_exFAT_bitmap_initialize.c
../common/src/fx_utility_exFAT_bitmap_free_cluster_find.c
Building file: ../common/src/fx_utility_exFAT_bitmap_start_sector_get.c
Building file: ../common/src/fx_utility_exFAT_cluster_free.c
../common/src/fx_utility_exFAT_bitmap_initialize.c
Building file: ../common/src/fx_utility_exFAT_cluster_state_get.c
Building file: ../common/src/fx_utility_exFAT_cluster_state_set.c
../common/src/fx_utility_exFAT_cluster_free.c
../common/src/fx_utility_exFAT_bitmap_start_sector_get.c
Building file: ../common/src/fx_utility_exFAT_geometry_check.c
../common/src/fx_utility_exFAT_cluster_state_get.c
../common/src/fx_utility_exFAT_geometry_check.c
Building file: ../common/src/fx_utility_exFAT_name_hash_get.c
../common/src/fx_utility_exFAT_cluster_state_set.c
../common/src/fx_utility_exFAT_name_hash_get.c
Building file: ../common/src/fx_utility_exFAT_size_calculate.c
../common/src/fx_utility_exFAT_size_calculate.c
Building file: ../common/src/fx_utility_exFAT_system_area_checksum_verify.c
Building file: ../common/src/fx_utility_exFAT_system_area_checksum_write.c
Building file: ../common/src/fx_utility_exFAT_system_area_format.c
../common/src/fx_utility_exFAT_system_area_checksum_verify.c
../common/src/fx_utility_exFAT_system_area_checksum_write.c
../common/src/fx_utility_exFAT_system_area_format.c
Building file: ../common/src/fx_utility_exFAT_system_sector_write.c
Building file: ../common/src/fx_utility_exFAT_unicode_name_hash_get.c
../common/src/fx_utility_exFAT_system_sector_write.c
Building file: ../common/src/fx_utility_exFAT_upcase_table.c
../common/src/fx_utility_exFAT_unicode_name_hash_get.c
Building file: ../common/src/fx_utility_logical_sector_cache_entry_read.c
Building file: ../common/src/fx_utility_logical_sector_flush.c
../common/src/fx_utility_exFAT_upcase_table.c
Building file: ../common/src/fx_utility_logical_sector_read.c
../common/src/fx_utility_logical_sector_cache_entry_read.c
../common/src/fx_utility_logical_sector_flush.c
Building file: ../common/src/fx_utility_logical_sector_write.c
../common/src/fx_utility_logical_sector_read.c
Building file: ../common/src/fx_utility_memory_copy.c
../common/src/fx_utility_memory_copy.c
../common/src/fx_utility_logical_sector_write.c
Building file: ../common/src/fx_utility_memory_set.c
../common/src/fx_utility_memory_set.c
Building file: ../common/src/fx_utility_string_length_get.c
Building file: ../common/src/fx_utility_token_length_get.c
Building file: ../common/src/fxe_directory_attributes_read.c
Building file: ../common/src/fxe_directory_attributes_set.c
../common/src/fx_utility_string_length_get.c
../common/src/fx_utility_token_length_get.c
Building file: ../common/src/fxe_directory_create.c
../common/src/fxe_directory_attributes_read.c
Building file: ../common/src/fxe_directory_default_get.c
Building file: ../common/src/fxe_directory_default_get_copy.c
../common/src/fxe_directory_attributes_set.c
Building file: ../common/src/fxe_directory_default_set.c
../common/src/fxe_directory_create.c
../common/src/fxe_directory_default_get.c
Building file: ../common/src/fxe_directory_delete.c
Building file: ../common/src/fxe_directory_first_entry_find.c
../common/src/fxe_directory_default_set.c
../common/src/fxe_directory_default_get_copy.c
../common/src/fxe_directory_delete.c
../common/src/fxe_directory_first_entry_find.c
Building file: ../common/src/fxe_directory_first_full_entry_find.c
../common/src/fxe_directory_first_full_entry_find.c
Building file: ../common/src/fxe_directory_information_get.c
Building file: ../common/src/fxe_directory_local_path_clear.c
Building file: ../common/src/fxe_directory_local_path_get.c
Building file: ../common/src/fxe_directory_local_path_get_copy.c
../common/src/fxe_directory_information_get.c
../common/src/fxe_directory_local_path_clear.c
../common/src/fxe_directory_local_path_get.c
../common/src/fxe_directory_local_path_get_copy.c
Building file: ../common/src/fxe_directory_local_path_restore.c
../common/src/fxe_directory_local_path_restore.c
Building file: ../common/src/fxe_directory_local_path_set.c
Building file: ../common/src/fxe_directory_long_name_get.c
../common/src/fxe_directory_local_path_set.c
../common/src/fxe_directory_long_name_get.c
Building file: ../common/src/fxe_directory_long_name_get_extended.c
Building file: ../common/src/fxe_directory_name_test.c
../common/src/fxe_directory_long_name_get_extended.c
../common/src/fxe_directory_name_test.c
Building file: ../common/src/fxe_directory_next_entry_find.c
Building file: ../common/src/fxe_directory_next_full_entry_find.c
../common/src/fxe_directory_next_entry_find.c
../common/src/fxe_directory_next_full_entry_find.c
Building file: ../common/src/fxe_directory_rename.c
Building file: ../common/src/fxe_directory_short_name_get.c
Building file: ../common/src/fxe_directory_short_name_get_extended.c
../common/src/fxe_directory_rename.c
Building file: ../common/src/fxe_fault_tolerant_enable.c
../common/src/fxe_directory_short_name_get.c
Building file: ../common/src/fxe_file_allocate.c
../common/src/fxe_directory_short_name_get_extended.c
Building file: ../common/src/fxe_file_attributes_read.c
../common/src/fxe_file_allocate.c
../common/src/fxe_fault_tolerant_enable.c
../common/src/fxe_file_attributes_read.c
Building file: ../common/src/fxe_file_attributes_set.c
Building file: ../common/src/fxe_file_best_effort_allocate.c
../common/src/fxe_file_attributes_set.c
Building file: ../common/src/fxe_file_close.c
../common/src/fxe_file_best_effort_allocate.c
../common/src/fxe_file_close.c
Building file: ../common/src/fxe_file_create.c
../common/src/fxe_file_create.c
Building file: ../common/src/fxe_file_date_time_set.c
Building file: ../common/src/fxe_file_delete.c
../common/src/fxe_file_date_time_set.c
Building file: ../common/src/fxe_file_extended_allocate.c
../common/src/fxe_file_delete.c
Building file: ../common/src/fxe_file_extended_best_effort_allocate.c
Building file: ../common/src/fxe_file_extended_relative_seek.c
Building file: ../common/src/fxe_file_extended_seek.c
Building file: ../common/src/fxe_file_extended_truncate.c
../common/src/fxe_file_extended_allocate.c
../common/src/fxe_file_extended_best_effort_allocate.c
Building file: ../common/src/fxe_file_extended_truncate_release.c
../common/src/fxe_file_extended_seek.c
../common/src/fxe_file_extended_relative_seek.c
../common/src/fxe_file_extended_truncate.c
Building file: ../common/src/fxe_file_open.c
../common/src/fxe_file_extended_truncate_release.c
../common/src/fxe_file_open.c
Building file: ../common/src/fxe_file_read.c
Building file: ../common/src/fxe_file_relative_seek.c
../common/src/fxe_file_read.c
../common/src/fxe_file_relative_seek.c
Building file: ../common/src/fxe_file_rename.c
Building file: ../common/src/fxe_file_seek.c
Building file: ../common/src/fxe_file_truncate.c
../common/src/fxe_file_rename.c
Building file: ../common/src/fxe_file_truncate_release.c
Building file: ../common/src/fxe_file_write.c
../common/src/fxe_file_seek.c
../common/src/fxe_file_truncate.c
../common/src/fxe_file_truncate_release.c
Building file: ../common/src/fxe_file_write_notify_set.c
../common/src/fxe_file_write.c
Building file: ../common/src/fxe_media_abort.c
../common/src/fxe_file_write_notify_set.c
Building file: ../common/src/fxe_media_cache_invalidate.c
../common/src/fxe_media_abort.c
Building file: ../common/src/fxe_media_check.c
../common/src/fxe_media_cache_invalidate.c
../common/src/fxe_media_check.c
Building file: ../common/src/fxe_media_close.c
../common/src/fxe_media_close.c
Building file: ../common/src/fxe_media_close_notify_set.c
Building file: ../common/src/fxe_media_exFAT_format.c
../common/src/fxe_media_close_notify_set.c
../common/src/fxe_media_exFAT_format.c
Building file: ../common/src/fxe_media_extended_space_available.c
Building file: ../common/src/fxe_media_flush.c
Building file: ../common/src/fxe_media_format.c
../common/src/fxe_media_extended_space_available.c
../common/src/fxe_media_format.c
../common/src/fxe_media_flush.c
Building file: ../common/src/fxe_media_open.c
Building file: ../common/src/fxe_media_open_notify_set.c
../common/src/fxe_media_open.c
../common/src/fxe_media_open_notify_set.c
Building file: ../common/src/fxe_media_read.c
../common/src/fxe_media_read.c
Building file: ../common/src/fxe_media_space_available.c
Building file: ../common/src/fxe_media_volume_get.c
Building file: ../common/src/fxe_media_volume_get_extended.c
Building file: ../common/src/fxe_media_volume_set.c
../common/src/fxe_media_space_available.c
../common/src/fxe_media_volume_get.c
Building file: ../common/src/fxe_media_write.c
../common/src/fxe_media_volume_get_extended.c
../common/src/fxe_media_volume_set.c
../common/src/fxe_media_write.c
Building file: ../common/src/fxe_system_date_get.c
Building file: ../common/src/fxe_system_date_set.c
../common/src/fxe_system_date_get.c
../common/src/fxe_system_date_set.c
Building file: ../common/src/fxe_system_time_set.c
Building file: ../common/src/fxe_system_time_get.c
Building file: ../common/src/fxe_unicode_directory_create.c
../common/src/fxe_system_time_set.c
Building file: ../common/src/fxe_unicode_directory_rename.c
../common/src/fxe_system_time_get.c
Building file: ../common/src/fxe_unicode_file_create.c
../common/src/fxe_unicode_directory_create.c
../common/src/fxe_unicode_directory_rename.c
Building file: ../common/src/fxe_unicode_file_rename.c
../common/src/fxe_unicode_file_create.c
Building file: ../common/src/fxe_unicode_name_get.c
Building file: ../common/src/fxe_unicode_name_get_extended.c
../common/src/fxe_unicode_file_rename.c
../common/src/fxe_unicode_name_get.c
../common/src/fxe_unicode_name_get_extended.c
Building file: ../common/src/fxe_unicode_short_name_get.c
Building file: ../common/src/fxe_unicode_short_name_get_extended.c
../common/src/fxe_unicode_short_name_get.c
../common/src/fxe_unicode_short_name_get_extended.c
Building target: libfilex.a
arm-none-eabi-ar: creating libfilex.a
Extracting support files...
13:37:15 **** Build of configuration Debug for project guix ****
make -r -j12 all 
make --no-print-directory pre-build
 
make --no-print-directory main-build
Building file: ../common/src/gx_accordion_menu_create.c
Building file: ../common/src/gx_accordion_menu_draw.c
Building file: ../common/src/gx_accordion_menu_event_process.c
../common/src/gx_accordion_menu_create.c
../common/src/gx_accordion_menu_draw.c
Building file: ../common/src/gx_accordion_menu_position.c
../common/src/gx_accordion_menu_event_process.c
Building file: ../common/src/gx_animation_canvas_define.c
Building file: ../common/src/gx_animation_complete.c
../common/src/gx_accordion_menu_position.c
../common/src/gx_animation_complete.c
../common/src/gx_animation_canvas_define.c
Building file: ../common/src/gx_animation_create.c
Building file: ../common/src/gx_animation_drag_disable.c
Building file: ../common/src/gx_animation_drag_enable.c
../common/src/gx_animation_create.c
Building file: ../common/src/gx_animation_drag_event_process.c
../common/src/gx_animation_drag_disable.c
Building file: ../common/src/gx_animation_drag_tracking.c
Building file: ../common/src/gx_animation_drag_tracking_start.c
../common/src/gx_animation_drag_enable.c
../common/src/gx_animation_drag_event_process.c
../common/src/gx_animation_drag_tracking_start.c
../common/src/gx_animation_drag_tracking.c
Building file: ../common/src/gx_animation_landing_speed_set.c
Building file: ../common/src/gx_animation_slide_landing.c
../common/src/gx_animation_landing_speed_set.c
../common/src/gx_animation_slide_landing.c
Building file: ../common/src/gx_animation_slide_landing_start.c
Building file: ../common/src/gx_animation_start.c
Building file: ../common/src/gx_animation_stop.c
Building file: ../common/src/gx_animation_update.c
../common/src/gx_animation_slide_landing_start.c
../common/src/gx_animation_start.c
Building file: ../common/src/gx_binres_language_count_get.c
../common/src/gx_animation_stop.c
Building file: ../common/src/gx_binres_language_info_load.c
../common/src/gx_animation_update.c
Building file: ../common/src/gx_binres_language_table_load.c
../common/src/gx_binres_language_count_get.c
../common/src/gx_binres_language_info_load.c
../common/src/gx_binres_language_table_load.c
Building file: ../common/src/gx_binres_theme_load.c
Building file: ../common/src/gx_brush_default.c
../common/src/gx_binres_theme_load.c
Building file: ../common/src/gx_brush_define.c
../common/src/gx_brush_default.c
../common/src/gx_brush_define.c
Building file: ../common/src/gx_button_background_draw.c
Building file: ../common/src/gx_button_create.c
../common/src/gx_button_background_draw.c
Building file: ../common/src/gx_button_deselect.c
../common/src/gx_button_create.c
../common/src/gx_button_deselect.c
Building file: ../common/src/gx_button_draw.c
../common/src/gx_button_draw.c
Building file: ../common/src/gx_button_event_process.c
Building file: ../common/src/gx_button_select.c
Building file: ../common/src/gx_button_siblings_deselect.c
../common/src/gx_button_event_process.c
Building file: ../common/src/gx_canvas_alpha_set.c
../common/src/gx_button_select.c
Building file: ../common/src/gx_canvas_arc_draw.c
../common/src/gx_button_siblings_deselect.c
../common/src/gx_canvas_alpha_set.c
../common/src/gx_canvas_arc_draw.c
Building file: ../common/src/gx_canvas_block_move.c
Building file: ../common/src/gx_canvas_circle_draw.c
../common/src/gx_canvas_block_move.c
../common/src/gx_canvas_circle_draw.c
Building file: ../common/src/gx_canvas_composite_create.c
Building file: ../common/src/gx_canvas_create.c
../common/src/gx_canvas_composite_create.c
../common/src/gx_canvas_create.c
Building file: ../common/src/gx_canvas_delete.c
../common/src/gx_canvas_delete.c
Building file: ../common/src/gx_canvas_dirty_mark.c
Building file: ../common/src/gx_canvas_drawing_complete.c
../common/src/gx_canvas_dirty_mark.c
Building file: ../common/src/gx_canvas_drawing_initiate.c
Building file: ../common/src/gx_canvas_ellipse_draw.c
../common/src/gx_canvas_drawing_complete.c
Building file: ../common/src/gx_canvas_glyphs_draw.c
../common/src/gx_canvas_drawing_initiate.c
../common/src/gx_canvas_ellipse_draw.c
../common/src/gx_canvas_glyphs_draw.c
Building file: ../common/src/gx_canvas_hardware_layer_bind.c
Building file: ../common/src/gx_canvas_hide.c
Building file: ../common/src/gx_canvas_line_draw.c
../common/src/gx_canvas_hardware_layer_bind.c
../common/src/gx_canvas_hide.c
Building file: ../common/src/gx_canvas_memory_define.c
Building file: ../common/src/gx_canvas_mouse_define.c
../common/src/gx_canvas_line_draw.c
Building file: ../common/src/gx_canvas_mouse_hide.c
../common/src/gx_canvas_memory_define.c
../common/src/gx_canvas_mouse_define.c
Building file: ../common/src/gx_canvas_mouse_show.c
../common/src/gx_canvas_mouse_hide.c
../common/src/gx_canvas_mouse_show.c
Building file: ../common/src/gx_canvas_offset_set.c
Building file: ../common/src/gx_canvas_pie_draw.c
../common/src/gx_canvas_offset_set.c
../common/src/gx_canvas_pie_draw.c
Building file: ../common/src/gx_canvas_pixel_draw.c
Building file: ../common/src/gx_canvas_pixelmap_blend.c
Building file: ../common/src/gx_canvas_pixelmap_draw.c
../common/src/gx_canvas_pixelmap_blend.c
../common/src/gx_canvas_pixel_draw.c
Building file: ../common/src/gx_canvas_pixelmap_get.c
../common/src/gx_canvas_pixelmap_draw.c
Building file: ../common/src/gx_canvas_pixelmap_rotate.c
Building file: ../common/src/gx_canvas_pixelmap_tile.c
../common/src/gx_canvas_pixelmap_get.c
Building file: ../common/src/gx_canvas_polygon_draw.c
../common/src/gx_canvas_pixelmap_tile.c
../common/src/gx_canvas_pixelmap_rotate.c
Building file: ../common/src/gx_canvas_rectangle_draw.c
Building file: ../common/src/gx_canvas_rotated_text_draw.c
../common/src/gx_canvas_polygon_draw.c
../common/src/gx_canvas_rectangle_draw.c
../common/src/gx_canvas_rotated_text_draw.c
Building file: ../common/src/gx_canvas_shift.c
../common/src/gx_canvas_shift.c
Building file: ../common/src/gx_canvas_show.c
Building file: ../common/src/gx_canvas_text_draw.c
../common/src/gx_canvas_show.c
../common/src/gx_canvas_text_draw.c
Building file: ../common/src/gx_checkbox_create.c
../common/src/gx_checkbox_create.c
Building file: ../common/src/gx_checkbox_draw.c
Building file: ../common/src/gx_checkbox_event_process.c
Building file: ../common/src/gx_checkbox_pixelmap_set.c
../common/src/gx_checkbox_draw.c
Building file: ../common/src/gx_checkbox_select.c
../common/src/gx_checkbox_event_process.c
../common/src/gx_checkbox_pixelmap_set.c
Building file: ../common/src/gx_circular_gauge_angle_get.c
Building file: ../common/src/gx_circular_gauge_angle_increment_calculate.c
../common/src/gx_checkbox_select.c
../common/src/gx_circular_gauge_angle_get.c
Building file: ../common/src/gx_circular_gauge_angle_set.c
Building file: ../common/src/gx_circular_gauge_animation_set.c
../common/src/gx_circular_gauge_angle_increment_calculate.c
../common/src/gx_circular_gauge_animation_set.c
../common/src/gx_circular_gauge_angle_set.c
Building file: ../common/src/gx_circular_gauge_background_draw.c
../common/src/gx_circular_gauge_background_draw.c
Building file: ../common/src/gx_circular_gauge_create.c
Building file: ../common/src/gx_circular_gauge_draw.c
../common/src/gx_circular_gauge_draw.c
../common/src/gx_circular_gauge_create.c
Building file: ../common/src/gx_circular_gauge_event_process.c
../common/src/gx_circular_gauge_event_process.c
Building file: ../common/src/gx_circular_gauge_needle_dirty_mark.c
Building file: ../common/src/gx_circular_gauge_needle_rectangle_calculate.c
../common/src/gx_circular_gauge_needle_rectangle_calculate.c
../common/src/gx_circular_gauge_needle_dirty_mark.c
Building file: ../common/src/gx_circular_gauge_needle_rotate.c
Building file: ../common/src/gx_context_brush_default.c
../common/src/gx_context_brush_default.c
../common/src/gx_circular_gauge_needle_rotate.c
Building file: ../common/src/gx_context_brush_define.c
../common/src/gx_context_brush_define.c
Building file: ../common/src/gx_context_brush_get.c
../common/src/gx_context_brush_get.c
Building file: ../common/src/gx_context_brush_pattern_set.c
Building file: ../common/src/gx_context_brush_set.c
Building file: ../common/src/gx_context_brush_style_set.c
Building file: ../common/src/gx_context_brush_width_set.c
../common/src/gx_context_brush_pattern_set.c
../common/src/gx_context_brush_style_set.c
Building file: ../common/src/gx_context_color_get.c
../common/src/gx_context_brush_set.c
../common/src/gx_context_brush_width_set.c
Building file: ../common/src/gx_context_fill_color_set.c
../common/src/gx_context_color_get.c
Building file: ../common/src/gx_context_font_get.c
Building file: ../common/src/gx_context_font_set.c
../common/src/gx_context_fill_color_set.c
../common/src/gx_context_font_set.c
../common/src/gx_context_font_get.c
Building file: ../common/src/gx_context_line_color_set.c
../common/src/gx_context_line_color_set.c
Building file: ../common/src/gx_context_pixelmap_get.c
Building file: ../common/src/gx_context_pixelmap_set.c
../common/src/gx_context_pixelmap_get.c
../common/src/gx_context_pixelmap_set.c
Building file: ../common/src/gx_context_raw_brush_define.c
Building file: ../common/src/gx_context_raw_fill_color_set.c
Building file: ../common/src/gx_context_raw_line_color_set.c
Building file: ../common/src/gx_context_string_get.c
../common/src/gx_context_raw_brush_define.c
../common/src/gx_context_string_get.c
Building file: ../common/src/gx_display_active_language_set.c
../common/src/gx_context_raw_line_color_set.c
../common/src/gx_context_raw_fill_color_set.c
../common/src/gx_display_active_language_set.c
Building file: ../common/src/gx_display_color_set.c
Building file: ../common/src/gx_display_canvas_dirty.c
../common/src/gx_display_color_set.c
../common/src/gx_display_canvas_dirty.c
Building file: ../common/src/gx_display_color_table_set.c
../common/src/gx_display_color_table_set.c
Building file: ../common/src/gx_display_create.c
Building file: ../common/src/gx_display_delete.c
../common/src/gx_display_create.c
Building file: ../common/src/gx_display_driver_1555xrgb_canvas_blend.c
Building file: ../common/src/gx_display_driver_1555xrgb_jpeg_draw.c
../common/src/gx_display_delete.c
Building file: ../common/src/gx_display_driver_1555xrgb_native_color_get.c
../common/src/gx_display_driver_1555xrgb_canvas_blend.c
../common/src/gx_display_driver_1555xrgb_jpeg_draw.c
Building file: ../common/src/gx_display_driver_1555xrgb_pixel_blend.c
../common/src/gx_display_driver_1555xrgb_native_color_get.c
../common/src/gx_display_driver_1555xrgb_pixel_blend.c
Building file: ../common/src/gx_display_driver_1555xrgb_pixelmap_rotate.c
../common/src/gx_display_driver_1555xrgb_pixelmap_rotate.c
Building file: ../common/src/gx_display_driver_1555xrgb_png_draw.c
../common/src/gx_display_driver_1555xrgb_png_draw.c
Building file: ../common/src/gx_display_driver_1555xrgb_setup.c
Building file: ../common/src/gx_display_driver_16bpp_block_move.c
Building file: ../common/src/gx_display_driver_16bpp_canvas_copy.c
../common/src/gx_display_driver_1555xrgb_setup.c
Building file: ../common/src/gx_display_driver_16bpp_horizontal_line_draw.c
../common/src/gx_display_driver_16bpp_canvas_copy.c
../common/src/gx_display_driver_16bpp_block_move.c
../common/src/gx_display_driver_16bpp_horizontal_line_draw.c
Building file: ../common/src/gx_display_driver_16bpp_horizontal_pattern_line_draw.c
Building file: ../common/src/gx_display_driver_16bpp_mouse_capture.c
Building file: ../common/src/gx_display_driver_16bpp_mouse_restore.c
../common/src/gx_display_driver_16bpp_horizontal_pattern_line_draw.c
../common/src/gx_display_driver_16bpp_mouse_capture.c
../common/src/gx_display_driver_16bpp_mouse_restore.c
Building file: ../common/src/gx_display_driver_16bpp_pixel_write.c
../common/src/gx_display_driver_16bpp_pixel_write.c
Building file: ../common/src/gx_display_driver_16bpp_pixelmap_blend.c
Building file: ../common/src/gx_display_driver_16bpp_pixelmap_draw.c
Building file: ../common/src/gx_display_driver_16bpp_pixelmap_rotate.c
../common/src/gx_display_driver_16bpp_pixelmap_blend.c
Building file: ../common/src/gx_display_driver_16bpp_row_pitch_get.c
Building file: ../common/src/gx_display_driver_16bpp_simple_line_draw.c
../common/src/gx_display_driver_16bpp_pixelmap_rotate.c
../common/src/gx_display_driver_16bpp_row_pitch_get.c
../common/src/gx_display_driver_16bpp_pixelmap_draw.c
../common/src/gx_display_driver_16bpp_simple_line_draw.c
Building file: ../common/src/gx_display_driver_16bpp_vertical_line_draw.c
Building file: ../common/src/gx_display_driver_16bpp_vertical_pattern_line_draw.c
../common/src/gx_display_driver_16bpp_vertical_line_draw.c
../common/src/gx_display_driver_16bpp_vertical_pattern_line_draw.c
Building file: ../common/src/gx_display_driver_1bpp_block_move.c
Building file: ../common/src/gx_display_driver_1bpp_canvas_copy.c
../common/src/gx_display_driver_1bpp_block_move.c
../common/src/gx_display_driver_1bpp_canvas_copy.c
Building file: ../common/src/gx_display_driver_1bpp_glyph_1bpp_draw.c
../common/src/gx_display_driver_1bpp_glyph_1bpp_draw.c
Building file: ../common/src/gx_display_driver_1bpp_horizontal_line_draw.c
Building file: ../common/src/gx_display_driver_1bpp_horizontal_pattern_line_draw.c
../common/src/gx_display_driver_1bpp_horizontal_line_draw.c
Building file: ../common/src/gx_display_driver_1bpp_horizontal_pixelmap_line_draw.c
../common/src/gx_display_driver_1bpp_horizontal_pattern_line_draw.c
../common/src/gx_display_driver_1bpp_horizontal_pixelmap_line_draw.c
Building file: ../common/src/gx_display_driver_1bpp_mouse_capture.c
Building file: ../common/src/gx_display_driver_1bpp_mouse_restore.c
Building file: ../common/src/gx_display_driver_1bpp_native_color_get.c
Building file: ../common/src/gx_display_driver_1bpp_pixel_write.c
../common/src/gx_display_driver_1bpp_mouse_capture.c
Building file: ../common/src/gx_display_driver_1bpp_pixelmap_draw.c
../common/src/gx_display_driver_1bpp_mouse_restore.c
../common/src/gx_display_driver_1bpp_native_color_get.c
../common/src/gx_display_driver_1bpp_pixelmap_draw.c
../common/src/gx_display_driver_1bpp_pixel_write.c
Building file: ../common/src/gx_display_driver_1bpp_pixelmap_rotate.c
../common/src/gx_display_driver_1bpp_pixelmap_rotate.c
Building file: ../common/src/gx_display_driver_1bpp_row_pitch_get.c
Building file: ../common/src/gx_display_driver_1bpp_simple_line_draw.c
../common/src/gx_display_driver_1bpp_row_pitch_get.c
../common/src/gx_display_driver_1bpp_simple_line_draw.c
Building file: ../common/src/gx_display_driver_1bpp_vertical_line_draw.c
Building file: ../common/src/gx_display_driver_1bpp_vertical_pattern_line_draw.c
Building file: ../common/src/gx_display_driver_24xrgb_canvas_blend.c
../common/src/gx_display_driver_1bpp_vertical_line_draw.c
Building file: ../common/src/gx_display_driver_24xrgb_jpeg_draw.c
Building file: ../common/src/gx_display_driver_24xrgb_mouse_capture.c
../common/src/gx_display_driver_1bpp_vertical_pattern_line_draw.c
Building file: ../common/src/gx_display_driver_24xrgb_mouse_restore.c
../common/src/gx_display_driver_24xrgb_canvas_blend.c
../common/src/gx_display_driver_24xrgb_jpeg_draw.c
../common/src/gx_display_driver_24xrgb_mouse_restore.c
Building file: ../common/src/gx_display_driver_24xrgb_native_color_get.c
../common/src/gx_display_driver_24xrgb_mouse_capture.c
../common/src/gx_display_driver_24xrgb_native_color_get.c
Building file: ../common/src/gx_display_driver_24xrgb_pixel_blend.c
Building file: ../common/src/gx_display_driver_24xrgb_pixelmap_blend.c
../common/src/gx_display_driver_24xrgb_pixel_blend.c
../common/src/gx_display_driver_24xrgb_pixelmap_blend.c
Building file: ../common/src/gx_display_driver_24xrgb_png_draw.c
Building file: ../common/src/gx_display_driver_24xrgb_setup.c
../common/src/gx_display_driver_24xrgb_setup.c
../common/src/gx_display_driver_24xrgb_png_draw.c
Building file: ../common/src/gx_display_driver_32argb_native_color_get.c
Building file: ../common/src/gx_display_driver_32argb_pixel_blend.c
../common/src/gx_display_driver_32argb_native_color_get.c
Building file: ../common/src/gx_display_driver_32argb_pixelmap_blend.c
Building file: ../common/src/gx_display_driver_32argb_pixelmap_draw.c
Building file: ../common/src/gx_display_driver_32argb_setup.c
../common/src/gx_display_driver_32argb_pixelmap_blend.c
../common/src/gx_display_driver_32argb_pixel_blend.c
Building file: ../common/src/gx_display_driver_32bpp_block_move.c
Building file: ../common/src/gx_display_driver_32bpp_canvas_copy.c
../common/src/gx_display_driver_32argb_setup.c
../common/src/gx_display_driver_32argb_pixelmap_draw.c
Building file: ../common/src/gx_display_driver_32bpp_glyph_1bit_draw.c
../common/src/gx_display_driver_32bpp_block_move.c
Building file: ../common/src/gx_display_driver_32bpp_horizontal_line_draw.c
../common/src/gx_display_driver_32bpp_canvas_copy.c
../common/src/gx_display_driver_32bpp_glyph_1bit_draw.c
../common/src/gx_display_driver_32bpp_horizontal_line_draw.c
Building file: ../common/src/gx_display_driver_32bpp_horizontal_pattern_line_draw.c
Building file: ../common/src/gx_display_driver_32bpp_horizontal_pixelmap_line_draw.c
../common/src/gx_display_driver_32bpp_horizontal_pattern_line_draw.c
Building file: ../common/src/gx_display_driver_32bpp_pixel_write.c
Building file: ../common/src/gx_display_driver_32bpp_pixelmap_draw.c
Building file: ../common/src/gx_display_driver_32bpp_pixelmap_rotate.c
../common/src/gx_display_driver_32bpp_horizontal_pixelmap_line_draw.c
../common/src/gx_display_driver_32bpp_pixel_write.c
../common/src/gx_display_driver_32bpp_pixelmap_rotate.c
../common/src/gx_display_driver_32bpp_pixelmap_draw.c
Building file: ../common/src/gx_display_driver_32bpp_row_pitch_get.c
../common/src/gx_display_driver_32bpp_row_pitch_get.c
Building file: ../common/src/gx_display_driver_32bpp_simple_line_draw.c
Building file: ../common/src/gx_display_driver_32bpp_vertical_line_draw.c
../common/src/gx_display_driver_32bpp_simple_line_draw.c
Building file: ../common/src/gx_display_driver_32bpp_vertical_pattern_line_draw.c
Building file: ../common/src/gx_display_driver_332rgb_native_color_get.c
../common/src/gx_display_driver_32bpp_vertical_line_draw.c
../common/src/gx_display_driver_32bpp_vertical_pattern_line_draw.c
Building file: ../common/src/gx_display_driver_332rgb_pixel_blend.c
../common/src/gx_display_driver_332rgb_native_color_get.c
../common/src/gx_display_driver_332rgb_pixel_blend.c
Building file: ../common/src/gx_display_driver_332rgb_pixelmap_draw.c
Building file: ../common/src/gx_display_driver_332rgb_pixelmap_rotate.c
Building file: ../common/src/gx_display_driver_332rgb_setup.c
../common/src/gx_display_driver_332rgb_pixelmap_draw.c
../common/src/gx_display_driver_332rgb_pixelmap_rotate.c
../common/src/gx_display_driver_332rgb_setup.c
Building file: ../common/src/gx_display_driver_4444argb_canvas_blend.c
Building file: ../common/src/gx_display_driver_4444argb_horizontal_pixelmap_line_draw.c
../common/src/gx_display_driver_4444argb_canvas_blend.c
Building file: ../common/src/gx_display_driver_4444argb_native_color_get.c
../common/src/gx_display_driver_4444argb_horizontal_pixelmap_line_draw.c
Building file: ../common/src/gx_display_driver_4444argb_pixel_blend.c
../common/src/gx_display_driver_4444argb_native_color_get.c
../common/src/gx_display_driver_4444argb_pixel_blend.c
Building file: ../common/src/gx_display_driver_4444argb_pixelmap_draw.c
../common/src/gx_display_driver_4444argb_pixelmap_draw.c
Building file: ../common/src/gx_display_driver_4444argb_pixelmap_rotate.c
Building file: ../common/src/gx_display_driver_4bpp_block_move.c
Building file: ../common/src/gx_display_driver_4444argb_setup.c
../common/src/gx_display_driver_4444argb_pixelmap_rotate.c
../common/src/gx_display_driver_4bpp_block_move.c
../common/src/gx_display_driver_4444argb_setup.c
Building file: ../common/src/gx_display_driver_4bpp_glyph_1bit_draw.c
Building file: ../common/src/gx_display_driver_4bpp_canvas_copy.c
Building file: ../common/src/gx_display_driver_4bpp_glyph_4bit_draw.c
Building file: ../common/src/gx_display_driver_4bpp_grayscale_setup.c
../common/src/gx_display_driver_4bpp_glyph_1bit_draw.c
../common/src/gx_display_driver_4bpp_glyph_4bit_draw.c
../common/src/gx_display_driver_4bpp_canvas_copy.c
../common/src/gx_display_driver_4bpp_grayscale_setup.c
Building file: ../common/src/gx_display_driver_4bpp_horizontal_line_draw.c
../common/src/gx_display_driver_4bpp_horizontal_line_draw.c
Building file: ../common/src/gx_display_driver_4bpp_horizontal_pattern_line_draw.c
Building file: ../common/src/gx_display_driver_4bpp_horizontal_pixelmap_line_draw.c
../common/src/gx_display_driver_4bpp_horizontal_pattern_line_draw.c
../common/src/gx_display_driver_4bpp_horizontal_pixelmap_line_draw.c
Building file: ../common/src/gx_display_driver_4bpp_mouse_capture.c
Building file: ../common/src/gx_display_driver_4bpp_mouse_restore.c
Building file: ../common/src/gx_display_driver_4bpp_native_color_get.c
Building file: ../common/src/gx_display_driver_4bpp_pixel_write.c
../common/src/gx_display_driver_4bpp_mouse_capture.c
../common/src/gx_display_driver_4bpp_mouse_restore.c
../common/src/gx_display_driver_4bpp_native_color_get.c
../common/src/gx_display_driver_4bpp_pixel_write.c
Building file: ../common/src/gx_display_driver_4bpp_pixelmap_draw.c
Building file: ../common/src/gx_display_driver_4bpp_pixelmap_rotate.c
Building file: ../common/src/gx_display_driver_4bpp_simple_line_draw.c
Building file: ../common/src/gx_display_driver_4bpp_row_pitch_get.c
../common/src/gx_display_driver_4bpp_pixelmap_draw.c
../common/src/gx_display_driver_4bpp_simple_line_draw.c
Building file: ../common/src/gx_display_driver_4bpp_vertical_line_draw.c
../common/src/gx_display_driver_4bpp_row_pitch_get.c
../common/src/gx_display_driver_4bpp_vertical_line_draw.c
../common/src/gx_display_driver_4bpp_pixelmap_rotate.c
Building file: ../common/src/gx_display_driver_4bpp_vertical_pattern_line_draw.c
../common/src/gx_display_driver_4bpp_vertical_pattern_line_draw.c
Building file: ../common/src/gx_display_driver_565rgb_canvas_blend.c
Building file: ../common/src/gx_display_driver_565rgb_glyph_1bit_draw.c
../common/src/gx_display_driver_565rgb_canvas_blend.c
Building file: ../common/src/gx_display_driver_565rgb_horizontal_pixelmap_line_draw.c
Building file: ../common/src/gx_display_driver_565rgb_jpeg_draw.c
../common/src/gx_display_driver_565rgb_glyph_1bit_draw.c
Building file: ../common/src/gx_display_driver_565rgb_native_color_get.c
../common/src/gx_display_driver_565rgb_horizontal_pixelmap_line_draw.c
../common/src/gx_display_driver_565rgb_native_color_get.c
../common/src/gx_display_driver_565rgb_jpeg_draw.c
Building file: ../common/src/gx_display_driver_565rgb_pixel_blend.c
../common/src/gx_display_driver_565rgb_pixel_blend.c
Building file: ../common/src/gx_display_driver_565rgb_png_draw.c
../common/src/gx_display_driver_565rgb_png_draw.c
Building file: ../common/src/gx_display_driver_565rgb_setup.c
Building file: ../common/src/gx_display_driver_8bit_palette_native_color_get.c
Building file: ../common/src/gx_display_driver_8bit_palette_setup.c
../common/src/gx_display_driver_565rgb_setup.c
Building file: ../common/src/gx_display_driver_8bpp_block_move.c
../common/src/gx_display_driver_8bit_palette_native_color_get.c
../common/src/gx_display_driver_8bit_palette_setup.c
Building file: ../common/src/gx_display_driver_8bpp_canvas_copy.c
../common/src/gx_display_driver_8bpp_block_move.c
../common/src/gx_display_driver_8bpp_canvas_copy.c
Building file: ../common/src/gx_display_driver_8bpp_glyph_1bit_draw.c
../common/src/gx_display_driver_8bpp_glyph_1bit_draw.c
Building file: ../common/src/gx_display_driver_8bpp_glyph_3bit_draw.c
Building file: ../common/src/gx_display_driver_8bpp_glyph_4bit_draw.c
Building file: ../common/src/gx_display_driver_8bpp_horizontal_line_draw.c
../common/src/gx_display_driver_8bpp_glyph_4bit_draw.c
Building file: ../common/src/gx_display_driver_8bpp_horizontal_pattern_line_draw.c
../common/src/gx_display_driver_8bpp_glyph_3bit_draw.c
../common/src/gx_display_driver_8bpp_horizontal_line_draw.c
Building file: ../common/src/gx_display_driver_8bpp_horizontal_pixelmap_line_draw.c
../common/src/gx_display_driver_8bpp_horizontal_pattern_line_draw.c
../common/src/gx_display_driver_8bpp_horizontal_pixelmap_line_draw.c
Building file: ../common/src/gx_display_driver_8bpp_mouse_capture.c
Building file: ../common/src/gx_display_driver_8bpp_mouse_restore.c
../common/src/gx_display_driver_8bpp_mouse_capture.c
Building file: ../common/src/gx_display_driver_8bpp_pixel_write.c
../common/src/gx_display_driver_8bpp_mouse_restore.c
Building file: ../common/src/gx_display_driver_8bpp_pixelmap_blend.c
../common/src/gx_display_driver_8bpp_pixel_write.c
Building file: ../common/src/gx_display_driver_8bpp_pixelmap_draw.c
../common/src/gx_display_driver_8bpp_pixelmap_blend.c
../common/src/gx_display_driver_8bpp_pixelmap_draw.c
Building file: ../common/src/gx_display_driver_8bpp_pixelmap_rotate.c
../common/src/gx_display_driver_8bpp_pixelmap_rotate.c
Building file: ../common/src/gx_display_driver_8bpp_row_pitch_get.c
../common/src/gx_display_driver_8bpp_row_pitch_get.c
Building file: ../common/src/gx_display_driver_8bpp_simple_line_draw.c
Building file: ../common/src/gx_display_driver_8bpp_vertical_line_draw.c
Building file: ../common/src/gx_display_driver_8bpp_vertical_pattern_line_draw.c
Building file: ../common/src/gx_display_driver_arc_clipping_get.c
../common/src/gx_display_driver_8bpp_simple_line_draw.c
../common/src/gx_display_driver_8bpp_vertical_line_draw.c
Building file: ../common/src/gx_display_driver_generic_aliased_arc_draw.c
../common/src/gx_display_driver_8bpp_vertical_pattern_line_draw.c
Building file: ../common/src/gx_display_driver_generic_aliased_circle_draw.c
../common/src/gx_display_driver_arc_clipping_get.c
../common/src/gx_display_driver_generic_aliased_arc_draw.c
../common/src/gx_display_driver_generic_aliased_circle_draw.c
Building file: ../common/src/gx_display_driver_generic_aliased_ellipse_draw.c
../common/src/gx_display_driver_generic_aliased_ellipse_draw.c
Building file: ../common/src/gx_display_driver_generic_aliased_filled_circle_draw.c
../common/src/gx_display_driver_generic_aliased_filled_circle_draw.c
Building file: ../common/src/gx_display_driver_generic_aliased_fixed_point_line_draw.c
Building file: ../common/src/gx_display_driver_generic_aliased_line_draw.c
../common/src/gx_display_driver_generic_aliased_fixed_point_line_draw.c
Building file: ../common/src/gx_display_driver_generic_aliased_wide_arc_draw.c
Building file: ../common/src/gx_display_driver_generic_aliased_wide_circle_draw.c
../common/src/gx_display_driver_generic_aliased_line_draw.c
../common/src/gx_display_driver_generic_aliased_wide_arc_draw.c
../common/src/gx_display_driver_generic_aliased_wide_circle_draw.c
Building file: ../common/src/gx_display_driver_generic_aliased_wide_ellipse_draw.c
Building file: ../common/src/gx_display_driver_generic_aliased_wide_line_draw.c
../common/src/gx_display_driver_generic_aliased_wide_line_draw.c
../common/src/gx_display_driver_generic_aliased_wide_ellipse_draw.c
Building file: ../common/src/gx_display_driver_generic_alphamap_draw.c
Building file: ../common/src/gx_display_driver_generic_arc_draw.c
Building file: ../common/src/gx_display_driver_generic_arc_fill.c
../common/src/gx_display_driver_generic_alphamap_draw.c
../common/src/gx_display_driver_generic_arc_draw.c
../common/src/gx_display_driver_generic_arc_fill.c
Building file: ../common/src/gx_display_driver_generic_circle_draw.c
../common/src/gx_display_driver_generic_circle_draw.c
Building file: ../common/src/gx_display_driver_generic_circle_fill.c
../common/src/gx_display_driver_generic_circle_fill.c
Building file: ../common/src/gx_display_driver_generic_drawing_complete.c
../common/src/gx_display_driver_generic_drawing_complete.c
Building file: ../common/src/gx_display_driver_generic_drawing_initiate.c
Building file: ../common/src/gx_display_driver_generic_ellipse_draw.c
Building file: ../common/src/gx_display_driver_generic_ellipse_fill.c
../common/src/gx_display_driver_generic_drawing_initiate.c
../common/src/gx_display_driver_generic_ellipse_draw.c
Building file: ../common/src/gx_display_driver_generic_filled_circle_draw.c
../common/src/gx_display_driver_generic_ellipse_fill.c
Building file: ../common/src/gx_display_driver_generic_glyph_4bpp_draw.c
../common/src/gx_display_driver_generic_filled_circle_draw.c
../common/src/gx_display_driver_generic_glyph_4bpp_draw.c
Building file: ../common/src/gx_display_driver_generic_glyph_8bpp_draw.c
Building file: ../common/src/gx_display_driver_generic_mouse_cursor_define.c
../common/src/gx_display_driver_generic_glyph_8bpp_draw.c
../common/src/gx_display_driver_generic_mouse_cursor_define.c
Building file: ../common/src/gx_display_driver_generic_mouse_draw.c
../common/src/gx_display_driver_generic_mouse_draw.c
Building file: ../common/src/gx_display_driver_generic_pie_fill.c
Building file: ../common/src/gx_display_driver_generic_mouse_position_set.c
Building file: ../common/src/gx_display_driver_generic_mouse_enable.c
Building file: ../common/src/gx_display_driver_generic_polygon_draw.c
Building file: ../common/src/gx_display_driver_generic_polygon_fill.c
../common/src/gx_display_driver_generic_pie_fill.c
../common/src/gx_display_driver_generic_polygon_fill.c
../common/src/gx_display_driver_generic_mouse_position_set.c
../common/src/gx_display_driver_generic_polygon_draw.c
../common/src/gx_display_driver_generic_mouse_enable.c
Building file: ../common/src/gx_display_driver_generic_simple_pie_fill.c
../common/src/gx_display_driver_generic_simple_pie_fill.c
Building file: ../common/src/gx_display_driver_generic_simple_wide_line_draw.c
Building file: ../common/src/gx_display_driver_generic_wide_arc_draw.c
Building file: ../common/src/gx_display_driver_generic_wide_circle_draw.c
../common/src/gx_display_driver_generic_simple_wide_line_draw.c
../common/src/gx_display_driver_generic_wide_arc_draw.c
Building file: ../common/src/gx_display_driver_generic_wide_ellipse_draw.c
Building file: ../common/src/gx_display_driver_generic_wide_line_fill.c
../common/src/gx_display_driver_generic_wide_circle_draw.c
Building file: ../common/src/gx_display_driver_generic_wide_line_points_calculate.c
../common/src/gx_display_driver_generic_wide_ellipse_draw.c
../common/src/gx_display_driver_generic_wide_line_fill.c
Building file: ../common/src/gx_display_driver_horizontal_line_alpha_draw.c
../common/src/gx_display_driver_generic_wide_line_points_calculate.c
../common/src/gx_display_driver_horizontal_line_alpha_draw.c
Building file: ../common/src/gx_display_driver_monochrome_setup.c
Building file: ../common/src/gx_display_driver_simple_line_alpha_draw.c
../common/src/gx_display_driver_monochrome_setup.c
../common/src/gx_display_driver_simple_line_alpha_draw.c
Building file: ../common/src/gx_display_driver_vertical_line_alpha_draw.c
Building file: ../common/src/gx_display_font_table_set.c
../common/src/gx_display_driver_vertical_line_alpha_draw.c
../common/src/gx_display_font_table_set.c
Building file: ../common/src/gx_display_language_table_get.c
../common/src/gx_display_language_table_get.c
Building file: ../common/src/gx_display_pixelmap_table_set.c
Building file: ../common/src/gx_display_language_table_set.c
../common/src/gx_display_language_table_set.c
../common/src/gx_display_pixelmap_table_set.c
Building file: ../common/src/gx_display_string_get.c
Building file: ../common/src/gx_display_string_table_get.c
Building file: ../common/src/gx_display_theme_install.c
Building file: ../common/src/gx_drop_list_background_draw.c
../common/src/gx_display_string_get.c
../common/src/gx_display_string_table_get.c
../common/src/gx_display_theme_install.c
Building file: ../common/src/gx_drop_list_close.c
Building file: ../common/src/gx_drop_list_create.c
../common/src/gx_drop_list_background_draw.c
../common/src/gx_drop_list_close.c
../common/src/gx_drop_list_create.c
Building file: ../common/src/gx_drop_list_draw.c
../common/src/gx_drop_list_draw.c
Building file: ../common/src/gx_drop_list_event_process.c
Building file: ../common/src/gx_drop_list_open.c
../common/src/gx_drop_list_event_process.c
Building file: ../common/src/gx_drop_list_pixelmap_set.c
../common/src/gx_drop_list_open.c
Building file: ../common/src/gx_drop_list_popup_get.c
Building file: ../common/src/gx_horizontal_list_children_position.c
../common/src/gx_drop_list_pixelmap_set.c
../common/src/gx_drop_list_popup_get.c
Building file: ../common/src/gx_horizontal_list_create.c
../common/src/gx_horizontal_list_children_position.c
Building file: ../common/src/gx_horizontal_list_event_process.c
Building file: ../common/src/gx_horizontal_list_left_wrap.c
../common/src/gx_horizontal_list_create.c
../common/src/gx_horizontal_list_event_process.c
../common/src/gx_horizontal_list_left_wrap.c
Building file: ../common/src/gx_horizontal_list_page_index_set.c
Building file: ../common/src/gx_horizontal_list_right_wrap.c
../common/src/gx_horizontal_list_page_index_set.c
../common/src/gx_horizontal_list_right_wrap.c
Building file: ../common/src/gx_horizontal_list_scroll.c
Building file: ../common/src/gx_horizontal_list_scroll_info_get.c
../common/src/gx_horizontal_list_scroll.c
../common/src/gx_horizontal_list_scroll_info_get.c
Building file: ../common/src/gx_horizontal_list_selected_index_get.c
Building file: ../common/src/gx_horizontal_list_selected_set.c
../common/src/gx_horizontal_list_selected_index_get.c
../common/src/gx_horizontal_list_selected_set.c
Building file: ../common/src/gx_horizontal_list_selected_visible.c
Building file: ../common/src/gx_horizontal_list_selected_widget_get.c
../common/src/gx_horizontal_list_selected_visible.c
../common/src/gx_horizontal_list_selected_widget_get.c
Building file: ../common/src/gx_horizontal_list_slide_back_check.c
Building file: ../common/src/gx_horizontal_list_total_columns_set.c
../common/src/gx_horizontal_list_slide_back_check.c
../common/src/gx_horizontal_list_total_columns_set.c
Building file: ../common/src/gx_horizontal_scrollbar_create.c
Building file: ../common/src/gx_icon_background_draw.c
Building file: ../common/src/gx_icon_button_create.c
../common/src/gx_horizontal_scrollbar_create.c
Building file: ../common/src/gx_icon_button_draw.c
../common/src/gx_icon_background_draw.c
../common/src/gx_icon_button_create.c
Building file: ../common/src/gx_icon_button_pixelmap_set.c
Building file: ../common/src/gx_icon_create.c
../common/src/gx_icon_button_draw.c
../common/src/gx_icon_button_pixelmap_set.c
../common/src/gx_icon_create.c
Building file: ../common/src/gx_icon_draw.c
Building file: ../common/src/gx_icon_event_process.c
../common/src/gx_icon_draw.c
Building file: ../common/src/gx_icon_pixelmap_set.c
Building file: ../common/src/gx_icon_pixelmap_update.c
../common/src/gx_icon_event_process.c
Building file: ../common/src/gx_image_reader_colorspace_convert.c
../common/src/gx_icon_pixelmap_set.c
../common/src/gx_icon_pixelmap_update.c
Building file: ../common/src/gx_image_reader_create.c
../common/src/gx_image_reader_colorspace_convert.c
../common/src/gx_image_reader_create.c
Building file: ../common/src/gx_image_reader_image_decode.c
../common/src/gx_image_reader_image_decode.c
Building file: ../common/src/gx_image_reader_jpeg_decode.c
Building file: ../common/src/gx_image_reader_palette_set.c
Building file: ../common/src/gx_image_reader_pixel_read_callback_set.c
Building file: ../common/src/gx_image_reader_nearest_palette_color_get.c
../common/src/gx_image_reader_jpeg_decode.c
../common/src/gx_image_reader_palette_set.c
../common/src/gx_image_reader_pixel_read_callback_set.c
../common/src/gx_image_reader_nearest_palette_color_get.c
Building file: ../common/src/gx_image_reader_pixel_write_callback_set.c
../common/src/gx_image_reader_pixel_write_callback_set.c
Building file: ../common/src/gx_image_reader_png_decode.c
Building file: ../common/src/gx_image_reader_rle_encode.c
../common/src/gx_image_reader_rle_encode.c
../common/src/gx_image_reader_png_decode.c
Building file: ../common/src/gx_image_reader_start.c
Building file: ../common/src/gx_line_chart_axis_draw.c
../common/src/gx_line_chart_axis_draw.c
../common/src/gx_image_reader_start.c
Building file: ../common/src/gx_line_chart_create.c
Building file: ../common/src/gx_line_chart_data_draw.c
Building file: ../common/src/gx_line_chart_draw.c
Building file: ../common/src/gx_line_chart_update.c
../common/src/gx_line_chart_data_draw.c
../common/src/gx_line_chart_draw.c
../common/src/gx_line_chart_create.c
../common/src/gx_line_chart_update.c
Building file: ../common/src/gx_line_chart_y_scale_calculate.c
../common/src/gx_line_chart_y_scale_calculate.c
Building file: ../common/src/gx_menu_create.c
Building file: ../common/src/gx_menu_draw.c
Building file: ../common/src/gx_menu_insert.c
Building file: ../common/src/gx_menu_position.c
Building file: ../common/src/gx_menu_remove.c
../common/src/gx_menu_draw.c
../common/src/gx_menu_create.c
../common/src/gx_menu_position.c
Building file: ../common/src/gx_menu_text_draw.c
../common/src/gx_menu_insert.c
Building file: ../common/src/gx_menu_text_offset_set.c
../common/src/gx_menu_remove.c
../common/src/gx_menu_text_draw.c
../common/src/gx_menu_text_offset_set.c
Building file: ../common/src/gx_monochrome_driver_disabled_button_line_draw.c
Building file: ../common/src/gx_multi_line_text_button_draw.c
Building file: ../common/src/gx_multi_line_text_button_create.c
../common/src/gx_monochrome_driver_disabled_button_line_draw.c
../common/src/gx_multi_line_text_button_create.c
../common/src/gx_multi_line_text_button_draw.c
Building file: ../common/src/gx_multi_line_text_button_event_process.c
Building file: ../common/src/gx_multi_line_text_button_line_pointers_set.c
Building file: ../common/src/gx_multi_line_text_button_text_draw.c
../common/src/gx_multi_line_text_button_event_process.c
../common/src/gx_multi_line_text_button_line_pointers_set.c
Building file: ../common/src/gx_multi_line_text_button_text_id_set.c
Building file: ../common/src/gx_multi_line_text_button_text_set.c
../common/src/gx_multi_line_text_button_text_draw.c
../common/src/gx_multi_line_text_button_text_id_set.c
Building file: ../common/src/gx_multi_line_text_input_backspace.c
../common/src/gx_multi_line_text_button_text_set.c
../common/src/gx_multi_line_text_input_backspace.c
Building file: ../common/src/gx_multi_line_text_input_buffer_clear.c
Building file: ../common/src/gx_multi_line_text_input_buffer_get.c
../common/src/gx_multi_line_text_input_buffer_clear.c
../common/src/gx_multi_line_text_input_buffer_get.c
Building file: ../common/src/gx_multi_line_text_input_char_insert.c
Building file: ../common/src/gx_multi_line_text_input_char_remove.c
Building file: ../common/src/gx_multi_line_text_input_copy.c
../common/src/gx_multi_line_text_input_char_insert.c
../common/src/gx_multi_line_text_input_char_remove.c
../common/src/gx_multi_line_text_input_copy.c
Building file: ../common/src/gx_multi_line_text_input_create.c
Building file: ../common/src/gx_multi_line_text_input_cursor_pos_calculate.c
../common/src/gx_multi_line_text_input_create.c
Building file: ../common/src/gx_multi_line_text_input_cursor_pos_get.c
../common/src/gx_multi_line_text_input_cursor_pos_calculate.c
Building file: ../common/src/gx_multi_line_text_input_cursor_pos_update.c
Building file: ../common/src/gx_multi_line_text_input_cursor_visible.c
../common/src/gx_multi_line_text_input_cursor_pos_get.c
../common/src/gx_multi_line_text_input_cursor_pos_update.c
../common/src/gx_multi_line_text_input_cursor_visible.c
Building file: ../common/src/gx_multi_line_text_input_cut.c
Building file: ../common/src/gx_multi_line_text_input_delete.c
Building file: ../common/src/gx_multi_line_text_input_down_arrow.c
../common/src/gx_multi_line_text_input_cut.c
Building file: ../common/src/gx_multi_line_text_input_draw.c
../common/src/gx_multi_line_text_input_delete.c
Building file: ../common/src/gx_multi_line_text_input_end.c
../common/src/gx_multi_line_text_input_down_arrow.c
Building file: ../common/src/gx_multi_line_text_input_event_process.c
../common/src/gx_multi_line_text_input_draw.c
../common/src/gx_multi_line_text_input_end.c
../common/src/gx_multi_line_text_input_event_process.c
Building file: ../common/src/gx_multi_line_text_input_fill_color_set.c
Building file: ../common/src/gx_multi_line_text_input_highlight_rectangle_get.c
Building file: ../common/src/gx_multi_line_text_input_home.c
../common/src/gx_multi_line_text_input_fill_color_set.c
Building file: ../common/src/gx_multi_line_text_input_keydown_process.c
../common/src/gx_multi_line_text_input_highlight_rectangle_get.c
Building file: ../common/src/gx_multi_line_text_input_left_arrow.c
../common/src/gx_multi_line_text_input_home.c
../common/src/gx_multi_line_text_input_keydown_process.c
../common/src/gx_multi_line_text_input_left_arrow.c
Building file: ../common/src/gx_multi_line_text_input_mark_down.c
../common/src/gx_multi_line_text_input_mark_down.c
Building file: ../common/src/gx_multi_line_text_input_mark_end.c
Building file: ../common/src/gx_multi_line_text_input_mark_home.c
../common/src/gx_multi_line_text_input_mark_end.c
../common/src/gx_multi_line_text_input_mark_home.c
Building file: ../common/src/gx_multi_line_text_input_mark_previous.c
Building file: ../common/src/gx_multi_line_text_input_mark_next.c
Building file: ../common/src/gx_multi_line_text_input_mark_up.c
../common/src/gx_multi_line_text_input_mark_previous.c
Building file: ../common/src/gx_multi_line_text_input_paste.c
../common/src/gx_multi_line_text_input_mark_next.c
../common/src/gx_multi_line_text_input_mark_up.c
../common/src/gx_multi_line_text_input_paste.c
Building file: ../common/src/gx_multi_line_text_input_style_add.c
Building file: ../common/src/gx_multi_line_text_input_right_arrow.c
../common/src/gx_multi_line_text_input_right_arrow.c
Building file: ../common/src/gx_multi_line_text_input_style_remove.c
Building file: ../common/src/gx_multi_line_text_input_style_set.c
../common/src/gx_multi_line_text_input_style_add.c
../common/src/gx_multi_line_text_input_style_remove.c
../common/src/gx_multi_line_text_input_style_set.c
Building file: ../common/src/gx_multi_line_text_input_text_color_set.c
../common/src/gx_multi_line_text_input_text_color_set.c
Building file: ../common/src/gx_multi_line_text_input_text_rectangle_get.c
Building file: ../common/src/gx_multi_line_text_input_text_select.c
../common/src/gx_multi_line_text_input_text_rectangle_get.c
Building file: ../common/src/gx_multi_line_text_input_text_set.c
../common/src/gx_multi_line_text_input_text_select.c
Building file: ../common/src/gx_multi_line_text_input_up_arrow.c
../common/src/gx_multi_line_text_input_text_set.c
Building file: ../common/src/gx_multi_line_text_view_create.c
../common/src/gx_multi_line_text_input_up_arrow.c
../common/src/gx_multi_line_text_view_create.c
Building file: ../common/src/gx_multi_line_text_view_display_info_get.c
Building file: ../common/src/gx_multi_line_text_view_draw.c
Building file: ../common/src/gx_multi_line_text_view_event_process.c
Building file: ../common/src/gx_multi_line_text_view_font_set.c
../common/src/gx_multi_line_text_view_display_info_get.c
Building file: ../common/src/gx_multi_line_text_view_line_cache_update.c
../common/src/gx_multi_line_text_view_draw.c
../common/src/gx_multi_line_text_view_event_process.c
../common/src/gx_multi_line_text_view_font_set.c
Building file: ../common/src/gx_multi_line_text_view_line_space_set.c
../common/src/gx_multi_line_text_view_line_cache_update.c
Building file: ../common/src/gx_multi_line_text_view_scroll.c
../common/src/gx_multi_line_text_view_line_space_set.c
../common/src/gx_multi_line_text_view_scroll.c
Building file: ../common/src/gx_multi_line_text_view_scroll_info_get.c
Building file: ../common/src/gx_multi_line_text_view_string_total_rows_compute.c
../common/src/gx_multi_line_text_view_scroll_info_get.c
Building file: ../common/src/gx_multi_line_text_view_text_color_set.c
../common/src/gx_multi_line_text_view_string_total_rows_compute.c
Building file: ../common/src/gx_multi_line_text_view_text_draw.c
../common/src/gx_multi_line_text_view_text_color_set.c
../common/src/gx_multi_line_text_view_text_draw.c
Building file: ../common/src/gx_multi_line_text_view_text_id_set.c
../common/src/gx_multi_line_text_view_text_id_set.c
Building file: ../common/src/gx_multi_line_text_view_text_set.c
Building file: ../common/src/gx_multi_line_text_view_visible_rows_compute.c
../common/src/gx_multi_line_text_view_text_set.c
Building file: ../common/src/gx_multi_line_text_view_whitespace_set.c
../common/src/gx_multi_line_text_view_visible_rows_compute.c
Building file: ../common/src/gx_numeric_pixelmap_prompt_create.c
../common/src/gx_multi_line_text_view_whitespace_set.c
Building file: ../common/src/gx_numeric_pixelmap_prompt_format.c
../common/src/gx_numeric_pixelmap_prompt_create.c
Building file: ../common/src/gx_numeric_pixelmap_prompt_format_function_set.c
../common/src/gx_numeric_pixelmap_prompt_format.c
../common/src/gx_numeric_pixelmap_prompt_format_function_set.c
Building file: ../common/src/gx_numeric_pixelmap_prompt_value_set.c
Building file: ../common/src/gx_numeric_prompt_create.c
../common/src/gx_numeric_pixelmap_prompt_value_set.c
Building file: ../common/src/gx_numeric_prompt_format.c
../common/src/gx_numeric_prompt_create.c
../common/src/gx_numeric_prompt_format.c
Building file: ../common/src/gx_numeric_prompt_format_function_set.c
Building file: ../common/src/gx_numeric_prompt_value_set.c
../common/src/gx_numeric_prompt_format_function_set.c
../common/src/gx_numeric_prompt_value_set.c
Building file: ../common/src/gx_numeric_scroll_wheel_create.c
Building file: ../common/src/gx_numeric_scroll_wheel_range_set.c
../common/src/gx_numeric_scroll_wheel_create.c
Building file: ../common/src/gx_numeric_scroll_wheel_text_get.c
../common/src/gx_numeric_scroll_wheel_range_set.c
Building file: ../common/src/gx_pixelmap_button_create.c
../common/src/gx_numeric_scroll_wheel_text_get.c
Building file: ../common/src/gx_pixelmap_button_draw.c
Building file: ../common/src/gx_pixelmap_button_event_process.c
../common/src/gx_pixelmap_button_draw.c
../common/src/gx_pixelmap_button_create.c
../common/src/gx_pixelmap_button_event_process.c
Building file: ../common/src/gx_pixelmap_button_pixelmap_set.c
Building file: ../common/src/gx_pixelmap_button_transparent_detect.c
Building file: ../common/src/gx_pixelmap_prompt_background_draw.c
../common/src/gx_pixelmap_button_pixelmap_set.c
Building file: ../common/src/gx_pixelmap_prompt_create.c
../common/src/gx_pixelmap_button_transparent_detect.c
../common/src/gx_pixelmap_prompt_background_draw.c
Building file: ../common/src/gx_pixelmap_prompt_draw.c
../common/src/gx_pixelmap_prompt_create.c
Building file: ../common/src/gx_pixelmap_prompt_pixelmap_set.c
../common/src/gx_pixelmap_prompt_draw.c
Building file: ../common/src/gx_pixelmap_slider_create.c
Building file: ../common/src/gx_pixelmap_slider_draw.c
../common/src/gx_pixelmap_slider_create.c
../common/src/gx_pixelmap_prompt_pixelmap_set.c
Building file: ../common/src/gx_pixelmap_slider_event_process.c
../common/src/gx_pixelmap_slider_draw.c
../common/src/gx_pixelmap_slider_event_process.c
Building file: ../common/src/gx_pixelmap_slider_pixelmap_set.c
../common/src/gx_pixelmap_slider_pixelmap_set.c
Building file: ../common/src/gx_pixelmap_slider_pixelmap_update.c
Building file: ../common/src/gx_popup_list_event_process.c
Building file: ../common/src/gx_progress_bar_background_draw.c
Building file: ../common/src/gx_progress_bar_create.c
../common/src/gx_progress_bar_create.c
../common/src/gx_progress_bar_background_draw.c
../common/src/gx_pixelmap_slider_pixelmap_update.c
../common/src/gx_popup_list_event_process.c
Building file: ../common/src/gx_progress_bar_draw.c
Building file: ../common/src/gx_progress_bar_event_process.c
../common/src/gx_progress_bar_draw.c
../common/src/gx_progress_bar_event_process.c
Building file: ../common/src/gx_progress_bar_info_set.c
Building file: ../common/src/gx_progress_bar_font_set.c
Building file: ../common/src/gx_progress_bar_pixelmap_set.c
Building file: ../common/src/gx_progress_bar_range_set.c
../common/src/gx_progress_bar_info_set.c
../common/src/gx_progress_bar_font_set.c
../common/src/gx_progress_bar_pixelmap_set.c
../common/src/gx_progress_bar_range_set.c
Building file: ../common/src/gx_progress_bar_text_color_set.c
../common/src/gx_progress_bar_text_color_set.c
Building file: ../common/src/gx_progress_bar_text_draw.c
../common/src/gx_progress_bar_text_draw.c
Building file: ../common/src/gx_progress_bar_value_set.c
Building file: ../common/src/gx_prompt_create.c
Building file: ../common/src/gx_prompt_draw.c
Building file: ../common/src/gx_prompt_event_process.c
../common/src/gx_progress_bar_value_set.c
../common/src/gx_prompt_create.c
../common/src/gx_prompt_draw.c
../common/src/gx_prompt_event_process.c
Building file: ../common/src/gx_prompt_font_set.c
Building file: ../common/src/gx_prompt_text_color_set.c
../common/src/gx_prompt_font_set.c
../common/src/gx_prompt_text_color_set.c
Building file: ../common/src/gx_prompt_text_get.c
Building file: ../common/src/gx_prompt_text_draw.c
Building file: ../common/src/gx_prompt_text_id_set.c
../common/src/gx_prompt_text_draw.c
../common/src/gx_prompt_text_get.c
../common/src/gx_prompt_text_id_set.c
Building file: ../common/src/gx_prompt_text_set.c
Building file: ../common/src/gx_radial_progress_bar_anchor_set.c
../common/src/gx_prompt_text_set.c
../common/src/gx_radial_progress_bar_anchor_set.c
Building file: ../common/src/gx_radial_progress_bar_background_draw.c
../common/src/gx_radial_progress_bar_background_draw.c
Building file: ../common/src/gx_radial_progress_bar_create.c
Building file: ../common/src/gx_radial_progress_bar_draw.c
../common/src/gx_radial_progress_bar_create.c
Building file: ../common/src/gx_radial_progress_bar_event_process.c
../common/src/gx_radial_progress_bar_draw.c
Building file: ../common/src/gx_radial_progress_bar_font_set.c
Building file: ../common/src/gx_radial_progress_bar_info_set.c
../common/src/gx_radial_progress_bar_event_process.c
Building file: ../common/src/gx_radial_progress_bar_resize.c
../common/src/gx_radial_progress_bar_font_set.c
../common/src/gx_radial_progress_bar_info_set.c
../common/src/gx_radial_progress_bar_resize.c
Building file: ../common/src/gx_radial_progress_bar_size_update.c
Building file: ../common/src/gx_radial_progress_bar_text_draw.c
Building file: ../common/src/gx_radial_progress_bar_text_color_set.c
../common/src/gx_radial_progress_bar_size_update.c
../common/src/gx_radial_progress_bar_text_draw.c
../common/src/gx_radial_progress_bar_text_color_set.c
Building file: ../common/src/gx_radial_progress_bar_value_calculate.c
../common/src/gx_radial_progress_bar_value_calculate.c
Building file: ../common/src/gx_radial_progress_bar_value_set.c
Building file: ../common/src/gx_radial_slider_anchor_angle_calculate.c
../common/src/gx_radial_progress_bar_value_set.c
Building file: ../common/src/gx_radial_slider_anchor_angles_set.c
../common/src/gx_radial_slider_anchor_angle_calculate.c
../common/src/gx_radial_slider_anchor_angles_set.c
Building file: ../common/src/gx_radial_slider_angle_calculate.c
Building file: ../common/src/gx_radial_slider_angle_set.c
Building file: ../common/src/gx_radial_slider_animation_set.c
../common/src/gx_radial_slider_angle_calculate.c
../common/src/gx_radial_slider_angle_set.c
../common/src/gx_radial_slider_animation_set.c
Building file: ../common/src/gx_radial_slider_animation_start.c
Building file: ../common/src/gx_radial_slider_animation_update.c
../common/src/gx_radial_slider_animation_start.c
Building file: ../common/src/gx_radial_slider_create.c
../common/src/gx_radial_slider_animation_update.c
Building file: ../common/src/gx_radial_slider_draw.c
../common/src/gx_radial_slider_create.c
../common/src/gx_radial_slider_draw.c
Building file: ../common/src/gx_radial_slider_event_process.c
../common/src/gx_radial_slider_event_process.c
Building file: ../common/src/gx_radial_slider_info_get.c
Building file: ../common/src/gx_radial_slider_info_set.c
Building file: ../common/src/gx_radial_slider_needle_rectangle_calculate.c
../common/src/gx_radial_slider_info_get.c
../common/src/gx_radial_slider_info_set.c
../common/src/gx_radial_slider_needle_rectangle_calculate.c
Building file: ../common/src/gx_radial_slider_pixelmap_set.c
Building file: ../common/src/gx_radio_button_create.c
Building file: ../common/src/gx_radio_button_draw.c
../common/src/gx_radio_button_create.c
../common/src/gx_radial_slider_pixelmap_set.c
../common/src/gx_radio_button_draw.c
Building file: ../common/src/gx_radio_button_pixelmap_set.c
../common/src/gx_radio_button_pixelmap_set.c
Building file: ../common/src/gx_rich_text_view_context_pop.c
Building file: ../common/src/gx_rich_text_view_context_peek.c
../common/src/gx_rich_text_view_context_pop.c
../common/src/gx_rich_text_view_context_peek.c
Building file: ../common/src/gx_rich_text_view_context_reset.c
Building file: ../common/src/gx_rich_text_view_context_push.c
../common/src/gx_rich_text_view_context_reset.c
../common/src/gx_rich_text_view_context_push.c
Building file: ../common/src/gx_rich_text_view_context_restore.c
../common/src/gx_rich_text_view_context_restore.c
Building file: ../common/src/gx_rich_text_view_context_save.c
Building file: ../common/src/gx_rich_text_view_create.c
../common/src/gx_rich_text_view_context_save.c
Building file: ../common/src/gx_rich_text_view_draw.c
../common/src/gx_rich_text_view_create.c
../common/src/gx_rich_text_view_draw.c
Building file: ../common/src/gx_rich_text_view_fonts_set.c
Building file: ../common/src/gx_rich_text_view_line_info_get.c
../common/src/gx_rich_text_view_fonts_set.c
Building file: ../common/src/gx_rich_text_view_scroll_info_get.c
../common/src/gx_rich_text_view_line_info_get.c
../common/src/gx_rich_text_view_scroll_info_get.c
Building file: ../common/src/gx_rich_text_view_tag_enter.c
../common/src/gx_rich_text_view_tag_enter.c
Building file: ../common/src/gx_rich_text_view_text_draw.c
../common/src/gx_rich_text_view_text_draw.c
Building file: ../common/src/gx_rich_text_view_text_total_height_calculate.c
Building file: ../common/src/gx_screen_stack_create.c
../common/src/gx_rich_text_view_text_total_height_calculate.c
../common/src/gx_screen_stack_create.c
Building file: ../common/src/gx_screen_stack_pop.c
../common/src/gx_screen_stack_pop.c
Building file: ../common/src/gx_screen_stack_push.c
../common/src/gx_screen_stack_push.c
Building file: ../common/src/gx_screen_stack_reset.c
Building file: ../common/src/gx_scroll_thumb_create.c
Building file: ../common/src/gx_scroll_thumb_draw.c
../common/src/gx_screen_stack_reset.c
Building file: ../common/src/gx_scroll_thumb_event_process.c
../common/src/gx_scroll_thumb_create.c
../common/src/gx_scroll_thumb_draw.c
Building file: ../common/src/gx_scroll_thumb_shift_limit.c
Building file: ../common/src/gx_scroll_wheel_create.c
../common/src/gx_scroll_thumb_event_process.c
../common/src/gx_scroll_thumb_shift_limit.c
../common/src/gx_scroll_wheel_create.c
Building file: ../common/src/gx_scroll_wheel_event_process.c
../common/src/gx_scroll_wheel_event_process.c
Building file: ../common/src/gx_scroll_wheel_gradient_alpha_set.c
Building file: ../common/src/gx_scroll_wheel_gradient_create.c
[...]
Building file: ../common/core/src/ux_device_stack_interface_set.c
Building file: ../common/core/src/ux_device_stack_interface_start.c
../common/core/src/ux_device_stack_interface_set.c
Building file: ../common/core/src/ux_device_stack_microsoft_extension_register.c
../common/core/src/ux_device_stack_interface_start.c
../common/core/src/ux_device_stack_microsoft_extension_register.c
Building file: ../common/core/src/ux_device_stack_set_feature.c
../common/core/src/ux_device_stack_set_feature.c
Building file: ../common/core/src/ux_device_stack_transfer_abort.c
Building file: ../common/core/src/ux_device_stack_transfer_all_request_abort.c
Building file: ../common/core/src/ux_device_stack_transfer_request.c
../common/core/src/ux_device_stack_transfer_abort.c
Building file: ../common/core/src/ux_device_stack_uninitialize.c
../common/core/src/ux_device_stack_transfer_all_request_abort.c
../common/core/src/ux_device_stack_transfer_request.c
Building file: ../common/core/src/ux_hcd_sim_host_asynch_queue_process.c
Building file: ../common/core/src/ux_hcd_sim_host_asynch_schedule.c
Building file: ../common/core/src/ux_hcd_sim_host_asynchronous_endpoint_create.c
../common/core/src/ux_device_stack_uninitialize.c
../common/core/src/ux_hcd_sim_host_asynch_queue_process.c
Building file: ../common/core/src/ux_hcd_sim_host_asynchronous_endpoint_destroy.c
../common/core/src/ux_hcd_sim_host_asynch_schedule.c
Building file: ../common/core/src/ux_hcd_sim_host_controller_disable.c
Building file: ../common/core/src/ux_hcd_sim_host_ed_obtain.c
../common/core/src/ux_hcd_sim_host_asynchronous_endpoint_create.c
../common/core/src/ux_hcd_sim_host_asynchronous_endpoint_destroy.c
Building file: ../common/core/src/ux_hcd_sim_host_ed_td_clean.c
../common/core/src/ux_hcd_sim_host_controller_disable.c
../common/core/src/ux_hcd_sim_host_ed_obtain.c
../common/core/src/ux_hcd_sim_host_ed_td_clean.c
Building file: ../common/core/src/ux_hcd_sim_host_endpoint_reset.c
Building file: ../common/core/src/ux_hcd_sim_host_entry.c
../common/core/src/ux_hcd_sim_host_endpoint_reset.c
Building file: ../common/core/src/ux_hcd_sim_host_frame_number_get.c
Building file: ../common/core/src/ux_hcd_sim_host_frame_number_set.c
../common/core/src/ux_hcd_sim_host_entry.c
../common/core/src/ux_hcd_sim_host_frame_number_get.c
Building file: ../common/core/src/ux_hcd_sim_host_initialize.c
../common/core/src/ux_hcd_sim_host_frame_number_set.c
Building file: ../common/core/src/ux_hcd_sim_host_interrupt_endpoint_create.c
../common/core/src/ux_hcd_sim_host_interrupt_endpoint_create.c
../common/core/src/ux_hcd_sim_host_initialize.c
Building file: ../common/core/src/ux_hcd_sim_host_iso_queue_process.c
Building file: ../common/core/src/ux_hcd_sim_host_iso_schedule.c
../common/core/src/ux_hcd_sim_host_iso_queue_process.c
../common/core/src/ux_hcd_sim_host_iso_schedule.c
Building file: ../common/core/src/ux_hcd_sim_host_isochronous_endpoint_create.c
Building file: ../common/core/src/ux_hcd_sim_host_isochronous_td_obtain.c
../common/core/src/ux_hcd_sim_host_isochronous_endpoint_create.c
Building file: ../common/core/src/ux_hcd_sim_host_least_traffic_list_get.c
../common/core/src/ux_hcd_sim_host_isochronous_td_obtain.c
../common/core/src/ux_hcd_sim_host_least_traffic_list_get.c
Building file: ../common/core/src/ux_hcd_sim_host_periodic_endpoint_destroy.c
../common/core/src/ux_hcd_sim_host_periodic_endpoint_destroy.c
Building file: ../common/core/src/ux_hcd_sim_host_periodic_schedule.c
Building file: ../common/core/src/ux_hcd_sim_host_periodic_tree_create.c
Building file: ../common/core/src/ux_hcd_sim_host_port_reset.c
../common/core/src/ux_hcd_sim_host_periodic_schedule.c
Building file: ../common/core/src/ux_hcd_sim_host_port_status_get.c
../common/core/src/ux_hcd_sim_host_periodic_tree_create.c
../common/core/src/ux_hcd_sim_host_port_reset.c
../common/core/src/ux_hcd_sim_host_port_status_get.c
Building file: ../common/core/src/ux_hcd_sim_host_regular_td_obtain.c
../common/core/src/ux_hcd_sim_host_regular_td_obtain.c
Building file: ../common/core/src/ux_hcd_sim_host_request_bulk_transfer.c
../common/core/src/ux_hcd_sim_host_request_bulk_transfer.c
Building file: ../common/core/src/ux_hcd_sim_host_request_control_transfer.c
Building file: ../common/core/src/ux_hcd_sim_host_request_interupt_transfer.c
Building file: ../common/core/src/ux_hcd_sim_host_request_isochronous_transfer.c
../common/core/src/ux_hcd_sim_host_request_control_transfer.c
../common/core/src/ux_hcd_sim_host_request_interupt_transfer.c
../common/core/src/ux_hcd_sim_host_request_isochronous_transfer.c
Building file: ../common/core/src/ux_hcd_sim_host_request_transfer.c
../common/core/src/ux_hcd_sim_host_request_transfer.c
Building file: ../common/core/src/ux_hcd_sim_host_timer_function.c
Building file: ../common/core/src/ux_hcd_sim_host_transaction_schedule.c
../common/core/src/ux_hcd_sim_host_transaction_schedule.c
../common/core/src/ux_hcd_sim_host_timer_function.c
Building file: ../common/core/src/ux_hcd_sim_host_transfer_abort.c
../common/core/src/ux_hcd_sim_host_transfer_abort.c
Building file: ../common/core/src/ux_host_class_dpump_activate.c
Building file: ../common/core/src/ux_host_class_dpump_configure.c
Building file: ../common/core/src/ux_host_class_dpump_deactivate.c
Building file: ../common/core/src/ux_host_class_dpump_endpoints_get.c
../common/core/src/ux_host_class_dpump_activate.c
../common/core/src/ux_host_class_dpump_configure.c
../common/core/src/ux_host_class_dpump_deactivate.c
Building file: ../common/core/src/ux_host_class_dpump_entry.c
Building file: ../common/core/src/ux_host_class_dpump_ioctl.c
../common/core/src/ux_host_class_dpump_endpoints_get.c
../common/core/src/ux_host_class_dpump_ioctl.c
../common/core/src/ux_host_class_dpump_entry.c
Building file: ../common/core/src/ux_host_class_dpump_read.c
Building file: ../common/core/src/ux_host_class_dpump_write.c
../common/core/src/ux_host_class_dpump_read.c
Building file: ../common/core/src/ux_host_stack_bandwidth_check.c
Building file: ../common/core/src/ux_host_stack_bandwidth_claim.c
../common/core/src/ux_host_class_dpump_write.c
Building file: ../common/core/src/ux_host_stack_bandwidth_release.c
../common/core/src/ux_host_stack_bandwidth_check.c
../common/core/src/ux_host_stack_bandwidth_claim.c
../common/core/src/ux_host_stack_bandwidth_release.c
Building file: ../common/core/src/ux_host_stack_class_call.c
Building file: ../common/core/src/ux_host_stack_class_get.c
Building file: ../common/core/src/ux_host_stack_class_device_scan.c
../common/core/src/ux_host_stack_class_call.c
../common/core/src/ux_host_stack_class_get.c
../common/core/src/ux_host_stack_class_device_scan.c
Building file: ../common/core/src/ux_host_stack_class_instance_create.c
../common/core/src/ux_host_stack_class_instance_create.c
Building file: ../common/core/src/ux_host_stack_class_instance_destroy.c
Building file: ../common/core/src/ux_host_stack_class_instance_get.c
Building file: ../common/core/src/ux_host_stack_class_instance_verify.c
../common/core/src/ux_host_stack_class_instance_destroy.c
../common/core/src/ux_host_stack_class_instance_get.c
../common/core/src/ux_host_stack_class_instance_verify.c
Building file: ../common/core/src/ux_host_stack_class_interface_scan.c
../common/core/src/ux_host_stack_class_interface_scan.c
Building file: ../common/core/src/ux_host_stack_class_register.c
Building file: ../common/core/src/ux_host_stack_class_unregister.c
Building file: ../common/core/src/ux_host_stack_configuration_descriptor_parse.c
../common/core/src/ux_host_stack_class_register.c
../common/core/src/ux_host_stack_class_unregister.c
Building file: ../common/core/src/ux_host_stack_configuration_enumerate.c
../common/core/src/ux_host_stack_configuration_descriptor_parse.c
../common/core/src/ux_host_stack_configuration_enumerate.c
Building file: ../common/core/src/ux_host_stack_configuration_instance_create.c
../common/core/src/ux_host_stack_configuration_instance_create.c
Building file: ../common/core/src/ux_host_stack_configuration_instance_delete.c
../common/core/src/ux_host_stack_configuration_instance_delete.c
Building file: ../common/core/src/ux_host_stack_configuration_interface_get.c
Building file: ../common/core/src/ux_host_stack_configuration_set.c
Building file: ../common/core/src/ux_host_stack_device_address_set.c
../common/core/src/ux_host_stack_configuration_interface_get.c
Building file: ../common/core/src/ux_host_stack_delay_ms.c
../common/core/src/ux_host_stack_configuration_set.c
../common/core/src/ux_host_stack_device_address_set.c
../common/core/src/ux_host_stack_delay_ms.c
Building file: ../common/core/src/ux_host_stack_device_configuration_get.c
Building file: ../common/core/src/ux_host_stack_device_configuration_reset.c
Building file: ../common/core/src/ux_host_stack_device_configuration_select.c
../common/core/src/ux_host_stack_device_configuration_get.c
../common/core/src/ux_host_stack_device_configuration_reset.c
Building file: ../common/core/src/ux_host_stack_device_descriptor_read.c
../common/core/src/ux_host_stack_device_configuration_select.c
Building file: ../common/core/src/ux_host_stack_device_remove.c
Building file: ../common/core/src/ux_host_stack_device_get.c
Building file: ../common/core/src/ux_host_stack_device_resources_free.c
../common/core/src/ux_host_stack_device_descriptor_read.c
../common/core/src/ux_host_stack_device_get.c
../common/core/src/ux_host_stack_device_remove.c
../common/core/src/ux_host_stack_device_resources_free.c
Building file: ../common/core/src/ux_host_stack_endpoint_instance_create.c
../common/core/src/ux_host_stack_endpoint_instance_create.c
Building file: ../common/core/src/ux_host_stack_endpoint_instance_delete.c
Building file: ../common/core/src/ux_host_stack_endpoint_reset.c
../common/core/src/ux_host_stack_endpoint_instance_delete.c
../common/core/src/ux_host_stack_endpoint_reset.c
Building file: ../common/core/src/ux_host_stack_endpoint_transfer_abort.c
../common/core/src/ux_host_stack_endpoint_transfer_abort.c
Building file: ../common/core/src/ux_host_stack_enum_thread_entry.c
Building file: ../common/core/src/ux_host_stack_hcd_register.c
Building file: ../common/core/src/ux_host_stack_hcd_thread_entry.c
../common/core/src/ux_host_stack_enum_thread_entry.c
../common/core/src/ux_host_stack_hcd_register.c
../common/core/src/ux_host_stack_hcd_thread_entry.c
Building file: ../common/core/src/ux_host_stack_hcd_transfer_request.c
Building file: ../common/core/src/ux_host_stack_hcd_unregister.c
Building file: ../common/core/src/ux_host_stack_hnp_polling_thread_entry.c
Building file: ../common/core/src/ux_host_stack_initialize.c
../common/core/src/ux_host_stack_hcd_unregister.c
../common/core/src/ux_host_stack_hcd_transfer_request.c
../common/core/src/ux_host_stack_hnp_polling_thread_entry.c
Building file: ../common/core/src/ux_host_stack_interface_instance_create.c
../common/core/src/ux_host_stack_initialize.c
Building file: ../common/core/src/ux_host_stack_interface_instance_delete.c
Building file: ../common/core/src/ux_host_stack_interface_endpoint_get.c
../common/core/src/ux_host_stack_interface_instance_create.c
../common/core/src/ux_host_stack_interface_instance_delete.c
Building file: ../common/core/src/ux_host_stack_interface_set.c
../common/core/src/ux_host_stack_interface_endpoint_get.c
Building file: ../common/core/src/ux_host_stack_interface_setting_select.c
../common/core/src/ux_host_stack_interface_set.c
../common/core/src/ux_host_stack_interface_setting_select.c
Building file: ../common/core/src/ux_host_stack_interfaces_scan.c
../common/core/src/ux_host_stack_interfaces_scan.c
Building file: ../common/core/src/ux_host_stack_new_configuration_create.c
Building file: ../common/core/src/ux_host_stack_new_device_create.c
Building file: ../common/core/src/ux_host_stack_new_device_get.c
../common/core/src/ux_host_stack_new_configuration_create.c
../common/core/src/ux_host_stack_new_device_create.c
../common/core/src/ux_host_stack_new_device_get.c
Building file: ../common/core/src/ux_host_stack_new_endpoint_create.c
../common/core/src/ux_host_stack_new_endpoint_create.c
Building file: ../common/core/src/ux_host_stack_new_interface_create.c
Building file: ../common/core/src/ux_host_stack_rh_change_process.c
Building file: ../common/core/src/ux_host_stack_rh_device_extraction.c
Building file: ../common/core/src/ux_host_stack_rh_device_insertion.c
../common/core/src/ux_host_stack_new_interface_create.c
Building file: ../common/core/src/ux_host_stack_role_swap.c
../common/core/src/ux_host_stack_rh_change_process.c
../common/core/src/ux_host_stack_rh_device_extraction.c
../common/core/src/ux_host_stack_rh_device_insertion.c
../common/core/src/ux_host_stack_role_swap.c
Building file: ../common/core/src/ux_host_stack_transfer_request.c
Building file: ../common/core/src/ux_host_stack_transfer_request_abort.c
../common/core/src/ux_host_stack_transfer_request.c
Building file: ../common/core/src/ux_host_stack_uninitialize.c
../common/core/src/ux_host_stack_transfer_request_abort.c
../common/core/src/ux_host_stack_uninitialize.c
Building file: ../common/core/src/ux_system_error_handler.c
../common/core/src/ux_system_error_handler.c
Building file: ../common/core/src/ux_system_initialize.c
Building file: ../common/core/src/ux_system_uninitialize.c
Building file: ../common/core/src/ux_trace_event_insert.c
../common/core/src/ux_system_uninitialize.c
../common/core/src/ux_system_initialize.c
Building file: ../common/core/src/ux_trace_event_update.c
../common/core/src/ux_trace_event_insert.c
Building file: ../common/core/src/ux_trace_object_register.c
../common/core/src/ux_trace_object_register.c
Building file: ../common/core/src/ux_trace_object_unregister.c
../common/core/src/ux_trace_event_update.c
../common/core/src/ux_trace_object_unregister.c
Building file: ../common/core/src/ux_utility_debug_callback_register.c
../common/core/src/ux_utility_debug_callback_register.c
Building file: ../common/core/src/ux_utility_debug_log.c
Building file: ../common/core/src/ux_utility_delay_ms.c
Building file: ../common/core/src/ux_utility_descriptor_pack.c
../common/core/src/ux_utility_debug_log.c
Building file: ../common/core/src/ux_utility_descriptor_parse.c
../common/core/src/ux_utility_delay_ms.c
../common/core/src/ux_utility_descriptor_pack.c
Building file: ../common/core/src/ux_utility_error_callback_register.c
Building file: ../common/core/src/ux_utility_event_flags_create.c
../common/core/src/ux_utility_descriptor_parse.c
Building file: ../common/core/src/ux_utility_event_flags_delete.c
../common/core/src/ux_utility_event_flags_create.c
../common/core/src/ux_utility_error_callback_register.c
../common/core/src/ux_utility_event_flags_delete.c
Building file: ../common/core/src/ux_utility_event_flags_get.c
Building file: ../common/core/src/ux_utility_event_flags_set.c
../common/core/src/ux_utility_event_flags_set.c
../common/core/src/ux_utility_event_flags_get.c
Building file: ../common/core/src/ux_utility_long_get.c
Building file: ../common/core/src/ux_utility_long_get_big_endian.c
Building file: ../common/core/src/ux_utility_long_put_big_endian.c
../common/core/src/ux_utility_long_get.c
Building file: ../common/core/src/ux_utility_long_put.c
Building file: ../common/core/src/ux_utility_memory_allocate.c
../common/core/src/ux_utility_long_put.c
../common/core/src/ux_utility_long_put_big_endian.c
../common/core/src/ux_utility_long_get_big_endian.c
../common/core/src/ux_utility_memory_allocate.c
Building file: ../common/core/src/ux_utility_memory_allocate_add_safe.c
../common/core/src/ux_utility_memory_allocate_add_safe.c
Building file: ../common/core/src/ux_utility_memory_allocate_mulc_safe.c
Building file: ../common/core/src/ux_utility_memory_allocate_mulv_safe.c
../common/core/src/ux_utility_memory_allocate_mulv_safe.c
../common/core/src/ux_utility_memory_allocate_mulc_safe.c
Building file: ../common/core/src/ux_utility_memory_compare.c
Building file: ../common/core/src/ux_utility_memory_copy.c
Building file: ../common/core/src/ux_utility_memory_free.c
../common/core/src/ux_utility_memory_compare.c
../common/core/src/ux_utility_memory_copy.c
Building file: ../common/core/src/ux_utility_memory_free_block_best_get.c
../common/core/src/ux_utility_memory_free.c
Building file: ../common/core/src/ux_utility_memory_set.c
../common/core/src/ux_utility_memory_free_block_best_get.c
../common/core/src/ux_utility_memory_set.c
Building file: ../common/core/src/ux_utility_mutex_create.c
Building file: ../common/core/src/ux_utility_mutex_delete.c
Building file: ../common/core/src/ux_utility_mutex_off.c
../common/core/src/ux_utility_mutex_create.c
../common/core/src/ux_utility_mutex_delete.c
Building file: ../common/core/src/ux_utility_mutex_on.c
Building file: ../common/core/src/ux_utility_pci_class_scan.c
../common/core/src/ux_utility_mutex_off.c
../common/core/src/ux_utility_mutex_on.c
Building file: ../common/core/src/ux_utility_pci_read.c
../common/core/src/ux_utility_pci_class_scan.c
../common/core/src/ux_utility_pci_read.c
Building file: ../common/core/src/ux_utility_pci_write.c
Building file: ../common/core/src/ux_utility_physical_address.c
../common/core/src/ux_utility_pci_write.c
Building file: ../common/core/src/ux_utility_semaphore_create.c
Building file: ../common/core/src/ux_utility_semaphore_delete.c
../common/core/src/ux_utility_physical_address.c
../common/core/src/ux_utility_semaphore_delete.c
../common/core/src/ux_utility_semaphore_create.c
Building file: ../common/core/src/ux_utility_semaphore_get.c
Building file: ../common/core/src/ux_utility_semaphore_put.c
Building file: ../common/core/src/ux_utility_set_interrupt_handler.c
../common/core/src/ux_utility_semaphore_get.c
../common/core/src/ux_utility_semaphore_put.c
../common/core/src/ux_utility_set_interrupt_handler.c
Building file: ../common/core/src/ux_utility_short_get.c
../common/core/src/ux_utility_short_get.c
Building file: ../common/core/src/ux_utility_short_get_big_endian.c
../common/core/src/ux_utility_short_get_big_endian.c
Building file: ../common/core/src/ux_utility_short_put.c
Building file: ../common/core/src/ux_utility_short_put_big_endian.c
../common/core/src/ux_utility_short_put.c
../common/core/src/ux_utility_short_put_big_endian.c
Building file: ../common/core/src/ux_utility_string_length_check.c
Building file: ../common/core/src/ux_utility_string_length_get.c
../common/core/src/ux_utility_string_length_check.c
Building file: ../common/core/src/ux_utility_string_to_unicode.c
Building file: ../common/core/src/ux_utility_thread_create.c
Building file: ../common/core/src/ux_utility_thread_delete.c
../common/core/src/ux_utility_string_length_get.c
../common/core/src/ux_utility_thread_create.c
../common/core/src/ux_utility_string_to_unicode.c
Building file: ../common/core/src/ux_utility_thread_identify.c
Building file: ../common/core/src/ux_utility_thread_relinquish.c
../common/core/src/ux_utility_thread_delete.c
../common/core/src/ux_utility_thread_relinquish.c
Building file: ../common/core/src/ux_utility_thread_resume.c
../common/core/src/ux_utility_thread_identify.c
../common/core/src/ux_utility_thread_resume.c
Building file: ../common/core/src/ux_utility_thread_schedule_other.c
../common/core/src/ux_utility_thread_schedule_other.c
Building file: ../common/core/src/ux_utility_thread_sleep.c
Building file: ../common/core/src/ux_utility_thread_suspend.c
../common/core/src/ux_utility_thread_sleep.c
../common/core/src/ux_utility_thread_suspend.c
Building file: ../common/core/src/ux_utility_timer_create.c
Building file: ../common/core/src/ux_utility_timer_delete.c
Building file: ../common/core/src/ux_utility_unicode_to_string.c
../common/core/src/ux_utility_timer_create.c
../common/core/src/ux_utility_timer_delete.c
../common/core/src/ux_utility_unicode_to_string.c
Building file: ../common/core/src/ux_utility_virtual_address.c
../common/core/src/ux_utility_virtual_address.c
Building target: libusbx.a
arm-none-eabi-ar: creating libusbx.a
