01:18:15 **** Incremental Build of configuration RZA1H Debug for project r_sample_threadx ****
make -r -j12 all 
Building file: ../src/sample_threadx.c
../src/sample_threadx.c
Building target: r_sample_threadx.elf
arm-none-eabi-objcopy -O srec "r_sample_threadx.elf"  "r_sample_threadx.srec"
arm-none-eabi-size --format=berkeley "r_sample_threadx.elf"
   text	   data	    bss	    dec	    hex	filename
 145252	  10784	2670708	2826744	 2b21f8	r_sample_threadx.elf

01:18:15 Build Finished. 0 errors, 0 warnings. (took 453ms)

