13:38:41 **** Incremental Build of configuration RZA1H Debug for project r_sample_threadx ****
make -r -j12 all 
Building file: ../src/mylib/mylib.c
Building file: ../src/sample_threadx.c
../src/mylib/mylib.c
../src/sample_threadx.c
Building target: r_sample_threadx.elf
arm-none-eabi-objcopy -O srec "r_sample_threadx.elf"  "r_sample_threadx.srec"
arm-none-eabi-size --format=berkeley "r_sample_threadx.elf"
   text	   data	    bss	    dec	    hex	filename
 145820	  10792	2670712	2827324	 2b243c	r_sample_threadx.elf

13:38:42 Build Finished. 0 errors, 0 warnings. (took 561ms)

